Archive member included because of file (symbol)

c:/PSDK3v2/ps3dev/portlibs/ppu/lib\libtiny3d.a(matrix.o)
                              main.o (MatrixMultiply)
c:/PSDK3v2/ps3dev/portlibs/ppu/lib\libtiny3d.a(tiny3d.o)
                              main.o (tiny3d_Init)
c:/PSDK3v2/ps3dev/portlibs/ppu/lib\libtiny3d.a(vshader_text_normal.vcg.o)
                              c:/PSDK3v2/ps3dev/portlibs/ppu/lib\libtiny3d.a(tiny3d.o) (vshader_text_normal_bin)
c:/PSDK3v2/ps3dev/portlibs/ppu/lib\libtiny3d.a(commands.o)
                              c:/PSDK3v2/ps3dev/portlibs/ppu/lib\libtiny3d.a(tiny3d.o) (rsxtiny_MakeCmdSpace)
c:/PSDK3v2/ps3dev/portlibs/ppu/lib\libtiny3d.a(glue.o)
                              c:/PSDK3v2/ps3dev/portlibs/ppu/lib\libtiny3d.a(tiny3d.o) (rsxtiny_FlushBuffer)
c:/PSDK3v2/ps3dev/portlibs/ppu/lib\libtiny3d.a(mm.o)
                              c:/PSDK3v2/ps3dev/portlibs/ppu/lib\libtiny3d.a(tiny3d.o) (rsxtiny_MemAlign)
c:/PSDK3v2/ps3dev/portlibs/ppu/lib\libtiny3d.a(realityVP.o)
                              c:/PSDK3v2/ps3dev/portlibs/ppu/lib\libtiny3d.a(commands.o) (rsxtiny_VertexProgramGetUCode)
c:/PSDK3v2/ps3dev/portlibs/ppu/lib\libtiny3d.a(rsxutil.o)
                              c:/PSDK3v2/ps3dev/portlibs/ppu/lib\libtiny3d.a(tiny3d.o) (waitFlip)
c:/PSDK3v2/ps3dev/portlibs/ppu/lib\libtiny3d.a(buffer.o)
                              c:/PSDK3v2/ps3dev/portlibs/ppu/lib\libtiny3d.a(commands.o) (tiny_rsxContextCallback)
c:/PSDK3v2/psl1ght/ppu/lib\libgcm_sys.a(sprx.o)
                              c:/PSDK3v2/ps3dev/portlibs/ppu/lib\libtiny3d.a(rsxutil.o) (gcmSetFlip)
c:/PSDK3v2/psl1ght/ppu/lib\libio.a(sprx.o)
                              main.o (ioPadInit)
c:/PSDK3v2/psl1ght/ppu/lib\libsysutil.a(sprx.o)
                              c:/PSDK3v2/ps3dev/portlibs/ppu/lib\libtiny3d.a(rsxutil.o) (videoConfigure)
c:/PSDK3v2/psl1ght/ppu/lib\libsysutil.a(sysutil_wrapper.o)
                              c:/PSDK3v2/ps3dev/portlibs/ppu/lib\libtiny3d.a(tiny3d.o) (sysUtilRegisterCallback)
c:/PSDK3v2/psl1ght/ppu/lib\librt.a(sbrk.o)
                              c:/psdk3v2/ps3dev/ppu/bin/../lib/gcc/powerpc64-ps3-elf/4.5.2/../../../../powerpc64-ps3-elf/lib/lv2-crt0.o (__librt_sbrk_r)
c:/PSDK3v2/psl1ght/ppu/lib\librt.a(exit.o)
                              c:/psdk3v2/ps3dev/ppu/bin/../lib/gcc/powerpc64-ps3-elf/4.5.2/../../../../powerpc64-ps3-elf/lib/lv2-crt0.o (__librt_exit)
c:/PSDK3v2/psl1ght/ppu/lib\librt.a(close.o)
                              c:/psdk3v2/ps3dev/ppu/bin/../lib/gcc/powerpc64-ps3-elf/4.5.2/../../../../powerpc64-ps3-elf/lib/lv2-crt0.o (__librt_close_r)
c:/PSDK3v2/psl1ght/ppu/lib\librt.a(lseek.o)
                              c:/psdk3v2/ps3dev/ppu/bin/../lib/gcc/powerpc64-ps3-elf/4.5.2/../../../../powerpc64-ps3-elf/lib/lv2-crt0.o (__librt_lseek_r)
c:/PSDK3v2/psl1ght/ppu/lib\librt.a(read.o)
                              c:/psdk3v2/ps3dev/ppu/bin/../lib/gcc/powerpc64-ps3-elf/4.5.2/../../../../powerpc64-ps3-elf/lib/lv2-crt0.o (__librt_read_r)
c:/PSDK3v2/psl1ght/ppu/lib\librt.a(open.o)
                              c:/psdk3v2/ps3dev/ppu/bin/../lib/gcc/powerpc64-ps3-elf/4.5.2/../../../../powerpc64-ps3-elf/lib/lv2-crt0.o (__librt_open_r)
c:/PSDK3v2/psl1ght/ppu/lib\librt.a(sleep.o)
                              c:/psdk3v2/ps3dev/ppu/bin/../lib/gcc/powerpc64-ps3-elf/4.5.2/../../../../powerpc64-ps3-elf/lib/lv2-crt0.o (__librt_usleep_r)
c:/PSDK3v2/psl1ght/ppu/lib\librt.a(write.o)
                              c:/psdk3v2/ps3dev/ppu/bin/../lib/gcc/powerpc64-ps3-elf/4.5.2/../../../../powerpc64-ps3-elf/lib/lv2-crt0.o (__librt_write_r)
c:/PSDK3v2/psl1ght/ppu/lib\librt.a(fstat.o)
                              c:/psdk3v2/ps3dev/ppu/bin/../lib/gcc/powerpc64-ps3-elf/4.5.2/../../../../powerpc64-ps3-elf/lib/lv2-crt0.o (__librt_fstat_r)
c:/PSDK3v2/psl1ght/ppu/lib\librt.a(socket.o)
                              c:/PSDK3v2/psl1ght/ppu/lib\librt.a(write.o) (send)
c:/PSDK3v2/psl1ght/ppu/lib\librt.a(lock.o)
                              c:/psdk3v2/ps3dev/ppu/bin/../lib/gcc/powerpc64-ps3-elf/4.5.2/../../../../powerpc64-ps3-elf/lib/lv2-crt0.o (__librt_sys_lwmutex_create_r)
c:/PSDK3v2/psl1ght/ppu/lib\librt.a(dirent.o)
                              c:/psdk3v2/ps3dev/ppu/bin/../lib/gcc/powerpc64-ps3-elf/4.5.2/../../../../powerpc64-ps3-elf/lib/lv2-crt0.o (__librt_opendir_r)
c:/PSDK3v2/psl1ght/ppu/lib\librt.a(mkdir.o)
                              c:/psdk3v2/ps3dev/ppu/bin/../lib/gcc/powerpc64-ps3-elf/4.5.2/../../../../powerpc64-ps3-elf/lib/lv2-crt0.o (__librt_mkdir_r)
c:/PSDK3v2/psl1ght/ppu/lib\librt.a(times.o)
                              c:/psdk3v2/ps3dev/ppu/bin/../lib/gcc/powerpc64-ps3-elf/4.5.2/../../../../powerpc64-ps3-elf/lib/lv2-crt0.o (__librt_times_r)
c:/PSDK3v2/psl1ght/ppu/lib\librt.a(umask.o)
                              c:/psdk3v2/ps3dev/ppu/bin/../lib/gcc/powerpc64-ps3-elf/4.5.2/../../../../powerpc64-ps3-elf/lib/lv2-crt0.o (__librt_umask_r)
c:/PSDK3v2/psl1ght/ppu/lib\librt.a(lv2errno.o)
[...]
Memory Configuration

Name             Origin             Length             Attributes
*default*        0x0000000000000000 0xffffffffffffffff

Linker script and memory map

                0x0000000000010000                PROVIDE (__executable_start, 0x10000)
                0x0000000000010200                . = (0x10000 + SIZEOF_HEADERS)

.interp
 *(.interp)

.hash
 *(.hash)

.dynsym
 *(.dynsym)

.dynstr
 *(.dynstr)

.gnu.version
 *(.gnu.version)

.gnu.version_d
 *(.gnu.version_d)

.gnu.version_r
 *(.gnu.version_r)

.rel.dyn
 *(.rel.init)
 *(.rel.text .rel.text.* .rel.gnu.linkonce.t.*)
 *(.rel.fini)
 *(.rel.rodata .rel.rodata.* .rel.gnu.linkonce.r.*)
 *(.rel.data.rel.ro*)
 *(.rel.data .rel.data.* .rel.gnu.linkonce.d.*)
 *(.rel.tdata .rel.tdata.* .rel.gnu.linkonce.td.*)
 *(.rel.tbss .rel.tbss.* .rel.gnu.linkonce.tb.*)
 *(.rel.ctors)
 *(.rel.dtors)
 *(.rel.got)
 *(.rel.sdata .rel.sdata.* .rel.gnu.linkonce.s.*)
 *(.rel.sbss .rel.sbss.* .rel.gnu.linkonce.sb.*)
 *(.rel.sdata2 .rel.sdata2.* .rel.gnu.linkonce.s2.*)
 *(.rel.sbss2 .rel.sbss2.* .rel.gnu.linkonce.sb2.*)
 *(.rel.bss .rel.bss.* .rel.gnu.linkonce.b.*)

.rela.dyn       0x0000000000010200        0x0
 *(.rela.init)
 *(.rela.text .rela.text.* .rela.gnu.linkonce.t.*)
 *(.rela.fini)
 *(.rela.rodata .rela.rodata.* .rela.gnu.linkonce.r.*)
 *(.rela.data .rela.data.* .rela.gnu.linkonce.d.*)
 *(.rela.tdata .rela.tdata.* .rela.gnu.linkonce.td.*)
 *(.rela.tbss .rela.tbss.* .rela.gnu.linkonce.tb.*)
 *(.rela.ctors)
 *(.rela.dtors)
 *(.rela.got)
 *(.rela.toc)
 .rela.toc      0x0000000000000000        0x0 linker stubs
 *(.rela.sdata .rela.sdata.* .rela.gnu.linkonce.s.*)
 *(.rela.sbss .rela.sbss.* .rela.gnu.linkonce.sb.*)
 *(.rela.sdata2 .rela.sdata2.* .rela.gnu.linkonce.s2.*)
 *(.rela.sbss2 .rela.sbss2.* .rela.gnu.linkonce.sb2.*)
 *(.rela.bss .rela.bss.* .rela.gnu.linkonce.b.*)
 .rela.iplt     0x0000000000000000        0x0 linker stubs
 .rela.sys_proc_prx_param
                0x0000000000000000        0x0 linker stubs
 .rela.opd      0x0000000000000000        0x0 linker stubs

.rel.plt
 *(.rel.plt)

.rela.plt
 *(.rela.plt)

.rela.tocbss
 *(.rela.tocbss)

.init           0x0000000000010200       0x2c
 *(.init)
 .init          0x0000000000010200        0xc c:/psdk3v2/ps3dev/ppu/bin/../lib/gcc/powerpc64-ps3-elf/4.5.2/../../../../powerpc64-ps3-elf/lib/lv2-crti.o
                0x0000000000010200                ._init
 .init          0x000000000001020c        0x8 c:/psdk3v2/ps3dev/ppu/bin/../lib/gcc/powerpc64-ps3-elf/4.5.2/crtbegin.o
 .init          0x0000000000010214        0x8 c:/psdk3v2/ps3dev/ppu/bin/../lib/gcc/powerpc64-ps3-elf/4.5.2/crtend.o
 .init          0x000000000001021c       0x10 c:/psdk3v2/ps3dev/ppu/bin/../lib/gcc/powerpc64-ps3-elf/4.5.2/../../../../powerpc64-ps3-elf/lib/lv2-crtn.o

.text           0x0000000000010230    0x20314
 *(.text .stub .text.* .gnu.linkonce.t.*)
 .text          0x0000000000010230        0x0 c:/psdk3v2/ps3dev/ppu/bin/../lib/gcc/powerpc64-ps3-elf/4.5.2/../../../../powerpc64-ps3-elf/lib/lv2-crti.o
 .text          0x0000000000010230        0x0 c:/psdk3v2/ps3dev/ppu/bin/../lib/gcc/powerpc64-ps3-elf/4.5.2/crtbegin.o
 .text.__do_global_dtors_aux
                0x0000000000010230       0xc8 c:/psdk3v2/ps3dev/ppu/bin/../lib/gcc/powerpc64-ps3-elf/4.5.2/crtbegin.o
 .text.frame_dummy
                0x00000000000102f8       0x70 c:/psdk3v2/ps3dev/ppu/bin/../lib/gcc/powerpc64-ps3-elf/4.5.2/crtbegin.o
 .text          0x0000000000010368       0x58 c:/psdk3v2/ps3dev/ppu/bin/../lib/gcc/powerpc64-ps3-elf/4.5.2/../../../../powerpc64-ps3-elf/lib/lv2-crt0.o
                0x0000000000010368                ._start
 .text.__syscalls_init
                0x00000000000103c0      0x15c c:/psdk3v2/ps3dev/ppu/bin/../lib/gcc/powerpc64-ps3-elf/4.5.2/../../../../powerpc64-ps3-elf/lib/lv2-crt0.o
 *fill*         0x000000000001051c        0x4 60000000
 .text._initialize
                0x0000000000010520       0x40 c:/psdk3v2/ps3dev/ppu/bin/../lib/gcc/powerpc64-ps3-elf/4.5.2/../../../../powerpc64-ps3-elf/lib/lv2-crt0.o
                0x0000000000010520                ._initialize
 .text          0x0000000000010560        0x0 c:/psdk3v2/ps3dev/ppu/bin/../lib/gcc/powerpc64-ps3-elf/4.5.2/../../../../powerpc64-ps3-elf/lib/lv2-sprx.o
 .text          0x0000000000010560        0x0 ghost1_png.bin.o
 .text          0x0000000000010560        0x0 ghost2_png.bin.o
 .text          0x0000000000010560        0x0 ghost3_png.bin.o
 .text          0x0000000000010560        0x0 ghost4_png.bin.o
 .text          0x0000000000010560        0x0 ghost5_png.bin.o
 .text          0x0000000000010560        0x0 ghost6_png.bin.o
 .text          0x0000000000010560        0x0 ghost7_png.bin.o
 .text          0x0000000000010560        0x0 ghost8_png.bin.o
 .text          0x0000000000010560        0x0 main.o
 .text.exiting  0x0000000000010560       0x34 main.o
                0x0000000000010560                .exiting
 *fill*         0x0000000000010594        0x4 60000000
 .text.DrawBackground2D
                0x0000000000010598       0xdc main.o
                0x0000000000010598                .DrawBackground2D
 *fill*         0x0000000000010674        0x4 60000000
 .text.DrawSprites2D
                0x0000000000010678      0x148 main.o
                0x0000000000010678                .DrawSprites2D
 .text.DrawSpritesRot2D
                0x00000000000107c0      0x284 main.o
                0x00000000000107c0                .DrawSpritesRot2D
 *fill*         0x0000000000010a44        0x4 60000000
 .text.drawScene
                0x0000000000010a48      0x2ac main.o
                0x0000000000010a48                .drawScene
 *fill*         0x0000000000010cf4        0x4 60000000
 .text.Load_PNG
                0x0000000000010cf8       0xf4 main.o
                0x0000000000010cf8                .Load_PNG
 *fill*         0x0000000000010dec        0x4 60000000
 .text.LoadTexture
                0x0000000000010df0       0xf8 main.o
                0x0000000000010df0                .LoadTexture
 .text.main     0x0000000000010ee8      0x17c main.o
                0x0000000000010ee8                .main
 .text          0x0000000000011064        0x0 c:/PSDK3v2/ps3dev/portlibs/ppu/lib\libtiny3d.a(matrix.o)
 *fill*         0x0000000000011064        0x4 60000000
 .text.MatrixProjPerspective
                0x0000000000011068      0x120 c:/PSDK3v2/ps3dev/portlibs/ppu/lib\libtiny3d.a(matrix.o)
                0x0000000000011068                .MatrixProjPerspective
 .text.MatrixVectorMultiply
                0x0000000000011188       0xa8 c:/PSDK3v2/ps3dev/portlibs/ppu/lib\libtiny3d.a(matrix.o)
                0x0000000000011188                .MatrixVectorMultiply
 .text.MatrixVectorMultiply3x3
                0x0000000000011230       0x90 c:/PSDK3v2/ps3dev/portlibs/ppu/lib\libtiny3d.a(matrix.o)
                0x0000000000011230                .MatrixVectorMultiply3x3
 .text.MatrixMultiply
                0x00000000000112c0      0x3d8 c:/PSDK3v2/ps3dev/portlibs/ppu/lib\libtiny3d.a(matrix.o)
                0x00000000000112c0                .MatrixMultiply
 .text.MatrixIdentity
                0x0000000000011698       0x54 c:/PSDK3v2/ps3dev/portlibs/ppu/lib\libtiny3d.a(matrix.o)
                0x0000000000011698                .MatrixIdentity
 *fill*         0x00000000000116ec        0x4 60000000
 .text.MatrixTranslation
                0x00000000000116f0       0x58 c:/PSDK3v2/ps3dev/portlibs/ppu/lib\libtiny3d.a(matrix.o)
                0x00000000000116f0                .MatrixTranslation
 .text.MatrixTranspose
                0x0000000000011748       0xb0 c:/PSDK3v2/ps3dev/portlibs/ppu/lib\libtiny3d.a(matrix.o)
                0x0000000000011748                .MatrixTranspose
 .text.MatrixScale
                0x00000000000117f8       0x60 c:/PSDK3v2/ps3dev/portlibs/ppu/lib\libtiny3d.a(matrix.o)
                0x00000000000117f8                .MatrixScale
 .text.MatrixRotationX
                0x0000000000011858       0xfc c:/PSDK3v2/ps3dev/portlibs/ppu/lib\libtiny3d.a(matrix.o)
                0x0000000000011858                .MatrixRotationX
 *fill*         0x0000000000011954        0x4 60000000
 .text.MatrixRotationY
                0x0000000000011958       0xfc c:/PSDK3v2/ps3dev/portlibs/ppu/lib\libtiny3d.a(matrix.o)
                0x0000000000011958                .MatrixRotationY
 *fill*         0x0000000000011a54        0x4 60000000
 .text.MatrixRotationZ
                0x0000000000011a58       0xdc c:/PSDK3v2/ps3dev/portlibs/ppu/lib\libtiny3d.a(matrix.o)
                0x0000000000011a58                .MatrixRotationZ
 *fill*         0x0000000000011b34        0x4 60000000
 .text.MatrixRotationAxis
                0x0000000000011b38      0x2dc c:/PSDK3v2/ps3dev/portlibs/ppu/lib\libtiny3d.a(matrix.o)
                0x0000000000011b38                .MatrixRotationAxis
 *fill*         0x0000000000011e14        0x4 60000000
 .text.VectorToUnit
                0x0000000000011e18       0xbc c:/PSDK3v2/ps3dev/portlibs/ppu/lib\libtiny3d.a(matrix.o)
                0x0000000000011e18                .VectorToUnit
 *fill*         0x0000000000011ed4        0x4 60000000
 .text.VectorNormalPlane
                0x0000000000011ed8       0xd8 c:/PSDK3v2/ps3dev/portlibs/ppu/lib\libtiny3d.a(matrix.o)
                0x0000000000011ed8                .VectorNormalPlane
 .text.MakeLookAtMatrix
                0x0000000000011fb0      0x2ec c:/PSDK3v2/ps3dev/portlibs/ppu/lib\libtiny3d.a(matrix.o)
                0x0000000000011fb0                .MakeLookAtMatrix
 .text          0x000000000001229c        0x0 c:/PSDK3v2/ps3dev/portlibs/ppu/lib\libtiny3d.a(tiny3d.o)
 *fill*         0x000000000001229c        0x4 60000000
 .text.push_list_cmd
                0x00000000000122a0      0x154 c:/PSDK3v2/ps3dev/portlibs/ppu/lib\libtiny3d.a(tiny3d.o)
 *fill*         0x00000000000123f4        0x4 60000000
 .text.rsxtiny_SetVertexProgramConstant3f
                0x00000000000123f8       0x58 c:/PSDK3v2/ps3dev/portlibs/ppu/lib\libtiny3d.a(tiny3d.o)
 .text.Update_With_Normal
                0x0000000000012450      0x2a0 c:/PSDK3v2/ps3dev/portlibs/ppu/lib\libtiny3d.a(tiny3d.o)
 .text.set_shader_context
                0x00000000000126f0      0x398 c:/PSDK3v2/ps3dev/portlibs/ppu/lib\libtiny3d.a(tiny3d.o)
 .text.put_vertex
                0x0000000000012a88      0x258 c:/PSDK3v2/ps3dev/portlibs/ppu/lib\libtiny3d.a(tiny3d.o)
 .text.push_normal_list
                0x0000000000012ce0      0x1c4 c:/PSDK3v2/ps3dev/portlibs/ppu/lib\libtiny3d.a(tiny3d.o)
 *fill*         0x0000000000012ea4        0x4 60000000
 .text.push_position_list
                0x0000000000012ea8      0x1f0 c:/PSDK3v2/ps3dev/portlibs/ppu/lib\libtiny3d.a(tiny3d.o)
 .text.tiny3d_callback
                0x0000000000013098      0x1a0 c:/PSDK3v2/ps3dev/portlibs/ppu/lib\libtiny3d.a(tiny3d.o)
 .text.tiny3d_Exit
                0x0000000000013238      0x1ec c:/PSDK3v2/ps3dev/portlibs/ppu/lib\libtiny3d.a(tiny3d.o)
                0x0000000000013238                .tiny3d_Exit
 *fill*         0x0000000000013424        0x4 60000000
 .text.tiny3d_alarm
                0x0000000000013428       0x10 c:/PSDK3v2/ps3dev/portlibs/ppu/lib\libtiny3d.a(tiny3d.o)
                0x0000000000013428                .tiny3d_alarm
 .text.tiny3d_RecordList
                0x0000000000013438       0xa4 c:/PSDK3v2/ps3dev/portlibs/ppu/lib\libtiny3d.a(tiny3d.o)
                0x0000000000013438                .tiny3d_RecordList
 *fill*         0x00000000000134dc        0x4 60000000
 .text.tiny3d_StopList
                0x00000000000134e0      0x138 c:/PSDK3v2/ps3dev/portlibs/ppu/lib\libtiny3d.a(tiny3d.o)
                0x00000000000134e0                .tiny3d_StopList
 .text.tiny3d_FreeList
                0x0000000000013618       0xcc c:/PSDK3v2/ps3dev/portlibs/ppu/lib\libtiny3d.a(tiny3d.o)
                0x0000000000013618                .tiny3d_FreeList
 *fill*         0x00000000000136e4        0x4 60000000
 .text.tiny3d_DynamicMatrixList
                0x00000000000136e8       0xec c:/PSDK3v2/ps3dev/portlibs/ppu/lib\libtiny3d.a(tiny3d.o)
                0x00000000000136e8                .tiny3d_DynamicMatrixList
 *fill*         0x00000000000137d4        0x4 60000000
 .text.tiny3d_ApplyMatrixList
                0x00000000000137d8       0xc8 c:/PSDK3v2/ps3dev/portlibs/ppu/lib\libtiny3d.a(tiny3d.o)
                0x00000000000137d8                .tiny3d_ApplyMatrixList
 .text.tiny3d_Init
                0x00000000000138a0      0x4ec c:/PSDK3v2/ps3dev/portlibs/ppu/lib\libtiny3d.a(tiny3d.o)
                0x00000000000138a0                .tiny3d_Init
 *fill*         0x0000000000013d8c        0x4 60000000
 .text.tiny3d_SetPolygon
                0x0000000000013d90      0x228 c:/PSDK3v2/ps3dev/portlibs/ppu/lib\libtiny3d.a(tiny3d.o)
                0x0000000000013d90                .tiny3d_SetPolygon
 .text.tiny3d_VertexPos
                0x0000000000013fb8       0xcc c:/PSDK3v2/ps3dev/portlibs/ppu/lib\libtiny3d.a(tiny3d.o)
                0x0000000000013fb8                .tiny3d_VertexPos
 *fill*         0x0000000000014084        0x4 60000000
 .text.tiny3d_VertexPos4
                0x0000000000014088       0xd0 c:/PSDK3v2/ps3dev/portlibs/ppu/lib\libtiny3d.a(tiny3d.o)
                0x0000000000014088                .tiny3d_VertexPos4
 .text.tiny3d_VertexPosVector
                0x0000000000014158       0xe0 c:/PSDK3v2/ps3dev/portlibs/ppu/lib\libtiny3d.a(tiny3d.o)
                0x0000000000014158                .tiny3d_VertexPosVector
 .text.tiny3d_VertexColor
                0x0000000000014238       0xb4 c:/PSDK3v2/ps3dev/portlibs/ppu/lib\libtiny3d.a(tiny3d.o)
                0x0000000000014238                .tiny3d_VertexColor
 *fill*         0x00000000000142ec        0x4 60000000
 .text.tiny3d_VertexFcolor
                0x00000000000142f0      0x104 c:/PSDK3v2/ps3dev/portlibs/ppu/lib\libtiny3d.a(tiny3d.o)
                0x00000000000142f0                .tiny3d_VertexFcolor
 *fill*         0x00000000000143f4        0x4 60000000
 .text.tiny3d_VertexTexture
                0x00000000000143f8       0xbc c:/PSDK3v2/ps3dev/portlibs/ppu/lib\libtiny3d.a(tiny3d.o)
                0x00000000000143f8                .tiny3d_VertexTexture
 *fill*         0x00000000000144b4        0x4 60000000
 .text.tiny3d_VertexTexture2
                0x00000000000144b8       0xcc c:/PSDK3v2/ps3dev/portlibs/ppu/lib\libtiny3d.a(tiny3d.o)
                0x00000000000144b8                .tiny3d_VertexTexture2
 *fill*         0x0000000000014584        0x4 60000000
 .text.tiny3d_Normal
                0x0000000000014588       0x48 c:/PSDK3v2/ps3dev/portlibs/ppu/lib\libtiny3d.a(tiny3d.o)
                0x0000000000014588                .tiny3d_Normal
 .text.tiny3d_NormalVector
                0x00000000000145d0       0x58 c:/PSDK3v2/ps3dev/portlibs/ppu/lib\libtiny3d.a(tiny3d.o)
                0x00000000000145d0                .tiny3d_NormalVector
 .text.tiny3d_End
                0x0000000000014628      0x690 c:/PSDK3v2/ps3dev/portlibs/ppu/lib\libtiny3d.a(tiny3d.o)
                0x0000000000014628                .tiny3d_End
 .text.tiny3d_SetMatrixModelView
                0x0000000000014cb8      0x278 c:/PSDK3v2/ps3dev/portlibs/ppu/lib\libtiny3d.a(tiny3d.o)
                0x0000000000014cb8                .tiny3d_SetMatrixModelView
 .text.tiny3d_SetProjectionMatrix
                0x0000000000014f30       0xd8 c:/PSDK3v2/ps3dev/portlibs/ppu/lib\libtiny3d.a(tiny3d.o)
                0x0000000000014f30                .tiny3d_SetProjectionMatrix
 .text.tiny3d_Flip
                0x0000000000015008       0xf8 c:/PSDK3v2/ps3dev/portlibs/ppu/lib\libtiny3d.a(tiny3d.o)
                0x0000000000015008                .tiny3d_Flip
 .text.tiny3d_UserViewport
                0x0000000000015100       0x5c c:/PSDK3v2/ps3dev/portlibs/ppu/lib\libtiny3d.a(tiny3d.o)
                0x0000000000015100                .tiny3d_UserViewport
 *fill*         0x000000000001515c        0x4 60000000
 .text.tiny3d_UserViewport2
                0x0000000000015160       0x58 c:/PSDK3v2/ps3dev/portlibs/ppu/lib\libtiny3d.a(tiny3d.o)
                0x0000000000015160                .tiny3d_UserViewport2
 .text.tiny3d_UserViewportSurface
                0x00000000000151b8       0x28 c:/PSDK3v2/ps3dev/portlibs/ppu/lib\libtiny3d.a(tiny3d.o)
                0x00000000000151b8                .tiny3d_UserViewportSurface
 .text.tiny3d_Project2D
                0x00000000000151e0      0x310 c:/PSDK3v2/ps3dev/portlibs/ppu/lib\libtiny3d.a(tiny3d.o)
                0x00000000000151e0                .tiny3d_Project2D
 .text.tiny3d_Project3D
                0x00000000000154f0      0x254 c:/PSDK3v2/ps3dev/portlibs/ppu/lib\libtiny3d.a(tiny3d.o)
                0x00000000000154f0                .tiny3d_Project3D
 *fill*         0x0000000000015744        0x4 60000000
 .text.tiny3d_Clear
                0x0000000000015748      0x330 c:/PSDK3v2/ps3dev/portlibs/ppu/lib\libtiny3d.a(tiny3d.o)
                0x0000000000015748                .tiny3d_Clear
 .text.tiny3d_ClearSurface
                0x0000000000015a78      0x204 c:/PSDK3v2/ps3dev/portlibs/ppu/lib\libtiny3d.a(tiny3d.o)
                0x0000000000015a78                .tiny3d_ClearSurface
 *fill*         0x0000000000015c7c        0x4 60000000
 .text.tiny3d_AlphaTest
                0x0000000000015c80       0x88 c:/PSDK3v2/ps3dev/portlibs/ppu/lib\libtiny3d.a(tiny3d.o)
                0x0000000000015c80                .tiny3d_AlphaTest
 .text.tiny3d_BlendFunc
                0x0000000000015d08       0x84 c:/PSDK3v2/ps3dev/portlibs/ppu/lib\libtiny3d.a(tiny3d.o)
                0x0000000000015d08                .tiny3d_BlendFunc
 *fill*         0x0000000000015d8c        0x4 60000000
 .text.tiny3d_SetTextureWrap
                0x0000000000015d90      0x288 c:/PSDK3v2/ps3dev/portlibs/ppu/lib\libtiny3d.a(tiny3d.o)
                0x0000000000015d90                .tiny3d_SetTextureWrap
 .text.tiny3d_SetTexture
                0x0000000000016018      0x1e4 c:/PSDK3v2/ps3dev/portlibs/ppu/lib\libtiny3d.a(tiny3d.o)
                0x0000000000016018                .tiny3d_SetTexture
 *fill*         0x00000000000161fc        0x4 60000000
 .text.tiny3d_AllocTexture
                0x0000000000016200       0x38 c:/PSDK3v2/ps3dev/portlibs/ppu/lib\libtiny3d.a(tiny3d.o)
                0x0000000000016200                .tiny3d_AllocTexture
 .text.tiny3d_TextureOffset
                0x0000000000016238       0x40 c:/PSDK3v2/ps3dev/portlibs/ppu/lib\libtiny3d.a(tiny3d.o)
                0x0000000000016238                .tiny3d_TextureOffset
 .text.tiny3d_EmissiveMaterial
                0x0000000000016278       0xf4 c:/PSDK3v2/ps3dev/portlibs/ppu/lib\libtiny3d.a(tiny3d.o)
                0x0000000000016278                .tiny3d_EmissiveMaterial
 *fill*         0x000000000001636c        0x4 60000000
 .text.tiny3d_AmbientMaterial
                0x0000000000016370       0xf4 c:/PSDK3v2/ps3dev/portlibs/ppu/lib\libtiny3d.a(tiny3d.o)
                0x0000000000016370                .tiny3d_AmbientMaterial
 *fill*         0x0000000000016464        0x4 60000000
 .text.tiny3d_DiffuseMaterial
                0x0000000000016468       0xf4 c:/PSDK3v2/ps3dev/portlibs/ppu/lib\libtiny3d.a(tiny3d.o)
                0x0000000000016468                .tiny3d_DiffuseMaterial
 *fill*         0x000000000001655c        0x4 60000000
 .text.tiny3d_SpecularMaterial
                0x0000000000016560       0xf4 c:/PSDK3v2/ps3dev/portlibs/ppu/lib\libtiny3d.a(tiny3d.o)
                0x0000000000016560                .tiny3d_SpecularMaterial
 *fill*         0x0000000000016654        0x4 60000000
 .text.tiny3d_SetLightCameraPosition
                0x0000000000016658       0x38 c:/PSDK3v2/ps3dev/portlibs/ppu/lib\libtiny3d.a(tiny3d.o)
                0x0000000000016658                .tiny3d_SetLightCameraPosition
 .text.tiny3d_SetLight
                0x0000000000016690       0x90 c:/PSDK3v2/ps3dev/portlibs/ppu/lib\libtiny3d.a(tiny3d.o)
                0x0000000000016690                .tiny3d_SetLight
 .text.tiny3d_SetLightsOff
                0x0000000000016720       0x38 c:/PSDK3v2/ps3dev/portlibs/ppu/lib\libtiny3d.a(tiny3d.o)
                0x0000000000016720                .tiny3d_SetLightsOff
 .text.tiny3d_SetAmbientLight
                0x0000000000016758       0x38 c:/PSDK3v2/ps3dev/portlibs/ppu/lib\libtiny3d.a(tiny3d.o)
                0x0000000000016758                .tiny3d_SetAmbientLight
 .text.tiny3d_SelMultiTexturesMethod
                0x0000000000016790       0xac c:/PSDK3v2/ps3dev/portlibs/ppu/lib\libtiny3d.a(tiny3d.o)
                0x0000000000016790                .tiny3d_SelMultiTexturesMethod
 *fill*         0x000000000001683c        0x4 60000000
 .text.tiny3d_DrawList
                0x0000000000016840      0x65c c:/PSDK3v2/ps3dev/portlibs/ppu/lib\libtiny3d.a(tiny3d.o)
                0x0000000000016840                .tiny3d_DrawList
 *fill*         0x0000000000016e9c        0x4 60000000
 .text.tiny3d_MenuActive
                0x0000000000016ea0       0x1c c:/PSDK3v2/ps3dev/portlibs/ppu/lib\libtiny3d.a(tiny3d.o)
                0x0000000000016ea0                .tiny3d_MenuActive
 *fill*         0x0000000000016ebc        0x4 60000000
 .text.tiny3d_Enable_YUV
                0x0000000000016ec0       0x2c c:/PSDK3v2/ps3dev/portlibs/ppu/lib\libtiny3d.a(tiny3d.o)
                0x0000000000016ec0                .tiny3d_Enable_YUV
 *fill*         0x0000000000016eec        0x4 60000000
 .text.tiny3d_Disable_YUV
                0x0000000000016ef0       0x28 c:/PSDK3v2/ps3dev/portlibs/ppu/lib\libtiny3d.a(tiny3d.o)
                0x0000000000016ef0                .tiny3d_Disable_YUV
 .text.tiny3d_Dirty_Status
                0x0000000000016f18       0x78 c:/PSDK3v2/ps3dev/portlibs/ppu/lib\libtiny3d.a(tiny3d.o)
                0x0000000000016f18                .tiny3d_Dirty_Status
 .text.tiny3d_Get_GCM_Context
                0x0000000000016f90       0x18 c:/PSDK3v2/ps3dev/portlibs/ppu/lib\libtiny3d.a(tiny3d.o)
                0x0000000000016f90                .tiny3d_Get_GCM_Context
 .text.tiny3d_DoCmd_Space
                0x0000000000016fa8       0x4c c:/PSDK3v2/ps3dev/portlibs/ppu/lib\libtiny3d.a(tiny3d.o)
                0x0000000000016fa8                .tiny3d_DoCmd_Space
 .text          0x0000000000016ff4        0x0 c:/PSDK3v2/ps3dev/portlibs/ppu/lib\libtiny3d.a(vshader_text_normal.vcg.o)
 .text          0x0000000000016ff4        0x0 c:/PSDK3v2/ps3dev/portlibs/ppu/lib\libtiny3d.a(commands.o)
 *fill*         0x0000000000016ff4        0x4 60000000
 .text.rsxtiny_MakeCmdSpace
                0x0000000000016ff8       0xec c:/PSDK3v2/ps3dev/portlibs/ppu/lib\libtiny3d.a(commands.o)
                0x0000000000016ff8                .rsxtiny_MakeCmdSpace
 *fill*         0x00000000000170e4        0x4 60000000
 .text.rsxtiny_SetReferenceCommand
                0x00000000000170e8      0x10c c:/PSDK3v2/ps3dev/portlibs/ppu/lib\libtiny3d.a(commands.o)
                0x00000000000170e8                .rsxtiny_SetReferenceCommand
 *fill*         0x00000000000171f4        0x4 60000000
 .text.rsxtiny_SetWriteBackendLabel
                0x00000000000171f8      0x154 c:/PSDK3v2/ps3dev/portlibs/ppu/lib\libtiny3d.a(commands.o)
                0x00000000000171f8                .rsxtiny_SetWriteBackendLabel
 *fill*         0x000000000001734c        0x4 60000000
 .text.rsxtiny_SetWaitLabel
                0x0000000000017350      0x134 c:/PSDK3v2/ps3dev/portlibs/ppu/lib\libtiny3d.a(commands.o)
                0x0000000000017350                .rsxtiny_SetWaitLabel
 *fill*         0x0000000000017484        0x4 60000000
 .text.rsxtiny_SetScissor
                0x0000000000017488      0x154 c:/PSDK3v2/ps3dev/portlibs/ppu/lib\libtiny3d.a(commands.o)
                0x0000000000017488                .rsxtiny_SetScissor
 *fill*         0x00000000000175dc        0x4 60000000
 .text.rsxtiny_SetClearColor
                0x00000000000175e0      0x10c c:/PSDK3v2/ps3dev/portlibs/ppu/lib\libtiny3d.a(commands.o)
                0x00000000000175e0                .rsxtiny_SetClearColor
 *fill*         0x00000000000176ec        0x4 60000000
 .text.rsxtiny_SetClearDepthValue
                0x00000000000176f0      0x10c c:/PSDK3v2/ps3dev/portlibs/ppu/lib\libtiny3d.a(commands.o)
                0x00000000000176f0                .rsxtiny_SetClearDepthValue
 *fill*         0x00000000000177fc        0x4 60000000
 .text.rsxtiny_Nop
                0x0000000000017800       0xfc c:/PSDK3v2/ps3dev/portlibs/ppu/lib\libtiny3d.a(commands.o)
                0x0000000000017800                .rsxtiny_Nop
 *fill*         0x00000000000178fc        0x4 60000000
 .text.rsxtiny_ClearBuffers
                0x0000000000017900      0x12c c:/PSDK3v2/ps3dev/portlibs/ppu/lib\libtiny3d.a(commands.o)
                0x0000000000017900                .rsxtiny_ClearBuffers
 *fill*         0x0000000000017a2c        0x4 60000000
 .text.rsxtiny_SetRenderSurface
                0x0000000000017a30      0x17c c:/PSDK3v2/ps3dev/portlibs/ppu/lib\libtiny3d.a(commands.o)
                0x0000000000017a30                .rsxtiny_SetRenderSurface
 *fill*         0x0000000000017bac        0x4 60000000
 .text.rsxtiny_SelectRenderTarget
                0x0000000000017bb0      0x204 c:/PSDK3v2/ps3dev/portlibs/ppu/lib\libtiny3d.a(commands.o)
                0x0000000000017bb0                .rsxtiny_SelectRenderTarget
 *fill*         0x0000000000017db4        0x4 60000000
 .text.rsxtiny_Viewport
                0x0000000000017db8      0x12c c:/PSDK3v2/ps3dev/portlibs/ppu/lib\libtiny3d.a(commands.o)
                0x0000000000017db8                .rsxtiny_Viewport
 *fill*         0x0000000000017ee4        0x4 60000000
 .text.rsxtiny_ViewportClip
                0x0000000000017ee8      0x14c c:/PSDK3v2/ps3dev/portlibs/ppu/lib\libtiny3d.a(commands.o)
                0x0000000000017ee8                .rsxtiny_ViewportClip
 *fill*         0x0000000000018034        0x4 60000000
 .text.rsxtiny_VertexBegin
                0x0000000000018038      0x10c c:/PSDK3v2/ps3dev/portlibs/ppu/lib\libtiny3d.a(commands.o)
                0x0000000000018038                .rsxtiny_VertexBegin
 *fill*         0x0000000000018144        0x4 60000000
 .text.rsxtiny_VertexEnd
                0x0000000000018148       0xfc c:/PSDK3v2/ps3dev/portlibs/ppu/lib\libtiny3d.a(commands.o)
                0x0000000000018148                .rsxtiny_VertexEnd
 *fill*         0x0000000000018244        0x4 60000000
 .text.rsxtiny_Vertex4f
                0x0000000000018248      0x134 c:/PSDK3v2/ps3dev/portlibs/ppu/lib\libtiny3d.a(commands.o)
                0x0000000000018248                .rsxtiny_Vertex4f
 *fill*         0x000000000001837c        0x4 60000000
 .text.rsxtiny_TexCoord2f
                0x0000000000018380      0x114 c:/PSDK3v2/ps3dev/portlibs/ppu/lib\libtiny3d.a(commands.o)
                0x0000000000018380                .rsxtiny_TexCoord2f
 *fill*         0x0000000000018494        0x4 60000000
 .text.rsxtiny_SetVertexProgramConstant4f
                0x0000000000018498      0x14c c:/PSDK3v2/ps3dev/portlibs/ppu/lib\libtiny3d.a(commands.o)
                0x0000000000018498                .rsxtiny_SetVertexProgramConstant4f
 *fill*         0x00000000000185e4        0x4 60000000
 .text.rsxtiny_LoadVertexProgram
                0x00000000000185e8      0x2f4 c:/PSDK3v2/ps3dev/portlibs/ppu/lib\libtiny3d.a(commands.o)
                0x00000000000185e8                .rsxtiny_LoadVertexProgram
 *fill*         0x00000000000188dc        0x4 60000000
 .text.rsxtiny_SetVertexProgramConstant4fBlock
                0x00000000000188e0      0x160 c:/PSDK3v2/ps3dev/portlibs/ppu/lib\libtiny3d.a(commands.o)
                0x00000000000188e0                .rsxtiny_SetVertexProgramConstant4fBlock
 .text.rsxtiny_InstallFragmentProgram
                0x0000000000018a40       0x70 c:/PSDK3v2/ps3dev/portlibs/ppu/lib\libtiny3d.a(commands.o)
                0x0000000000018a40                .rsxtiny_InstallFragmentProgram
 .text.rsxtiny_LoadFragmentProgram
                0x0000000000018ab0      0x13c c:/PSDK3v2/ps3dev/portlibs/ppu/lib\libtiny3d.a(commands.o)
                0x0000000000018ab0                .rsxtiny_LoadFragmentProgram
 *fill*         0x0000000000018bec        0x4 60000000
 .text.rsxtiny_InvalidateTextureCache
                0x0000000000018bf0      0x10c c:/PSDK3v2/ps3dev/portlibs/ppu/lib\libtiny3d.a(commands.o)
                0x0000000000018bf0                .rsxtiny_InvalidateTextureCache
 *fill*         0x0000000000018cfc        0x4 60000000
 .text.rsxtiny_SetTexture
                0x0000000000018d00      0x204 c:/PSDK3v2/ps3dev/portlibs/ppu/lib\libtiny3d.a(commands.o)
                0x0000000000018d00                .rsxtiny_SetTexture
 *fill*         0x0000000000018f04        0x4 60000000
 .text.rsxtiny_ViewportTranslate
                0x0000000000018f08      0x134 c:/PSDK3v2/ps3dev/portlibs/ppu/lib\libtiny3d.a(commands.o)
                0x0000000000018f08                .rsxtiny_ViewportTranslate
 *fill*         0x000000000001903c        0x4 60000000
 .text.rsxtiny_ViewportScale
                0x0000000000019040      0x134 c:/PSDK3v2/ps3dev/portlibs/ppu/lib\libtiny3d.a(commands.o)
                0x0000000000019040                .rsxtiny_ViewportScale
 *fill*         0x0000000000019174        0x4 60000000
 .text.rsxtiny_CullFace
                0x0000000000019178      0x10c c:/PSDK3v2/ps3dev/portlibs/ppu/lib\libtiny3d.a(commands.o)
                0x0000000000019178                .rsxtiny_CullFace
 *fill*         0x0000000000019284        0x4 60000000
 .text.rsxtiny_FrontFace
                0x0000000000019288      0x10c c:/PSDK3v2/ps3dev/portlibs/ppu/lib\libtiny3d.a(commands.o)
                0x0000000000019288                .rsxtiny_FrontFace
 *fill*         0x0000000000019394        0x4 60000000
 .text.rsxtiny_CullEnable
                0x0000000000019398      0x10c c:/PSDK3v2/ps3dev/portlibs/ppu/lib\libtiny3d.a(commands.o)
                0x0000000000019398                .rsxtiny_CullEnable
 *fill*         0x00000000000194a4        0x4 60000000
 .text.rsxtiny_AlphaEnable
                0x00000000000194a8      0x10c c:/PSDK3v2/ps3dev/portlibs/ppu/lib\libtiny3d.a(commands.o)
                0x00000000000194a8                .rsxtiny_AlphaEnable
 *fill*         0x00000000000195b4        0x4 60000000
 .text.rsxtiny_AlphaRef
                0x00000000000195b8      0x10c c:/PSDK3v2/ps3dev/portlibs/ppu/lib\libtiny3d.a(commands.o)
                0x00000000000195b8                .rsxtiny_AlphaRef
 *fill*         0x00000000000196c4        0x4 60000000
 .text.rsxtiny_AlphaFunc
                0x00000000000196c8      0x10c c:/PSDK3v2/ps3dev/portlibs/ppu/lib\libtiny3d.a(commands.o)
                0x00000000000196c8                .rsxtiny_AlphaFunc
 *fill*         0x00000000000197d4        0x4 60000000
 .text.rsxtiny_BlendEnable
                0x00000000000197d8      0x10c c:/PSDK3v2/ps3dev/portlibs/ppu/lib\libtiny3d.a(commands.o)
                0x00000000000197d8                .rsxtiny_BlendEnable
 *fill*         0x00000000000198e4        0x4 60000000
 .text.rsxtiny_BlendEquation
                0x00000000000198e8      0x10c c:/PSDK3v2/ps3dev/portlibs/ppu/lib\libtiny3d.a(commands.o)
                0x00000000000198e8                .rsxtiny_BlendEquation
 *fill*         0x00000000000199f4        0x4 60000000
 .text.rsxtiny_BlendFunc
                0x00000000000199f8      0x124 c:/PSDK3v2/ps3dev/portlibs/ppu/lib\libtiny3d.a(commands.o)
                0x00000000000199f8                .rsxtiny_BlendFunc
 *fill*         0x0000000000019b1c        0x4 60000000
 .text.rsxtiny_ZControl
                0x0000000000019b20      0x13c c:/PSDK3v2/ps3dev/portlibs/ppu/lib\libtiny3d.a(commands.o)
                0x0000000000019b20                .rsxtiny_ZControl
 *fill*         0x0000000000019c5c        0x4 60000000
 .text.rsxtiny_BindVertexBufferAttribute
                0x0000000000019c60      0x194 c:/PSDK3v2/ps3dev/portlibs/ppu/lib\libtiny3d.a(commands.o)
                0x0000000000019c60                .rsxtiny_BindVertexBufferAttribute
 *fill*         0x0000000000019df4        0x4 60000000
 .text.rsxtiny_VertexInvalidate
                0x0000000000019df8      0x10c c:/PSDK3v2/ps3dev/portlibs/ppu/lib\libtiny3d.a(commands.o)
                0x0000000000019df8                .rsxtiny_VertexInvalidate
 *fill*         0x0000000000019f04        0x4 60000000
 .text.rsxtiny_DrawVertexBuffer
                0x0000000000019f08      0x2f0 c:/PSDK3v2/ps3dev/portlibs/ppu/lib\libtiny3d.a(commands.o)
                0x0000000000019f08                .rsxtiny_DrawVertexBuffer
 .text.rsxtiny_DrawVertexBufferIndex
                0x000000000001a1f8      0x33c c:/PSDK3v2/ps3dev/portlibs/ppu/lib\libtiny3d.a(commands.o)
                0x000000000001a1f8                .rsxtiny_DrawVertexBufferIndex
 *fill*         0x000000000001a534        0x4 60000000
 .text.rsxtiny_DepthTestEnable
                0x000000000001a538      0x10c c:/PSDK3v2/ps3dev/portlibs/ppu/lib\libtiny3d.a(commands.o)
                0x000000000001a538                .rsxtiny_DepthTestEnable
 *fill*         0x000000000001a644        0x4 60000000
 .text.rsxtiny_DepthTestFunc
                0x000000000001a648      0x10c c:/PSDK3v2/ps3dev/portlibs/ppu/lib\libtiny3d.a(commands.o)
                0x000000000001a648                .rsxtiny_DepthTestFunc
 *fill*         0x000000000001a754        0x4 60000000
 .text.rsxtiny_DepthWriteEnable
                0x000000000001a758      0x10c c:/PSDK3v2/ps3dev/portlibs/ppu/lib\libtiny3d.a(commands.o)
                0x000000000001a758                .rsxtiny_DepthWriteEnable
 .text          0x000000000001a864        0x0 c:/PSDK3v2/ps3dev/portlibs/ppu/lib\libtiny3d.a(glue.o)
 *fill*         0x000000000001a864        0x4 60000000
 .text.rsxtiny_FlushBuffer
                0x000000000001a868       0x78 c:/PSDK3v2/ps3dev/portlibs/ppu/lib\libtiny3d.a(glue.o)
                0x000000000001a868                .rsxtiny_FlushBuffer
 .text.rsxtiny_Init
                0x000000000001a8e0       0x58 c:/PSDK3v2/ps3dev/portlibs/ppu/lib\libtiny3d.a(glue.o)
                0x000000000001a8e0                .rsxtiny_Init
 .text.rsxtiny_AddressToOffset
                0x000000000001a938       0x30 c:/PSDK3v2/ps3dev/portlibs/ppu/lib\libtiny3d.a(glue.o)
                0x000000000001a938                .rsxtiny_AddressToOffset
 .text          0x000000000001a968        0x0 c:/PSDK3v2/ps3dev/portlibs/ppu/lib\libtiny3d.a(mm.o)
 .text.rsxtiny_MemAlign
                0x000000000001a968      0x134 c:/PSDK3v2/ps3dev/portlibs/ppu/lib\libtiny3d.a(mm.o)
                0x000000000001a968                .rsxtiny_MemAlign
 *fill*         0x000000000001aa9c        0x4 60000000
 .text.rsxtiny_Mem
                0x000000000001aaa0       0x18 c:/PSDK3v2/ps3dev/portlibs/ppu/lib\libtiny3d.a(mm.o)
                0x000000000001aaa0                .rsxtiny_Mem
 .text          0x000000000001aab8        0x0 c:/PSDK3v2/ps3dev/portlibs/ppu/lib\libtiny3d.a(realityVP.o)
 .text.rsxtiny_VertexProgramGetUCode
                0x000000000001aab8       0x18 c:/PSDK3v2/ps3dev/portlibs/ppu/lib\libtiny3d.a(realityVP.o)
                0x000000000001aab8                .rsxtiny_VertexProgramGetUCode
 .text.rsxtiny_VertexProgramGetInputMask
                0x000000000001aad0       0x14 c:/PSDK3v2/ps3dev/portlibs/ppu/lib\libtiny3d.a(realityVP.o)
                0x000000000001aad0                .rsxtiny_VertexProgramGetInputMask
 *fill*         0x000000000001aae4        0x4 60000000
 .text.rsxtiny_VertexProgramGetOutputMask
                0x000000000001aae8       0x14 c:/PSDK3v2/ps3dev/portlibs/ppu/lib\libtiny3d.a(realityVP.o)
                0x000000000001aae8                .rsxtiny_VertexProgramGetOutputMask
 *fill*         0x000000000001aafc        0x4 60000000
 .text.rsxtiny_VertexProgramGetAttributes
                0x000000000001ab00       0x18 c:/PSDK3v2/ps3dev/portlibs/ppu/lib\libtiny3d.a(realityVP.o)
                0x000000000001ab00                .rsxtiny_VertexProgramGetAttributes
 .text.rsxtiny_VertexProgramGetInputAttribute
                0x000000000001ab18       0xe4 c:/PSDK3v2/ps3dev/portlibs/ppu/lib\libtiny3d.a(realityVP.o)
                0x000000000001ab18                .rsxtiny_VertexProgramGetInputAttribute
 *fill*         0x000000000001abfc        0x4 60000000
 .text.rsxtiny_VertexProgramGetConstants
                0x000000000001ac00       0x18 c:/PSDK3v2/ps3dev/portlibs/ppu/lib\libtiny3d.a(realityVP.o)
                0x000000000001ac00                .rsxtiny_VertexProgramGetConstants
 .text.rsxtiny_VertexProgramGetConstant
                0x000000000001ac18       0xe4 c:/PSDK3v2/ps3dev/portlibs/ppu/lib\libtiny3d.a(realityVP.o)
                0x000000000001ac18                .rsxtiny_VertexProgramGetConstant
 .text          0x000000000001acfc        0x0 c:/PSDK3v2/ps3dev/portlibs/ppu/lib\libtiny3d.a(rsxutil.o)
 *fill*         0x000000000001acfc        0x4 60000000
 .text.waitFlip
                0x000000000001ad00       0xcc c:/PSDK3v2/ps3dev/portlibs/ppu/lib\libtiny3d.a(rsxutil.o)
                0x000000000001ad00                .waitFlip
 *fill*         0x000000000001adcc        0x4 60000000
 .text.flip     0x000000000001add0       0x5c c:/PSDK3v2/ps3dev/portlibs/ppu/lib\libtiny3d.a(rsxutil.o)
                0x000000000001add0                .flip
 *fill*         0x000000000001ae2c        0x4 60000000
 .text.init_screen
                0x000000000001ae30      0x364 c:/PSDK3v2/ps3dev/portlibs/ppu/lib\libtiny3d.a(rsxutil.o)
                0x000000000001ae30                .init_screen
 *fill*         0x000000000001b194        0x4 60000000
 .text.setupRenderTarget
                0x000000000001b198      0x108 c:/PSDK3v2/ps3dev/portlibs/ppu/lib\libtiny3d.a(rsxutil.o)
                0x000000000001b198                .setupRenderTarget
 .text.setupRenderTarget2
                0x000000000001b2a0      0x13c c:/PSDK3v2/ps3dev/portlibs/ppu/lib\libtiny3d.a(rsxutil.o)
                0x000000000001b2a0                .setupRenderTarget2
 .text          0x000000000001b3dc        0x0 c:/PSDK3v2/ps3dev/portlibs/ppu/lib\libtiny3d.a(buffer.o)
 *fill*         0x000000000001b3dc        0x4 60000000
 .text.tiny_rsxContextCallback
                0x000000000001b3e0       0x50 c:/PSDK3v2/ps3dev/portlibs/ppu/lib\libtiny3d.a(buffer.o)
                0x000000000001b3e0                .tiny_rsxContextCallback
 .text.commandBufferPut
                0x000000000001b430       0x20 c:/PSDK3v2/ps3dev/portlibs/ppu/lib\libtiny3d.a(buffer.o)
                0x000000000001b430                .commandBufferPut
 .text          0x000000000001b450        0x0 c:/PSDK3v2/psl1ght/ppu/lib\libgcm_sys.a(sprx.o)
 .text          0x000000000001b450        0x0 c:/PSDK3v2/psl1ght/ppu/lib\libio.a(sprx.o)
 .text          0x000000000001b450        0x0 c:/PSDK3v2/psl1ght/ppu/lib\libsysutil.a(sprx.o)
 .text          0x000000000001b450        0x0 c:/PSDK3v2/psl1ght/ppu/lib\libsysutil.a(sysutil_wrapper.o)
 .text.sysUtilRegisterCallback
                0x000000000001b450       0x34 c:/PSDK3v2/psl1ght/ppu/lib\libsysutil.a(sysutil_wrapper.o)
                0x000000000001b450                .sysUtilRegisterCallback
 *fill*         0x000000000001b484        0x4 60000000
 .text.msgDialogOpen
                0x000000000001b488       0x34 c:/PSDK3v2/psl1ght/ppu/lib\libsysutil.a(sysutil_wrapper.o)
                0x000000000001b488                .msgDialogOpen
 *fill*         0x000000000001b4bc        0x4 60000000
 .text.msgDialogOpen2
                0x000000000001b4c0       0x34 c:/PSDK3v2/psl1ght/ppu/lib\libsysutil.a(sysutil_wrapper.o)
                0x000000000001b4c0                .msgDialogOpen2
 *fill*         0x000000000001b4f4        0x4 60000000
 .text.msgDialogOpenErrorCode
                0x000000000001b4f8       0x34 c:/PSDK3v2/psl1ght/ppu/lib\libsysutil.a(sysutil_wrapper.o)
                0x000000000001b4f8                .msgDialogOpenErrorCode
 *fill*         0x000000000001b52c        0x4 60000000
 .text.sysSaveListLoad2
                0x000000000001b530       0x3c c:/PSDK3v2/psl1ght/ppu/lib\libsysutil.a(sysutil_wrapper.o)
                0x000000000001b530                .sysSaveListLoad2
 *fill*         0x000000000001b56c        0x4 60000000
 .text.sysSaveListSave2
                0x000000000001b570       0x3c c:/PSDK3v2/psl1ght/ppu/lib\libsysutil.a(sysutil_wrapper.o)
                0x000000000001b570                .sysSaveListSave2
 *fill*         0x000000000001b5ac        0x4 60000000
 .text.sysSaveListAutoLoad
                0x000000000001b5b0       0x44 c:/PSDK3v2/psl1ght/ppu/lib\libsysutil.a(sysutil_wrapper.o)
                0x000000000001b5b0                .sysSaveListAutoLoad
 *fill*         0x000000000001b5f4        0x4 60000000
 .text.sysSaveListAutoSave
                0x000000000001b5f8       0x44 c:/PSDK3v2/psl1ght/ppu/lib\libsysutil.a(sysutil_wrapper.o)
                0x000000000001b5f8                .sysSaveListAutoSave
 *fill*         0x000000000001b63c        0x4 60000000
 .text.sysSaveFixedLoad2
                0x000000000001b640       0x3c c:/PSDK3v2/psl1ght/ppu/lib\libsysutil.a(sysutil_wrapper.o)
                0x000000000001b640                .sysSaveFixedLoad2
 *fill*         0x000000000001b67c        0x4 60000000
 .text.sysSaveFixedSave2
                0x000000000001b680       0x3c c:/PSDK3v2/psl1ght/ppu/lib\libsysutil.a(sysutil_wrapper.o)
                0x000000000001b680                .sysSaveFixedSave2
 *fill*         0x000000000001b6bc        0x4 60000000
 .text.sysSaveAutoLoad2
                0x000000000001b6c0       0x38 c:/PSDK3v2/psl1ght/ppu/lib\libsysutil.a(sysutil_wrapper.o)
                0x000000000001b6c0                .sysSaveAutoLoad2
 .text.sysSaveAutoSave2
                0x000000000001b6f8       0x38 c:/PSDK3v2/psl1ght/ppu/lib\libsysutil.a(sysutil_wrapper.o)
                0x000000000001b6f8                .sysSaveAutoSave2
 .text.sysGameThemeInstallFromBuffer
                0x000000000001b730       0x34 c:/PSDK3v2/psl1ght/ppu/lib\libsysutil.a(sysutil_wrapper.o)
                0x000000000001b730                .sysGameThemeInstallFromBuffer
 *fill*         0x000000000001b764        0x4 60000000
 .text.sysGameDiscRegisterDiscChangeCallback
                0x000000000001b768       0x38 c:/PSDK3v2/psl1ght/ppu/lib\libsysutil.a(sysutil_wrapper.o)
                0x000000000001b768                .sysGameDiscRegisterDiscChangeCallback
 .text.sysDiscRegisterDiscChangeCallback
                0x000000000001b7a0       0x38 c:/PSDK3v2/psl1ght/ppu/lib\libsysutil.a(sysutil_wrapper.o)
                0x000000000001b7a0                .sysDiscRegisterDiscChangeCallback
 .text          0x000000000001b7d8        0x0 c:/PSDK3v2/psl1ght/ppu/lib\librt.a(sbrk.o)
 .text.sbrk_init
                0x000000000001b7d8       0xc4 c:/PSDK3v2/psl1ght/ppu/lib\librt.a(sbrk.o)
 *fill*         0x000000000001b89c        0x4 60000000
 .text.sbrk_deinit
                0x000000000001b8a0       0xbc c:/PSDK3v2/psl1ght/ppu/lib\librt.a(sbrk.o)
 *fill*         0x000000000001b95c        0x4 60000000
 .text.__librt_sbrk_r
                0x000000000001b960      0x324 c:/PSDK3v2/psl1ght/ppu/lib\librt.a(sbrk.o)
                0x000000000001b960                .__librt_sbrk_r
 .text          0x000000000001bc84        0x0 c:/PSDK3v2/psl1ght/ppu/lib\librt.a(exit.o)
 *fill*         0x000000000001bc84        0x4 60000000
 .text.__librt_exit
                0x000000000001bc88       0x30 c:/PSDK3v2/psl1ght/ppu/lib\librt.a(exit.o)
                0x000000000001bc88                .__librt_exit
 .text          0x000000000001bcb8        0x0 c:/PSDK3v2/psl1ght/ppu/lib\librt.a(close.o)
 .text.__librt_close_r
                0x000000000001bcb8       0x8c c:/PSDK3v2/psl1ght/ppu/lib\librt.a(close.o)
                0x000000000001bcb8                .__librt_close_r
 .text          0x000000000001bd44        0x0 c:/PSDK3v2/psl1ght/ppu/lib\librt.a(lseek.o)
 *fill*         0x000000000001bd44        0x4 60000000
 .text.__librt_lseek_r
                0x000000000001bd48       0x8c c:/PSDK3v2/psl1ght/ppu/lib\librt.a(lseek.o)
                0x000000000001bd48                .__librt_lseek_r
 *fill*         0x000000000001bdd4        0x4 60000000
 .text.__librt_lseek64_r
                0x000000000001bdd8       0x8c c:/PSDK3v2/psl1ght/ppu/lib\librt.a(lseek.o)
                0x000000000001bdd8                .__librt_lseek64_r
 .text          0x000000000001be64        0x0 c:/PSDK3v2/psl1ght/ppu/lib\librt.a(read.o)
 *fill*         0x000000000001be64        0x4 60000000
 .text.__librt_read_r
                0x000000000001be68      0x11c c:/PSDK3v2/psl1ght/ppu/lib\librt.a(read.o)
                0x000000000001be68                .__librt_read_r
 .text          0x000000000001bf84        0x0 c:/PSDK3v2/psl1ght/ppu/lib\librt.a(open.o)
 *fill*         0x000000000001bf84        0x4 60000000
 .text.__librt_open_r
                0x000000000001bf88      0x180 c:/PSDK3v2/psl1ght/ppu/lib\librt.a(open.o)
                0x000000000001bf88                .__librt_open_r
 .text          0x000000000001c108        0x0 c:/PSDK3v2/psl1ght/ppu/lib\librt.a(sleep.o)
 .text.__librt_usleep_r
                0x000000000001c108       0x50 c:/PSDK3v2/psl1ght/ppu/lib\librt.a(sleep.o)
                0x000000000001c108                .__librt_usleep_r
 .text.__librt_sleep_r
                0x000000000001c158       0x8c c:/PSDK3v2/psl1ght/ppu/lib\librt.a(sleep.o)
                0x000000000001c158                .__librt_sleep_r
 .text          0x000000000001c1e4        0x0 c:/PSDK3v2/psl1ght/ppu/lib\librt.a(write.o)
 *fill*         0x000000000001c1e4        0x4 60000000
 .text.__librt_write_r
                0x000000000001c1e8      0x11c c:/PSDK3v2/psl1ght/ppu/lib\librt.a(write.o)
                0x000000000001c1e8                .__librt_write_r
 .text          0x000000000001c304        0x0 c:/PSDK3v2/psl1ght/ppu/lib\librt.a(fstat.o)
 *fill*         0x000000000001c304        0x4 60000000
 .text.__librt_fstat_r
                0x000000000001c308       0xd0 c:/PSDK3v2/psl1ght/ppu/lib\librt.a(fstat.o)
                0x000000000001c308                .__librt_fstat_r
 .text.__librt_fstat64_r
                0x000000000001c3d8       0xd0 c:/PSDK3v2/psl1ght/ppu/lib\librt.a(fstat.o)
                0x000000000001c3d8                .__librt_fstat64_r
 .text.__librt_stat_r
                0x000000000001c4a8       0xd0 c:/PSDK3v2/psl1ght/ppu/lib\librt.a(fstat.o)
                0x000000000001c4a8                .__librt_stat_r
 .text.__librt_stat64_r
                0x000000000001c578       0xd0 c:/PSDK3v2/psl1ght/ppu/lib\librt.a(fstat.o)
                0x000000000001c578                .__librt_stat64_r
 .text          0x000000000001c648        0x0 c:/PSDK3v2/psl1ght/ppu/lib\librt.a(socket.o)
 .text.accept   0x000000000001c648       0xa0 c:/PSDK3v2/psl1ght/ppu/lib\librt.a(socket.o)
                0x000000000001c648                .accept
 .text.bind     0x000000000001c6e8       0x48 c:/PSDK3v2/psl1ght/ppu/lib\librt.a(socket.o)
                0x000000000001c6e8                .bind
 .text.connect  0x000000000001c730       0x48 c:/PSDK3v2/psl1ght/ppu/lib\librt.a(socket.o)
                0x000000000001c730                .connect
 .text.listen   0x000000000001c778       0x48 c:/PSDK3v2/psl1ght/ppu/lib\librt.a(socket.o)
                0x000000000001c778                .listen
 .text.socket   0x000000000001c7c0       0x54 c:/PSDK3v2/psl1ght/ppu/lib\librt.a(socket.o)
                0x000000000001c7c0                .socket
 *fill*         0x000000000001c814        0x4 60000000
 .text.send     0x000000000001c818       0x50 c:/PSDK3v2/psl1ght/ppu/lib\librt.a(socket.o)
                0x000000000001c818                .send
 .text.sendto   0x000000000001c868       0x48 c:/PSDK3v2/psl1ght/ppu/lib\librt.a(socket.o)
                0x000000000001c868                .sendto
 .text.recv     0x000000000001c8b0       0x50 c:/PSDK3v2/psl1ght/ppu/lib\librt.a(socket.o)
                0x000000000001c8b0                .recv
 .text.recvfrom
                0x000000000001c900       0x98 c:/PSDK3v2/psl1ght/ppu/lib\librt.a(socket.o)
                0x000000000001c900                .recvfrom
 .text.shutdown
                0x000000000001c998       0x48 c:/PSDK3v2/psl1ght/ppu/lib\librt.a(socket.o)
                0x000000000001c998                .shutdown
 .text.inet_aton
                0x000000000001c9e0       0xb8 c:/PSDK3v2/psl1ght/ppu/lib\librt.a(socket.o)
                0x000000000001c9e0                .inet_aton
 .text.inet_pton
                0x000000000001ca98       0x54 c:/PSDK3v2/psl1ght/ppu/lib\librt.a(socket.o)
                0x000000000001ca98                .inet_pton
 *fill*         0x000000000001caec        0x4 60000000
 .text.select   0x000000000001caf0       0x3c c:/PSDK3v2/psl1ght/ppu/lib\librt.a(socket.o)
                0x000000000001caf0                .select
 *fill*         0x000000000001cb2c        0x4 60000000
 .text.closesocket
                0x000000000001cb30       0x48 c:/PSDK3v2/psl1ght/ppu/lib\librt.a(socket.o)
                0x000000000001cb30                .closesocket
 .text          0x000000000001cb78        0x0 c:/PSDK3v2/psl1ght/ppu/lib\librt.a(lock.o)
 .text.__librt_sys_lwmutex_create_r
                0x000000000001cb78       0x38 c:/PSDK3v2/psl1ght/ppu/lib\librt.a(lock.o)
                0x000000000001cb78                .__librt_sys_lwmutex_create_r
 .text.__librt_sys_lwmutex_destroy_r
                0x000000000001cbb0       0x34 c:/PSDK3v2/psl1ght/ppu/lib\librt.a(lock.o)
                0x000000000001cbb0                .__librt_sys_lwmutex_destroy_r
 *fill*         0x000000000001cbe4        0x4 60000000
 .text.__librt_sys_lwmutex_lock_r
                0x000000000001cbe8       0x38 c:/PSDK3v2/psl1ght/ppu/lib\librt.a(lock.o)
                0x000000000001cbe8                .__librt_sys_lwmutex_lock_r
 .text.__librt_sys_lwmutex_trylock_r
                0x000000000001cc20       0x34 c:/PSDK3v2/psl1ght/ppu/lib\librt.a(lock.o)
                0x000000000001cc20                .__librt_sys_lwmutex_trylock_r
 *fill*         0x000000000001cc54        0x4 60000000
 .text.__librt_sys_lwmutex_unlock_r
                0x000000000001cc58       0x34 c:/PSDK3v2/psl1ght/ppu/lib\librt.a(lock.o)
                0x000000000001cc58                .__librt_sys_lwmutex_unlock_r
 .text          0x000000000001cc8c        0x0 c:/PSDK3v2/psl1ght/ppu/lib\librt.a(dirent.o)
 *fill*         0x000000000001cc8c        0x4 60000000
 .text.readdir_i
                0x000000000001cc90      0x10c c:/PSDK3v2/psl1ght/ppu/lib\librt.a(dirent.o)
 *fill*         0x000000000001cd9c        0x4 60000000
 .text.__librt_opendir_r
                0x000000000001cda0      0x144 c:/PSDK3v2/psl1ght/ppu/lib\librt.a(dirent.o)
                0x000000000001cda0                .__librt_opendir_r
 *fill*         0x000000000001cee4        0x4 60000000
 .text.__librt_readdir_r
                0x000000000001cee8       0x80 c:/PSDK3v2/psl1ght/ppu/lib\librt.a(dirent.o)
                0x000000000001cee8                .__librt_readdir_r
 .text.__librt_readdir_r_r
                0x000000000001cf68       0x54 c:/PSDK3v2/psl1ght/ppu/lib\librt.a(dirent.o)
                0x000000000001cf68                .__librt_readdir_r_r
 *fill*         0x000000000001cfbc        0x4 60000000
 .text.__librt_closedir_r
                0x000000000001cfc0       0x84 c:/PSDK3v2/psl1ght/ppu/lib\librt.a(dirent.o)
                0x000000000001cfc0                .__librt_closedir_r
 *fill*         0x000000000001d044        0x4 60000000
 .text.__librt_telldir_r
                0x000000000001d048       0x24 c:/PSDK3v2/psl1ght/ppu/lib\librt.a(dirent.o)
                0x000000000001d048                .__librt_telldir_r
 *fill*         0x000000000001d06c        0x4 60000000
 .text.__librt_rewinddir_r
                0x000000000001d070       0x18 c:/PSDK3v2/psl1ght/ppu/lib\librt.a(dirent.o)
                0x000000000001d070                .__librt_rewinddir_r
 .text.__librt_seekdir_r
                0x000000000001d088       0x18 c:/PSDK3v2/psl1ght/ppu/lib\librt.a(dirent.o)
                0x000000000001d088                .__librt_seekdir_r
 .text          0x000000000001d0a0        0x0 c:/PSDK3v2/psl1ght/ppu/lib\librt.a(mkdir.o)
 .text.__librt_mkdir_r
                0x000000000001d0a0       0x60 c:/PSDK3v2/psl1ght/ppu/lib\librt.a(mkdir.o)
                0x000000000001d0a0                .__librt_mkdir_r
 .text          0x000000000001d100        0x0 c:/PSDK3v2/psl1ght/ppu/lib\librt.a(times.o)
 .text.__librt_times_r
                0x000000000001d100       0x1c c:/PSDK3v2/psl1ght/ppu/lib\librt.a(times.o)
                0x000000000001d100                .__librt_times_r
 .text          0x000000000001d11c        0x0 c:/PSDK3v2/psl1ght/ppu/lib\librt.a(umask.o)
 *fill*         0x000000000001d11c        0x4 60000000
 .text.__librt_umask_r
                0x000000000001d120       0x20 c:/PSDK3v2/psl1ght/ppu/lib\librt.a(umask.o)
                0x000000000001d120                .__librt_umask_r
 .text          0x000000000001d140        0x0 c:/PSDK3v2/psl1ght/ppu/lib\librt.a(lv2errno.o)
 .text.lv2error
                0x000000000001d140      0x3dc c:/PSDK3v2/psl1ght/ppu/lib\librt.a(lv2errno.o)
                0x000000000001d140                .lv2error
 *fill*         0x000000000001d51c        0x4 60000000
 .text.lv2errno
                0x000000000001d520       0x68 c:/PSDK3v2/psl1ght/ppu/lib\librt.a(lv2errno.o)
                0x000000000001d520                .lv2errno
 .text.lv2errno_r
                0x000000000001d588       0x58 c:/PSDK3v2/psl1ght/ppu/lib\librt.a(lv2errno.o)
                0x000000000001d588                .lv2errno_r
 .text          0x000000000001d5e0        0x0 c:/PSDK3v2/psl1ght/ppu/lib\librt.a(heap.o)
 .text.heapInit
                0x000000000001d5e0       0xe8 c:/PSDK3v2/psl1ght/ppu/lib\librt.a(heap.o)
                0x000000000001d5e0                .heapInit
 .text.heapAllocate
                0x000000000001d6c8      0x174 c:/PSDK3v2/psl1ght/ppu/lib\librt.a(heap.o)
                0x000000000001d6c8                .heapAllocate
 *fill*         0x000000000001d83c        0x4 60000000
 .text.heapAllocateAligned
                0x000000000001d840      0x224 c:/PSDK3v2/psl1ght/ppu/lib\librt.a(heap.o)
                0x000000000001d840                .heapAllocateAligned
 *fill*         0x000000000001da64        0x4 60000000
 .text.heapFree
                0x000000000001da68      0x224 c:/PSDK3v2/psl1ght/ppu/lib\librt.a(heap.o)
                0x000000000001da68                .heapFree
 .text          0x000000000001dc8c        0x0 c:/PSDK3v2/psl1ght/ppu/lib\librt.a(chmod.o)
 *fill*         0x000000000001dc8c        0x4 60000000
 .text.__librt_chmod_r
                0x000000000001dc90       0x54 c:/PSDK3v2/psl1ght/ppu/lib\librt.a(chmod.o)
                0x000000000001dc90                .__librt_chmod_r
 .text          0x000000000001dce4        0x0 c:/PSDK3v2/psl1ght/ppu/lib\librt.a(rmdir.o)
 *fill*         0x000000000001dce4        0x4 60000000
 .text.__librt_rmdir_r
                0x000000000001dce8       0x50 c:/PSDK3v2/psl1ght/ppu/lib\librt.a(rmdir.o)
                0x000000000001dce8                .__librt_rmdir_r
 .text          0x000000000001dd38        0x0 c:/PSDK3v2/psl1ght/ppu/lib\librt.a(isatty.o)
 .text.__librt_isatty_r
                0x000000000001dd38       0x2c c:/PSDK3v2/psl1ght/ppu/lib\librt.a(isatty.o)
                0x000000000001dd38                .__librt_isatty_r
 .text          0x000000000001dd64        0x0 c:/PSDK3v2/psl1ght/ppu/lib\librt.a(gettod.o)
 *fill*         0x000000000001dd64        0x4 60000000
 .text.__librt_gettod_r
                0x000000000001dd68       0xb8 c:/PSDK3v2/psl1ght/ppu/lib\librt.a(gettod.o)
                0x000000000001dd68                .__librt_gettod_r
 .text          0x000000000001de20        0x0 c:/PSDK3v2/psl1ght/ppu/lib\librt.a(settod.o)
 .text.__librt_settod_r
                0x000000000001de20       0x58 c:/PSDK3v2/psl1ght/ppu/lib\librt.a(settod.o)
                0x000000000001de20                .__librt_settod_r
 .text          0x000000000001de78        0x0 c:/PSDK3v2/psl1ght/ppu/lib\liblv2.a(sprx.o)
 .text          0x000000000001de78        0x0 c:/PSDK3v2/psl1ght/ppu/lib\libpngdec.a(pngdec.o)
 .text.png_malloc
                0x000000000001de78       0x30 c:/PSDK3v2/psl1ght/ppu/lib\libpngdec.a(pngdec.o)
 .text.png_free
                0x000000000001dea8       0x30 c:/PSDK3v2/psl1ght/ppu/lib\libpngdec.a(pngdec.o)
 .text.decodePNG
                0x000000000001ded8      0x298 c:/PSDK3v2/psl1ght/ppu/lib\libpngdec.a(pngdec.o)
 .text.pngLoadFromFile
                0x000000000001e170       0x60 c:/PSDK3v2/psl1ght/ppu/lib\libpngdec.a(pngdec.o)
                0x000000000001e170                .pngLoadFromFile
 .text.pngLoadFromBuffer
                0x000000000001e1d0       0x70 c:/PSDK3v2/psl1ght/ppu/lib\libpngdec.a(pngdec.o)
                0x000000000001e1d0                .pngLoadFromBuffer
 .text          0x000000000001e240        0x0 c:/PSDK3v2/psl1ght/ppu/lib\libpngdec.a(sprx.o)
 .text          0x000000000001e240        0x0 c:/PSDK3v2/psl1ght/ppu/lib\libsysmodule.a(sprx.o)
 .text          0x000000000001e240        0x0 c:/psdk3v2/ps3dev/ppu/bin/../lib/gcc/powerpc64-ps3-elf/4.5.2/../../../../powerpc64-ps3-elf/lib\libm.a(lib_a-s_sqrt.o)
 .text.sqrt     0x000000000001e240      0x1b0 c:/psdk3v2/ps3dev/ppu/bin/../lib/gcc/powerpc64-ps3-elf/4.5.2/../../../../powerpc64-ps3-elf/lib\libm.a(lib_a-s_sqrt.o)
                0x000000000001e240                .sqrt
 .text          0x000000000001e3f0        0x0 c:/psdk3v2/ps3dev/ppu/bin/../lib/gcc/powerpc64-ps3-elf/4.5.2/../../../../powerpc64-ps3-elf/lib\libm.a(lib_a-sf_cos.o)
 .text.cosf     0x000000000001e3f0       0x34 c:/psdk3v2/ps3dev/ppu/bin/../lib/gcc/powerpc64-ps3-elf/4.5.2/../../../../powerpc64-ps3-elf/lib\libm.a(lib_a-sf_cos.o)
                0x000000000001e3f0                .cosf
 .text          0x000000000001e424        0x0 c:/psdk3v2/ps3dev/ppu/bin/../lib/gcc/powerpc64-ps3-elf/4.5.2/../../../../powerpc64-ps3-elf/lib\libm.a(lib_a-sf_sin.o)
 *fill*         0x000000000001e424        0x4 60000000
 .text.sinf     0x000000000001e428       0x34 c:/psdk3v2/ps3dev/ppu/bin/../lib/gcc/powerpc64-ps3-elf/4.5.2/../../../../powerpc64-ps3-elf/lib\libm.a(lib_a-sf_sin.o)
                0x000000000001e428                .sinf
 .text          0x000000000001e45c        0x0 c:/psdk3v2/ps3dev/ppu/bin/../lib/gcc/powerpc64-ps3-elf/4.5.2/../../../../powerpc64-ps3-elf/lib\libm.a(lib_a-sf_sine.o)
 *fill*         0x000000000001e45c        0x4 60000000
 .text.sinef    0x000000000001e460      0x2d0 c:/psdk3v2/ps3dev/ppu/bin/../lib/gcc/powerpc64-ps3-elf/4.5.2/../../../../powerpc64-ps3-elf/lib\libm.a(lib_a-sf_sine.o)
                0x000000000001e460                .sinef
 .text          0x000000000001e730        0x0 c:/psdk3v2/ps3dev/ppu/bin/../lib/gcc/powerpc64-ps3-elf/4.5.2/../../../../powerpc64-ps3-elf/lib\libm.a(lib_a-sf_sqrt.o)
 .text.sqrtf    0x000000000001e730      0x1c8 c:/psdk3v2/ps3dev/ppu/bin/../lib/gcc/powerpc64-ps3-elf/4.5.2/../../../../powerpc64-ps3-elf/lib\libm.a(lib_a-sf_sqrt.o)
                0x000000000001e730                .sqrtf
 .text          0x000000000001e8f8        0x0 c:/psdk3v2/ps3dev/ppu/bin/../lib/gcc/powerpc64-ps3-elf/4.5.2/../../../../powerpc64-ps3-elf/lib\libm.a(lib_a-sf_tan.o)
 .text.tanf     0x000000000001e8f8      0x23c c:/psdk3v2/ps3dev/ppu/bin/../lib/gcc/powerpc64-ps3-elf/4.5.2/../../../../powerpc64-ps3-elf/lib\libm.a(lib_a-sf_tan.o)
                0x000000000001e8f8                .tanf
 .text          0x000000000001eb34        0x0 c:/psdk3v2/ps3dev/ppu/bin/../lib/gcc/powerpc64-ps3-elf/4.5.2/../../../../powerpc64-ps3-elf/lib\libm.a(lib_a-s_frexp.o)
 *fill*         0x000000000001eb34        0x4 60000000
 .text.frexp    0x000000000001eb38       0xd0 c:/psdk3v2/ps3dev/ppu/bin/../lib/gcc/powerpc64-ps3-elf/4.5.2/../../../../powerpc64-ps3-elf/lib\libm.a(lib_a-s_frexp.o)
                0x000000000001eb38                .frexp
 .text          0x000000000001ec08        0x0 c:/psdk3v2/ps3dev/ppu/bin/../lib/gcc/powerpc64-ps3-elf/4.5.2/../../../../powerpc64-ps3-elf/lib\libm.a(lib_a-s_ispos.o)
 .text.ispos    0x000000000001ec08       0x28 c:/psdk3v2/ps3dev/ppu/bin/../lib/gcc/powerpc64-ps3-elf/4.5.2/../../../../powerpc64-ps3-elf/lib\libm.a(lib_a-s_ispos.o)
                0x000000000001ec08                .ispos
 .text          0x000000000001ec30        0x0 c:/psdk3v2/ps3dev/ppu/bin/../lib/gcc/powerpc64-ps3-elf/4.5.2/../../../../powerpc64-ps3-elf/lib\libm.a(lib_a-s_ldexp.o)
 .text.ldexp    0x000000000001ec30      0x17c c:/psdk3v2/ps3dev/ppu/bin/../lib/gcc/powerpc64-ps3-elf/4.5.2/../../../../powerpc64-ps3-elf/lib\libm.a(lib_a-s_ldexp.o)
                0x000000000001ec30                .ldexp
 .text          0x000000000001edac        0x0 c:/psdk3v2/ps3dev/ppu/bin/../lib/gcc/powerpc64-ps3-elf/4.5.2/../../../../powerpc64-ps3-elf/lib\libm.a(lib_a-s_mathcnst.o)
 .text          0x000000000001edac        0x0 c:/psdk3v2/ps3dev/ppu/bin/../lib/gcc/powerpc64-ps3-elf/4.5.2/../../../../powerpc64-ps3-elf/lib\libm.a(lib_a-s_numtest.o)
 *fill*         0x000000000001edac        0x4 60000000
 .text.numtest  0x000000000001edb0       0x5c c:/psdk3v2/ps3dev/ppu/bin/../lib/gcc/powerpc64-ps3-elf/4.5.2/../../../../powerpc64-ps3-elf/lib\libm.a(lib_a-s_numtest.o)
                0x000000000001edb0                .numtest
 .text          0x000000000001ee0c        0x0 c:/psdk3v2/ps3dev/ppu/bin/../lib/gcc/powerpc64-ps3-elf/4.5.2/../../../../powerpc64-ps3-elf/lib\libm.a(lib_a-sf_fabs.o)
 *fill*         0x000000000001ee0c        0x4 60000000
 .text.fabsf    0x000000000001ee10       0xe4 c:/psdk3v2/ps3dev/ppu/bin/../lib/gcc/powerpc64-ps3-elf/4.5.2/../../../../powerpc64-ps3-elf/lib\libm.a(lib_a-sf_fabs.o)
                0x000000000001ee10                .fabsf
 .text          0x000000000001eef4        0x0 c:/psdk3v2/ps3dev/ppu/bin/../lib/gcc/powerpc64-ps3-elf/4.5.2/../../../../powerpc64-ps3-elf/lib\libm.a(lib_a-sf_frexp.o)
 *fill*         0x000000000001eef4        0x4 60000000
 .text.frexpf   0x000000000001eef8       0xac c:/psdk3v2/ps3dev/ppu/bin/../lib/gcc/powerpc64-ps3-elf/4.5.2/../../../../powerpc64-ps3-elf/lib\libm.a(lib_a-sf_frexp.o)
                0x000000000001eef8                .frexpf
 .text          0x000000000001efa4        0x0 c:/psdk3v2/ps3dev/ppu/bin/../lib/gcc/powerpc64-ps3-elf/4.5.2/../../../../powerpc64-ps3-elf/lib\libm.a(lib_a-sf_ispos.o)
 *fill*         0x000000000001efa4        0x4 60000000
 .text.isposf   0x000000000001efa8       0x24 c:/psdk3v2/ps3dev/ppu/bin/../lib/gcc/powerpc64-ps3-elf/4.5.2/../../../../powerpc64-ps3-elf/lib\libm.a(lib_a-sf_ispos.o)
                0x000000000001efa8                .isposf
 .text          0x000000000001efcc        0x0 c:/psdk3v2/ps3dev/ppu/bin/../lib/gcc/powerpc64-ps3-elf/4.5.2/../../../../powerpc64-ps3-elf/lib\libm.a(lib_a-sf_ldexp.o)
 *fill*         0x000000000001efcc        0x4 60000000
 .text.ldexpf   0x000000000001efd0      0x190 c:/psdk3v2/ps3dev/ppu/bin/../lib/gcc/powerpc64-ps3-elf/4.5.2/../../../../powerpc64-ps3-elf/lib\libm.a(lib_a-sf_ldexp.o)
                0x000000000001efd0                .ldexpf
 .text          0x000000000001f160        0x0 c:/psdk3v2/ps3dev/ppu/bin/../lib/gcc/powerpc64-ps3-elf/4.5.2/../../../../powerpc64-ps3-elf/lib\libm.a(lib_a-sf_numtest.o)
 .text.numtestf
                0x000000000001f160       0x30 c:/psdk3v2/ps3dev/ppu/bin/../lib/gcc/powerpc64-ps3-elf/4.5.2/../../../../powerpc64-ps3-elf/lib\libm.a(lib_a-sf_numtest.o)
                0x000000000001f160                .numtestf
 .text          0x000000000001f190        0x0 c:/psdk3v2/ps3dev/ppu/bin/../lib/gcc/powerpc64-ps3-elf/4.5.2/../../../../powerpc64-ps3-elf/lib\libsysbase.a(syscalls.o)
 .text          0x000000000001f190        0x0 c:/psdk3v2/ps3dev/ppu/bin/../lib/gcc/powerpc64-ps3-elf/4.5.2/../../../../powerpc64-ps3-elf/lib\libsysbase.a(sleep.o)
 .text.usleep   0x000000000001f190       0x84 c:/psdk3v2/ps3dev/ppu/bin/../lib/gcc/powerpc64-ps3-elf/4.5.2/../../../../powerpc64-ps3-elf/lib\libsysbase.a(sleep.o)
                0x000000000001f190                .usleep
 *fill*         0x000000000001f214        0x4 60000000
 .text.sleep    0x000000000001f218       0x98 c:/psdk3v2/ps3dev/ppu/bin/../lib/gcc/powerpc64-ps3-elf/4.5.2/../../../../powerpc64-ps3-elf/lib\libsysbase.a(sleep.o)
                0x000000000001f218                .sleep
 .text          0x000000000001f2b0        0x0 c:/psdk3v2/ps3dev/ppu/bin/../lib/gcc/powerpc64-ps3-elf/4.5.2/../../../../powerpc64-ps3-elf/lib\libc.a(lib_a-atexit.o)
 .text.atexit   0x000000000001f2b0       0x40 c:/psdk3v2/ps3dev/ppu/bin/../lib/gcc/powerpc64-ps3-elf/4.5.2/../../../../powerpc64-ps3-elf/lib\libc.a(lib_a-atexit.o)
                0x000000000001f2b0                .atexit
 .text          0x000000000001f2f0        0x0 c:/psdk3v2/ps3dev/ppu/bin/../lib/gcc/powerpc64-ps3-elf/4.5.2/../../../../powerpc64-ps3-elf/lib\libc.a(lib_a-errno.o)
 .text.__errno  0x000000000001f2f0       0x30 c:/psdk3v2/ps3dev/ppu/bin/../lib/gcc/powerpc64-ps3-elf/4.5.2/../../../../powerpc64-ps3-elf/lib\libc.a(lib_a-errno.o)
                0x000000000001f2f0                .__errno
 .text          0x000000000001f320        0x0 c:/psdk3v2/ps3dev/ppu/bin/../lib/gcc/powerpc64-ps3-elf/4.5.2/../../../../powerpc64-ps3-elf/lib\libc.a(lib_a-exit.o)
 .text.exit     0x000000000001f320       0x68 c:/psdk3v2/ps3dev/ppu/bin/../lib/gcc/powerpc64-ps3-elf/4.5.2/../../../../powerpc64-ps3-elf/lib\libc.a(lib_a-exit.o)
                0x000000000001f320                .exit
 .text          0x000000000001f388        0x0 c:/psdk3v2/ps3dev/ppu/bin/../lib/gcc/powerpc64-ps3-elf/4.5.2/../../../../powerpc64-ps3-elf/lib\libc.a(lib_a-getreent.o)
 .text.__getreent
                0x000000000001f388      0x1f0 c:/psdk3v2/ps3dev/ppu/bin/../lib/gcc/powerpc64-ps3-elf/4.5.2/../../../../powerpc64-ps3-elf/lib\libc.a(lib_a-getreent.o)
                0x000000000001f388                .__getreent
 .text          0x000000000001f578        0x0 c:/psdk3v2/ps3dev/ppu/bin/../lib/gcc/powerpc64-ps3-elf/4.5.2/../../../../powerpc64-ps3-elf/lib\libc.a(lib_a-impure.o)
 .text          0x000000000001f578        0x0 c:/psdk3v2/ps3dev/ppu/bin/../lib/gcc/powerpc64-ps3-elf/4.5.2/../../../../powerpc64-ps3-elf/lib\libc.a(lib_a-malign.o)
 .text.memalign
                0x000000000001f578       0x58 c:/psdk3v2/ps3dev/ppu/bin/../lib/gcc/powerpc64-ps3-elf/4.5.2/../../../../powerpc64-ps3-elf/lib\libc.a(lib_a-malign.o)
                0x000000000001f578                .memalign
 .text          0x000000000001f5d0        0x0 c:/psdk3v2/ps3dev/ppu/bin/../lib/gcc/powerpc64-ps3-elf/4.5.2/../../../../powerpc64-ps3-elf/lib\libc.a(lib_a-malignr.o)
 .text._memalign_r
                0x000000000001f5d0      0x214 c:/psdk3v2/ps3dev/ppu/bin/../lib/gcc/powerpc64-ps3-elf/4.5.2/../../../../powerpc64-ps3-elf/lib\libc.a(lib_a-malignr.o)
                0x000000000001f5d0                ._memalign_r
 .text          0x000000000001f7e4        0x0 c:/psdk3v2/ps3dev/ppu/bin/../lib/gcc/powerpc64-ps3-elf/4.5.2/../../../../powerpc64-ps3-elf/lib\libc.a(lib_a-malloc.o)
 *fill*         0x000000000001f7e4        0x4 60000000
 .text.malloc   0x000000000001f7e8       0x48 c:/psdk3v2/ps3dev/ppu/bin/../lib/gcc/powerpc64-ps3-elf/4.5.2/../../../../powerpc64-ps3-elf/lib\libc.a(lib_a-malloc.o)
                0x000000000001f7e8                .malloc
 .text.free     0x000000000001f830       0x48 c:/psdk3v2/ps3dev/ppu/bin/../lib/gcc/powerpc64-ps3-elf/4.5.2/../../../../powerpc64-ps3-elf/lib\libc.a(lib_a-malloc.o)
                0x000000000001f830                .free
 .text          0x000000000001f878        0x0 c:/psdk3v2/ps3dev/ppu/bin/../lib/gcc/powerpc64-ps3-elf/4.5.2/../../../../powerpc64-ps3-elf/lib\libc.a(lib_a-mallocr.o)
 .text._malloc_r
                0x000000000001f878      0x944 c:/psdk3v2/ps3dev/ppu/bin/../lib/gcc/powerpc64-ps3-elf/4.5.2/../../../../powerpc64-ps3-elf/lib\libc.a(lib_a-mallocr.o)
                0x000000000001f878                ._malloc_r
 .text          0x00000000000201bc        0x0 c:/psdk3v2/ps3dev/ppu/bin/../lib/gcc/powerpc64-ps3-elf/4.5.2/../../../../powerpc64-ps3-elf/lib\libc.a(lib_a-memcpy.o)
 *fill*         0x00000000000201bc        0x4 60000000
 .text.memcpy   0x00000000000201c0       0xf8 c:/psdk3v2/ps3dev/ppu/bin/../lib/gcc/powerpc64-ps3-elf/4.5.2/../../../../powerpc64-ps3-elf/lib\libc.a(lib_a-memcpy.o)
                0x00000000000201c0                .memcpy
 .text          0x00000000000202b8        0x0 c:/psdk3v2/ps3dev/ppu/bin/../lib/gcc/powerpc64-ps3-elf/4.5.2/../../../../powerpc64-ps3-elf/lib\libc.a(lib_a-memset.o)
 .text.memset   0x00000000000202b8      0x130 c:/psdk3v2/ps3dev/ppu/bin/../lib/gcc/powerpc64-ps3-elf/4.5.2/../../../../powerpc64-ps3-elf/lib\libc.a(lib_a-memset.o)
                0x00000000000202b8                .memset
 .text          0x00000000000203e8        0x0 c:/psdk3v2/ps3dev/ppu/bin/../lib/gcc/powerpc64-ps3-elf/4.5.2/../../../../powerpc64-ps3-elf/lib\libc.a(lib_a-mlock.o)
 .text.__malloc_lock
                0x00000000000203e8       0x34 c:/psdk3v2/ps3dev/ppu/bin/../lib/gcc/powerpc64-ps3-elf/4.5.2/../../../../powerpc64-ps3-elf/lib\libc.a(lib_a-mlock.o)
                0x00000000000203e8                .__malloc_lock
 *fill*         0x000000000002041c        0x4 60000000
 .text.__malloc_unlock
                0x0000000000020420       0x34 c:/psdk3v2/ps3dev/ppu/bin/../lib/gcc/powerpc64-ps3-elf/4.5.2/../../../../powerpc64-ps3-elf/lib\libc.a(lib_a-mlock.o)
                0x0000000000020420                .__malloc_unlock
 .text          0x0000000000020454        0x0 c:/psdk3v2/ps3dev/ppu/bin/../lib/gcc/powerpc64-ps3-elf/4.5.2/../../../../powerpc64-ps3-elf/lib\libc.a(lib_a-rand.o)
 *fill*         0x0000000000020454        0x4 60000000
 .text.srand    0x0000000000020458       0x40 c:/psdk3v2/ps3dev/ppu/bin/../lib/gcc/powerpc64-ps3-elf/4.5.2/../../../../powerpc64-ps3-elf/lib\libc.a(lib_a-rand.o)
                0x0000000000020458                .srand
 .text.rand     0x0000000000020498       0x78 c:/psdk3v2/ps3dev/ppu/bin/../lib/gcc/powerpc64-ps3-elf/4.5.2/../../../../powerpc64-ps3-elf/lib\libc.a(lib_a-rand.o)
                0x0000000000020498                .rand
 .text          0x0000000000020510        0x0 c:/psdk3v2/ps3dev/ppu/bin/../lib/gcc/powerpc64-ps3-elf/4.5.2/../../../../powerpc64-ps3-elf/lib\libc.a(lib_a-sscanf.o)
 .text.sscanf   0x0000000000020510       0xa8 c:/psdk3v2/ps3dev/ppu/bin/../lib/gcc/powerpc64-ps3-elf/4.5.2/../../../../powerpc64-ps3-elf/lib\libc.a(lib_a-sscanf.o)
                0x0000000000020510                .sscanf
 .text._sscanf_r
                0x00000000000205b8       0xa8 c:/psdk3v2/ps3dev/ppu/bin/../lib/gcc/powerpc64-ps3-elf/4.5.2/../../../../powerpc64-ps3-elf/lib\libc.a(lib_a-sscanf.o)
                0x00000000000205b8                ._sscanf_r
 .text          0x0000000000020660        0x0 c:/psdk3v2/ps3dev/ppu/bin/../lib/gcc/powerpc64-ps3-elf/4.5.2/../../../../powerpc64-ps3-elf/lib\libc.a(lib_a-stdio.o)
 .text.__sread  0x0000000000020660       0x80 c:/psdk3v2/ps3dev/ppu/bin/../lib/gcc/powerpc64-ps3-elf/4.5.2/../../../../powerpc64-ps3-elf/lib\libc.a(lib_a-stdio.o)
                0x0000000000020660                .__sread
 .text.__seofread
                0x00000000000206e0       0x14 c:/psdk3v2/ps3dev/ppu/bin/../lib/gcc/powerpc64-ps3-elf/4.5.2/../../../../powerpc64-ps3-elf/lib\libc.a(lib_a-stdio.o)
                0x00000000000206e0                .__seofread
 *fill*         0x00000000000206f4        0x4 60000000
 .text.__swrite
                0x00000000000206f8       0xbc c:/psdk3v2/ps3dev/ppu/bin/../lib/gcc/powerpc64-ps3-elf/4.5.2/../../../../powerpc64-ps3-elf/lib\libc.a(lib_a-stdio.o)
                0x00000000000206f8                .__swrite
 *fill*         0x00000000000207b4        0x4 60000000
 .text.__sseek  0x00000000000207b8       0x88 c:/psdk3v2/ps3dev/ppu/bin/../lib/gcc/powerpc64-ps3-elf/4.5.2/../../../../powerpc64-ps3-elf/lib\libc.a(lib_a-stdio.o)
                0x00000000000207b8                .__sseek
 .text.__sclose
                0x0000000000020840       0x3c c:/psdk3v2/ps3dev/ppu/bin/../lib/gcc/powerpc64-ps3-elf/4.5.2/../../../../powerpc64-ps3-elf/lib\libc.a(lib_a-stdio.o)
                0x0000000000020840                .__sclose
 .text          0x000000000002087c        0x0 c:/psdk3v2/ps3dev/ppu/bin/../lib/gcc/powerpc64-ps3-elf/4.5.2/../../../../powerpc64-ps3-elf/lib\libc.a(lib_a-strcasecmp.o)
 *fill*         0x000000000002087c        0x4 60000000
 .text.strcasecmp
                0x0000000000020880       0xb8 c:/psdk3v2/ps3dev/ppu/bin/../lib/gcc/powerpc64-ps3-elf/4.5.2/../../../../powerpc64-ps3-elf/lib\libc.a(lib_a-strcasecmp.o)
                0x0000000000020880                .strcasecmp
 .text          0x0000000000020938        0x0 c:/psdk3v2/ps3dev/ppu/bin/../lib/gcc/powerpc64-ps3-elf/4.5.2/../../../../powerpc64-ps3-elf/lib\libc.a(lib_a-strlen.o)
 .text.strlen   0x0000000000020938       0xe4 c:/psdk3v2/ps3dev/ppu/bin/../lib/gcc/powerpc64-ps3-elf/4.5.2/../../../../powerpc64-ps3-elf/lib\libc.a(lib_a-strlen.o)
                0x0000000000020938                .strlen
 .text          0x0000000000020a1c        0x0 c:/psdk3v2/ps3dev/ppu/bin/../lib/gcc/powerpc64-ps3-elf/4.5.2/../../../../powerpc64-ps3-elf/lib\libc.a(lib_a-strncpy.o)
 *fill*         0x0000000000020a1c        0x4 60000000
 .text.strncpy  0x0000000000020a20      0x100 c:/psdk3v2/ps3dev/ppu/bin/../lib/gcc/powerpc64-ps3-elf/4.5.2/../../../../powerpc64-ps3-elf/lib\libc.a(lib_a-strncpy.o)
                0x0000000000020a20                .strncpy
 .text          0x0000000000020b20        0x0 c:/psdk3v2/ps3dev/ppu/bin/../lib/gcc/powerpc64-ps3-elf/4.5.2/../../../../powerpc64-ps3-elf/lib\libc.a(lib_a-svfscanf.o)
 .text.__ssvfscanf_r
                0x0000000000020b20     0x18d8 c:/psdk3v2/ps3dev/ppu/bin/../lib/gcc/powerpc64-ps3-elf/4.5.2/../../../../powerpc64-ps3-elf/lib\libc.a(lib_a-svfscanf.o)
                0x0000000000020b20                .__ssvfscanf_r
 .text          0x00000000000223f8        0x0 c:/psdk3v2/ps3dev/ppu/bin/../lib/gcc/powerpc64-ps3-elf/4.5.2/../../../../powerpc64-ps3-elf/lib\libc.a(lib_a-__atexit.o)
 .text.__register_exitproc
                0x00000000000223f8      0x188 c:/psdk3v2/ps3dev/ppu/bin/../lib/gcc/powerpc64-ps3-elf/4.5.2/../../../../powerpc64-ps3-elf/lib\libc.a(lib_a-__atexit.o)
                0x00000000000223f8                .__register_exitproc
 .text          0x0000000000022580        0x0 c:/psdk3v2/ps3dev/ppu/bin/../lib/gcc/powerpc64-ps3-elf/4.5.2/../../../../powerpc64-ps3-elf/lib\libc.a(lib_a-__call_atexit.o)
 .text.__call_exitprocs
                0x0000000000022580      0x250 c:/psdk3v2/ps3dev/ppu/bin/../lib/gcc/powerpc64-ps3-elf/4.5.2/../../../../powerpc64-ps3-elf/lib\libc.a(lib_a-__call_atexit.o)
                0x0000000000022580                .__call_exitprocs
 .text          0x00000000000227d0        0x0 c:/psdk3v2/ps3dev/ppu/bin/../lib/gcc/powerpc64-ps3-elf/4.5.2/../../../../powerpc64-ps3-elf/lib\libc.a(lib_a-ctype_.o)
 .text          0x00000000000227d0        0x0 c:/psdk3v2/ps3dev/ppu/bin/../lib/gcc/powerpc64-ps3-elf/4.5.2/../../../../powerpc64-ps3-elf/lib\libc.a(lib_a-findfp.o)
 .text._cleanup_r
                0x00000000000227d0       0x34 c:/psdk3v2/ps3dev/ppu/bin/../lib/gcc/powerpc64-ps3-elf/4.5.2/../../../../powerpc64-ps3-elf/lib\libc.a(lib_a-findfp.o)
                0x00000000000227d0                ._cleanup_r
 *fill*         0x0000000000022804        0x4 60000000
 .text.__fp_unlock
                0x0000000000022808       0x48 c:/psdk3v2/ps3dev/ppu/bin/../lib/gcc/powerpc64-ps3-elf/4.5.2/../../../../powerpc64-ps3-elf/lib\libc.a(lib_a-findfp.o)
 .text.__fp_lock
                0x0000000000022850       0x48 c:/psdk3v2/ps3dev/ppu/bin/../lib/gcc/powerpc64-ps3-elf/4.5.2/../../../../powerpc64-ps3-elf/lib\libc.a(lib_a-findfp.o)
 .text.__sfmoreglue
                0x0000000000022898       0x94 c:/psdk3v2/ps3dev/ppu/bin/../lib/gcc/powerpc64-ps3-elf/4.5.2/../../../../powerpc64-ps3-elf/lib\libc.a(lib_a-findfp.o)
                0x0000000000022898                .__sfmoreglue
 *fill*         0x000000000002292c        0x4 60000000
 .text._cleanup
                0x0000000000022930       0x18 c:/psdk3v2/ps3dev/ppu/bin/../lib/gcc/powerpc64-ps3-elf/4.5.2/../../../../powerpc64-ps3-elf/lib\libc.a(lib_a-findfp.o)
                0x0000000000022930                ._cleanup
 .text.__sfp_lock_acquire
                0x0000000000022948       0x34 c:/psdk3v2/ps3dev/ppu/bin/../lib/gcc/powerpc64-ps3-elf/4.5.2/../../../../powerpc64-ps3-elf/lib\libc.a(lib_a-findfp.o)
                0x0000000000022948                .__sfp_lock_acquire
 *fill*         0x000000000002297c        0x4 60000000
 .text.__sfp_lock_release
                0x0000000000022980       0x34 c:/psdk3v2/ps3dev/ppu/bin/../lib/gcc/powerpc64-ps3-elf/4.5.2/../../../../powerpc64-ps3-elf/lib\libc.a(lib_a-findfp.o)
                0x0000000000022980                .__sfp_lock_release
 *fill*         0x00000000000229b4        0x4 60000000
 .text.__sinit_lock_acquire
                0x00000000000229b8       0x34 c:/psdk3v2/ps3dev/ppu/bin/../lib/gcc/powerpc64-ps3-elf/4.5.2/../../../../powerpc64-ps3-elf/lib\libc.a(lib_a-findfp.o)
                0x00000000000229b8                .__sinit_lock_acquire
 *fill*         0x00000000000229ec        0x4 60000000
 .text.__sinit_lock_release
                0x00000000000229f0       0x34 c:/psdk3v2/ps3dev/ppu/bin/../lib/gcc/powerpc64-ps3-elf/4.5.2/../../../../powerpc64-ps3-elf/lib\libc.a(lib_a-findfp.o)
                0x00000000000229f0                .__sinit_lock_release
 *fill*         0x0000000000022a24        0x4 60000000
 .text.__sinit  0x0000000000022a28      0x1d8 c:/psdk3v2/ps3dev/ppu/bin/../lib/gcc/powerpc64-ps3-elf/4.5.2/../../../../powerpc64-ps3-elf/lib\libc.a(lib_a-findfp.o)
                0x0000000000022a28                .__sinit
 .text.__sfp    0x0000000000022c00      0x190 c:/psdk3v2/ps3dev/ppu/bin/../lib/gcc/powerpc64-ps3-elf/4.5.2/../../../../powerpc64-ps3-elf/lib\libc.a(lib_a-findfp.o)
                0x0000000000022c00                .__sfp
 .text.__fp_lock_all
                0x0000000000022d90       0x40 c:/psdk3v2/ps3dev/ppu/bin/../lib/gcc/powerpc64-ps3-elf/4.5.2/../../../../powerpc64-ps3-elf/lib\libc.a(lib_a-findfp.o)
                0x0000000000022d90                .__fp_lock_all
 .text.__fp_unlock_all
                0x0000000000022dd0       0x3c c:/psdk3v2/ps3dev/ppu/bin/../lib/gcc/powerpc64-ps3-elf/4.5.2/../../../../powerpc64-ps3-elf/lib\libc.a(lib_a-findfp.o)
                0x0000000000022dd0                .__fp_unlock_all
 .text          0x0000000000022e0c        0x0 c:/psdk3v2/ps3dev/ppu/bin/../lib/gcc/powerpc64-ps3-elf/4.5.2/../../../../powerpc64-ps3-elf/lib\libc.a(lib_a-freer.o)
 *fill*         0x0000000000022e0c        0x4 60000000
 .text._malloc_trim_r
                0x0000000000022e10      0x15c c:/psdk3v2/ps3dev/ppu/bin/../lib/gcc/powerpc64-ps3-elf/4.5.2/../../../../powerpc64-ps3-elf/lib\libc.a(lib_a-freer.o)
                0x0000000000022e10                ._malloc_trim_r
 *fill*         0x0000000000022f6c        0x4 60000000
 .text._free_r  0x0000000000022f70      0x310 c:/psdk3v2/ps3dev/ppu/bin/../lib/gcc/powerpc64-ps3-elf/4.5.2/../../../../powerpc64-ps3-elf/lib\libc.a(lib_a-freer.o)
                0x0000000000022f70                ._free_r
 .text          0x0000000000023280        0x0 c:/psdk3v2/ps3dev/ppu/bin/../lib/gcc/powerpc64-ps3-elf/4.5.2/../../../../powerpc64-ps3-elf/lib\libc.a(lib_a-fwalk.o)
 .text._fwalk   0x0000000000023280       0xfc c:/psdk3v2/ps3dev/ppu/bin/../lib/gcc/powerpc64-ps3-elf/4.5.2/../../../../powerpc64-ps3-elf/lib\libc.a(lib_a-fwalk.o)
                0x0000000000023280                ._fwalk
 *fill*         0x000000000002337c        0x4 60000000
 .text._fwalk_reent
                0x0000000000023380      0x108 c:/psdk3v2/ps3dev/ppu/bin/../lib/gcc/powerpc64-ps3-elf/4.5.2/../../../../powerpc64-ps3-elf/lib\libc.a(lib_a-fwalk.o)
                0x0000000000023380                ._fwalk_reent
 .text          0x0000000000023488        0x0 c:/psdk3v2/ps3dev/ppu/bin/../lib/gcc/powerpc64-ps3-elf/4.5.2/../../../../powerpc64-ps3-elf/lib\libc.a(lib_a-iswspace.o)
 .text.iswspace
                0x0000000000023488       0x3c c:/psdk3v2/ps3dev/ppu/bin/../lib/gcc/powerpc64-ps3-elf/4.5.2/../../../../powerpc64-ps3-elf/lib\libc.a(lib_a-iswspace.o)
                0x0000000000023488                .iswspace
 .text          0x00000000000234c4        0x0 c:/psdk3v2/ps3dev/ppu/bin/../lib/gcc/powerpc64-ps3-elf/4.5.2/../../../../powerpc64-ps3-elf/lib\libc.a(lib_a-locale.o)
 *fill*         0x00000000000234c4        0x4 60000000
 .text._setlocale_r
                0x00000000000234c8       0xa8 c:/psdk3v2/ps3dev/ppu/bin/../lib/gcc/powerpc64-ps3-elf/4.5.2/../../../../powerpc64-ps3-elf/lib\libc.a(lib_a-locale.o)
                0x00000000000234c8                ._setlocale_r
 .text.__locale_charset
                0x0000000000023570       0x14 c:/psdk3v2/ps3dev/ppu/bin/../lib/gcc/powerpc64-ps3-elf/4.5.2/../../../../powerpc64-ps3-elf/lib\libc.a(lib_a-locale.o)
                0x0000000000023570                .__locale_charset
 *fill*         0x0000000000023584        0x4 60000000
 .text.__locale_mb_cur_max
                0x0000000000023588       0x1c c:/psdk3v2/ps3dev/ppu/bin/../lib/gcc/powerpc64-ps3-elf/4.5.2/../../../../powerpc64-ps3-elf/lib\libc.a(lib_a-locale.o)
                0x0000000000023588                .__locale_mb_cur_max
 *fill*         0x00000000000235a4        0x4 60000000
 .text.__locale_msgcharset
                0x00000000000235a8       0x14 c:/psdk3v2/ps3dev/ppu/bin/../lib/gcc/powerpc64-ps3-elf/4.5.2/../../../../powerpc64-ps3-elf/lib\libc.a(lib_a-locale.o)
                0x00000000000235a8                .__locale_msgcharset
 *fill*         0x00000000000235bc        0x4 60000000
 .text.__locale_cjk_lang
                0x00000000000235c0       0x14 c:/psdk3v2/ps3dev/ppu/bin/../lib/gcc/powerpc64-ps3-elf/4.5.2/../../../../powerpc64-ps3-elf/lib\libc.a(lib_a-locale.o)
                0x00000000000235c0                .__locale_cjk_lang
 *fill*         0x00000000000235d4        0x4 60000000
 .text._localeconv_r
                0x00000000000235d8       0x14 c:/psdk3v2/ps3dev/ppu/bin/../lib/gcc/powerpc64-ps3-elf/4.5.2/../../../../powerpc64-ps3-elf/lib\libc.a(lib_a-locale.o)
                0x00000000000235d8                ._localeconv_r
 *fill*         0x00000000000235ec        0x4 60000000
 .text.setlocale
                0x00000000000235f0       0x50 c:/psdk3v2/ps3dev/ppu/bin/../lib/gcc/powerpc64-ps3-elf/4.5.2/../../../../powerpc64-ps3-elf/lib\libc.a(lib_a-locale.o)
                0x00000000000235f0                .setlocale
 .text.localeconv
                0x0000000000023640       0x34 c:/psdk3v2/ps3dev/ppu/bin/../lib/gcc/powerpc64-ps3-elf/4.5.2/../../../../powerpc64-ps3-elf/lib\libc.a(lib_a-locale.o)
                0x0000000000023640                .localeconv
 .text          0x0000000000023674        0x0 c:/psdk3v2/ps3dev/ppu/bin/../lib/gcc/powerpc64-ps3-elf/4.5.2/../../../../powerpc64-ps3-elf/lib\libc.a(lib_a-lock_recursive.o)
 *fill*         0x0000000000023674        0x4 60000000
 .text.__libc_lock_init_recursive
                0x0000000000023678       0x34 c:/psdk3v2/ps3dev/ppu/bin/../lib/gcc/powerpc64-ps3-elf/4.5.2/../../../../powerpc64-ps3-elf/lib\libc.a(lib_a-lock_recursive.o)
                0x0000000000023678                .__libc_lock_init_recursive
 *fill*         0x00000000000236ac        0x4 60000000
 .text.__libc_lock_close_recursive
                0x00000000000236b0       0x30 c:/psdk3v2/ps3dev/ppu/bin/../lib/gcc/powerpc64-ps3-elf/4.5.2/../../../../powerpc64-ps3-elf/lib\libc.a(lib_a-lock_recursive.o)
                0x00000000000236b0                .__libc_lock_close_recursive
 .text.__libc_lock_acquire_recursive
                0x00000000000236e0       0x58 c:/psdk3v2/ps3dev/ppu/bin/../lib/gcc/powerpc64-ps3-elf/4.5.2/../../../../powerpc64-ps3-elf/lib\libc.a(lib_a-lock_recursive.o)
                0x00000000000236e0                .__libc_lock_acquire_recursive
 .text.__libc_lock_try_acquire_recursive
                0x0000000000023738       0x54 c:/psdk3v2/ps3dev/ppu/bin/../lib/gcc/powerpc64-ps3-elf/4.5.2/../../../../powerpc64-ps3-elf/lib\libc.a(lib_a-lock_recursive.o)
                0x0000000000023738                .__libc_lock_try_acquire_recursive
 *fill*         0x000000000002378c        0x4 60000000
 .text.__libc_lock_release_recursive
                0x0000000000023790       0x54 c:/psdk3v2/ps3dev/ppu/bin/../lib/gcc/powerpc64-ps3-elf/4.5.2/../../../../powerpc64-ps3-elf/lib\libc.a(lib_a-lock_recursive.o)
                0x0000000000023790                .__libc_lock_release_recursive
 .text          0x00000000000237e4        0x0 c:/psdk3v2/ps3dev/ppu/bin/../lib/gcc/powerpc64-ps3-elf/4.5.2/../../../../powerpc64-ps3-elf/lib\libc.a(lib_a-mbrtowc.o)
 *fill*         0x00000000000237e4        0x4 60000000
 .text._mbrtowc_r
                0x00000000000237e8      0x10c c:/psdk3v2/ps3dev/ppu/bin/../lib/gcc/powerpc64-ps3-elf/4.5.2/../../../../powerpc64-ps3-elf/lib\libc.a(lib_a-mbrtowc.o)
                0x00000000000237e8                ._mbrtowc_r
 *fill*         0x00000000000238f4        0x4 60000000
 .text.mbrtowc  0x00000000000238f8      0x170 c:/psdk3v2/ps3dev/ppu/bin/../lib/gcc/powerpc64-ps3-elf/4.5.2/../../../../powerpc64-ps3-elf/lib\libc.a(lib_a-mbrtowc.o)
                0x00000000000238f8                .mbrtowc
 .text          0x0000000000023a68        0x0 c:/psdk3v2/ps3dev/ppu/bin/../lib/gcc/powerpc64-ps3-elf/4.5.2/../../../../powerpc64-ps3-elf/lib\libc.a(lib_a-mbtowc_r.o)
 .text.__ascii_mbtowc
                0x0000000000023a68       0x58 c:/psdk3v2/ps3dev/ppu/bin/../lib/gcc/powerpc64-ps3-elf/4.5.2/../../../../powerpc64-ps3-elf/lib\libc.a(lib_a-mbtowc_r.o)
                0x0000000000023a68                .__ascii_mbtowc
 .text._mbtowc_r
                0x0000000000023ac0       0x98 c:/psdk3v2/ps3dev/ppu/bin/../lib/gcc/powerpc64-ps3-elf/4.5.2/../../../../powerpc64-ps3-elf/lib\libc.a(lib_a-mbtowc_r.o)
                0x0000000000023ac0                ._mbtowc_r
 .text          0x0000000000023b58        0x0 c:/psdk3v2/ps3dev/ppu/bin/../lib/gcc/powerpc64-ps3-elf/4.5.2/../../../../powerpc64-ps3-elf/lib\libc.a(lib_a-s_fpclassify.o)
 .text.__fpclassifyd
                0x0000000000023b58       0xc4 c:/psdk3v2/ps3dev/ppu/bin/../lib/gcc/powerpc64-ps3-elf/4.5.2/../../../../powerpc64-ps3-elf/lib\libc.a(lib_a-s_fpclassify.o)
                0x0000000000023b58                .__fpclassifyd
 .text          0x0000000000023c1c        0x0 c:/psdk3v2/ps3dev/ppu/bin/../lib/gcc/powerpc64-ps3-elf/4.5.2/../../../../powerpc64-ps3-elf/lib\libc.a(lib_a-sccl.o)
 *fill*         0x0000000000023c1c        0x4 60000000
 .text.__sccl   0x0000000000023c20      0x120 c:/psdk3v2/ps3dev/ppu/bin/../lib/gcc/powerpc64-ps3-elf/4.5.2/../../../../powerpc64-ps3-elf/lib\libc.a(lib_a-sccl.o)
                0x0000000000023c20                .__sccl
 .text          0x0000000000023d40        0x0 c:/psdk3v2/ps3dev/ppu/bin/../lib/gcc/powerpc64-ps3-elf/4.5.2/../../../../powerpc64-ps3-elf/lib\libc.a(lib_a-sf_nan.o)
 .text.nanf     0x0000000000023d40       0x18 c:/psdk3v2/ps3dev/ppu/bin/../lib/gcc/powerpc64-ps3-elf/4.5.2/../../../../powerpc64-ps3-elf/lib\libc.a(lib_a-sf_nan.o)
                0x0000000000023d40                .nanf
 .text          0x0000000000023d58        0x0 c:/psdk3v2/ps3dev/ppu/bin/../lib/gcc/powerpc64-ps3-elf/4.5.2/../../../../powerpc64-ps3-elf/lib\libc.a(lib_a-sprintf.o)
 .text._sprintf_r
                0x0000000000023d58       0x84 c:/psdk3v2/ps3dev/ppu/bin/../lib/gcc/powerpc64-ps3-elf/4.5.2/../../../../powerpc64-ps3-elf/lib\libc.a(lib_a-sprintf.o)
                0x0000000000023d58                ._sprintf_r
 *fill*         0x0000000000023ddc        0x4 60000000
 .text.sprintf  0x0000000000023de0       0x9c c:/psdk3v2/ps3dev/ppu/bin/../lib/gcc/powerpc64-ps3-elf/4.5.2/../../../../powerpc64-ps3-elf/lib\libc.a(lib_a-sprintf.o)
                0x0000000000023de0                .sprintf
 .text          0x0000000000023e7c        0x0 c:/psdk3v2/ps3dev/ppu/bin/../lib/gcc/powerpc64-ps3-elf/4.5.2/../../../../powerpc64-ps3-elf/lib\libc.a(lib_a-strcmp.o)
 *fill*         0x0000000000023e7c        0x4 60000000
 .text.strcmp   0x0000000000023e80       0xfc c:/psdk3v2/ps3dev/ppu/bin/../lib/gcc/powerpc64-ps3-elf/4.5.2/../../../../powerpc64-ps3-elf/lib\libc.a(lib_a-strcmp.o)
                0x0000000000023e80                .strcmp
 .text          0x0000000000023f7c        0x0 c:/psdk3v2/ps3dev/ppu/bin/../lib/gcc/powerpc64-ps3-elf/4.5.2/../../../../powerpc64-ps3-elf/lib\libc.a(lib_a-strtod.o)
 *fill*         0x0000000000023f7c        0x4 60000000
 .text.match    0x0000000000023f80       0x6c c:/psdk3v2/ps3dev/ppu/bin/../lib/gcc/powerpc64-ps3-elf/4.5.2/../../../../powerpc64-ps3-elf/lib\libc.a(lib_a-strtod.o)
 *fill*         0x0000000000023fec        0x4 60000000
 .text._strtod_r
                0x0000000000023ff0     0x1578 c:/psdk3v2/ps3dev/ppu/bin/../lib/gcc/powerpc64-ps3-elf/4.5.2/../../../../powerpc64-ps3-elf/lib\libc.a(lib_a-strtod.o)
                0x0000000000023ff0                ._strtod_r
 .text.strtod   0x0000000000025568       0x50 c:/psdk3v2/ps3dev/ppu/bin/../lib/gcc/powerpc64-ps3-elf/4.5.2/../../../../powerpc64-ps3-elf/lib\libc.a(lib_a-strtod.o)
                0x0000000000025568                .strtod
 .text.strtof   0x00000000000255b8       0x98 c:/psdk3v2/ps3dev/ppu/bin/../lib/gcc/powerpc64-ps3-elf/4.5.2/../../../../powerpc64-ps3-elf/lib\libc.a(lib_a-strtod.o)
                0x00000000000255b8                .strtof
 .text          0x0000000000025650        0x0 c:/psdk3v2/ps3dev/ppu/bin/../lib/gcc/powerpc64-ps3-elf/4.5.2/../../../../powerpc64-ps3-elf/lib\libc.a(lib_a-strtol.o)
 .text._strtol_r
                0x0000000000025650      0x24c c:/psdk3v2/ps3dev/ppu/bin/../lib/gcc/powerpc64-ps3-elf/4.5.2/../../../../powerpc64-ps3-elf/lib\libc.a(lib_a-strtol.o)
                0x0000000000025650                ._strtol_r
 *fill*         0x000000000002589c        0x4 60000000
 .text.strtol   0x00000000000258a0       0x60 c:/psdk3v2/ps3dev/ppu/bin/../lib/gcc/powerpc64-ps3-elf/4.5.2/../../../../powerpc64-ps3-elf/lib\libc.a(lib_a-strtol.o)
                0x00000000000258a0                .strtol
 .text          0x0000000000025900        0x0 c:/psdk3v2/ps3dev/ppu/bin/../lib/gcc/powerpc64-ps3-elf/4.5.2/../../../../powerpc64-ps3-elf/lib\libc.a(lib_a-strtoll_r.o)
 .text._strtoll_r
                0x0000000000025900      0x24c c:/psdk3v2/ps3dev/ppu/bin/../lib/gcc/powerpc64-ps3-elf/4.5.2/../../../../powerpc64-ps3-elf/lib\libc.a(lib_a-strtoll_r.o)
                0x0000000000025900                ._strtoll_r
 .text          0x0000000000025b4c        0x0 c:/psdk3v2/ps3dev/ppu/bin/../lib/gcc/powerpc64-ps3-elf/4.5.2/../../../../powerpc64-ps3-elf/lib\libc.a(lib_a-strtoul.o)
 *fill*         0x0000000000025b4c        0x4 60000000
 .text._strtoul_r
                0x0000000000025b50      0x230 c:/psdk3v2/ps3dev/ppu/bin/../lib/gcc/powerpc64-ps3-elf/4.5.2/../../../../powerpc64-ps3-elf/lib\libc.a(lib_a-strtoul.o)
                0x0000000000025b50                ._strtoul_r
 .text.strtoul  0x0000000000025d80       0x60 c:/psdk3v2/ps3dev/ppu/bin/../lib/gcc/powerpc64-ps3-elf/4.5.2/../../../../powerpc64-ps3-elf/lib\libc.a(lib_a-strtoul.o)
                0x0000000000025d80                .strtoul
 .text          0x0000000000025de0        0x0 c:/psdk3v2/ps3dev/ppu/bin/../lib/gcc/powerpc64-ps3-elf/4.5.2/../../../../powerpc64-ps3-elf/lib\libc.a(lib_a-strtoull_r.o)
 .text._strtoull_r
                0x0000000000025de0      0x230 c:/psdk3v2/ps3dev/ppu/bin/../lib/gcc/powerpc64-ps3-elf/4.5.2/../../../../powerpc64-ps3-elf/lib\libc.a(lib_a-strtoull_r.o)
                0x0000000000025de0                ._strtoull_r
 .text          0x0000000000026010        0x0 c:/psdk3v2/ps3dev/ppu/bin/../lib/gcc/powerpc64-ps3-elf/4.5.2/../../../../powerpc64-ps3-elf/lib\libc.a(lib_a-svfiscanf.o)
 .text._sungetc_r
                0x0000000000026010      0x158 c:/psdk3v2/ps3dev/ppu/bin/../lib/gcc/powerpc64-ps3-elf/4.5.2/../../../../powerpc64-ps3-elf/lib\libc.a(lib_a-svfiscanf.o)
                0x0000000000026010                ._sungetc_r
 .text.__ssrefill_r
                0x0000000000026168       0xa0 c:/psdk3v2/ps3dev/ppu/bin/../lib/gcc/powerpc64-ps3-elf/4.5.2/../../../../powerpc64-ps3-elf/lib\libc.a(lib_a-svfiscanf.o)
                0x0000000000026168                .__ssrefill_r
 .text._sfread_r
                0x0000000000026208      0x194 c:/psdk3v2/ps3dev/ppu/bin/../lib/gcc/powerpc64-ps3-elf/4.5.2/../../../../powerpc64-ps3-elf/lib\libc.a(lib_a-svfiscanf.o)
                0x0000000000026208                ._sfread_r
 *fill*         0x000000000002639c        0x4 60000000
 .text.__ssvfiscanf_r
                0x00000000000263a0     0x1208 c:/psdk3v2/ps3dev/ppu/bin/../lib/gcc/powerpc64-ps3-elf/4.5.2/../../../../powerpc64-ps3-elf/lib\libc.a(lib_a-svfiscanf.o)
                0x00000000000263a0                .__ssvfiscanf_r
 .text          0x00000000000275a8        0x0 c:/psdk3v2/ps3dev/ppu/bin/../lib/gcc/powerpc64-ps3-elf/4.5.2/../../../../powerpc64-ps3-elf/lib\libc.a(lib_a-svfprintf.o)
 .text._svfprintf_r
                0x00000000000275a8     0x2120 c:/psdk3v2/ps3dev/ppu/bin/../lib/gcc/powerpc64-ps3-elf/4.5.2/../../../../powerpc64-ps3-elf/lib\libc.a(lib_a-svfprintf.o)
                0x00000000000275a8                ._svfprintf_r
 .text          0x00000000000296c8        0x0 c:/psdk3v2/ps3dev/ppu/bin/../lib/gcc/powerpc64-ps3-elf/4.5.2/../../../../powerpc64-ps3-elf/lib\libc.a(lib_a-ungetc.o)
 .text.__submore
                0x00000000000296c8      0x124 c:/psdk3v2/ps3dev/ppu/bin/../lib/gcc/powerpc64-ps3-elf/4.5.2/../../../../powerpc64-ps3-elf/lib\libc.a(lib_a-ungetc.o)
                0x00000000000296c8                .__submore
 *fill*         0x00000000000297ec        0x4 60000000
 .text._ungetc_r
                0x00000000000297f0      0x2b8 c:/psdk3v2/ps3dev/ppu/bin/../lib/gcc/powerpc64-ps3-elf/4.5.2/../../../../powerpc64-ps3-elf/lib\libc.a(lib_a-ungetc.o)
                0x00000000000297f0                ._ungetc_r
 .text.ungetc   0x0000000000029aa8       0x50 c:/psdk3v2/ps3dev/ppu/bin/../lib/gcc/powerpc64-ps3-elf/4.5.2/../../../../powerpc64-ps3-elf/lib\libc.a(lib_a-ungetc.o)
                0x0000000000029aa8                .ungetc
 .text          0x0000000000029af8        0x0 c:/psdk3v2/ps3dev/ppu/bin/../lib/gcc/powerpc64-ps3-elf/4.5.2/../../../../powerpc64-ps3-elf/lib\libc.a(lib_a-dtoa.o)
 .text.quorem   0x0000000000029af8      0x258 c:/psdk3v2/ps3dev/ppu/bin/../lib/gcc/powerpc64-ps3-elf/4.5.2/../../../../powerpc64-ps3-elf/lib\libc.a(lib_a-dtoa.o)