Archive member included because of file (symbol)

c:/PSDK3v2/ps3dev/portlibs/ppu/lib\libtiny3d.a(tiny3d.o)
                              main.o (tiny3d_Init)
c:/PSDK3v2/ps3dev/portlibs/ppu/lib\libtiny3d.a(vshader_text_normal.vcg.o)
                              c:/PSDK3v2/ps3dev/portlibs/ppu/lib\libtiny3d.a(tiny3d.o) (vshader_text_normal_bin)
c:/PSDK3v2/ps3dev/portlibs/ppu/lib\libtiny3d.a(commands.o)
                              c:/PSDK3v2/ps3dev/portlibs/ppu/lib\libtiny3d.a(tiny3d.o) (rsxtiny_MakeCmdSpace)
c:/PSDK3v2/ps3dev/portlibs/ppu/lib\libtiny3d.a(glue.o)
                              c:/PSDK3v2/ps3dev/portlibs/ppu/lib\libtiny3d.a(tiny3d.o) (rsxtiny_FlushBuffer)
c:/PSDK3v2/ps3dev/portlibs/ppu/lib\libtiny3d.a(matrix.o)
                              c:/PSDK3v2/ps3dev/portlibs/ppu/lib\libtiny3d.a(tiny3d.o) (MatrixVectorMultiply)
c:/PSDK3v2/ps3dev/portlibs/ppu/lib\libtiny3d.a(mm.o)
                              c:/PSDK3v2/ps3dev/portlibs/ppu/lib\libtiny3d.a(tiny3d.o) (rsxtiny_MemAlign)
c:/PSDK3v2/ps3dev/portlibs/ppu/lib\libtiny3d.a(realityVP.o)
                              c:/PSDK3v2/ps3dev/portlibs/ppu/lib\libtiny3d.a(commands.o) (rsxtiny_VertexProgramGetUCode)
c:/PSDK3v2/ps3dev/portlibs/ppu/lib\libtiny3d.a(rsxutil.o)
                              c:/PSDK3v2/ps3dev/portlibs/ppu/lib\libtiny3d.a(tiny3d.o) (waitFlip)
c:/PSDK3v2/ps3dev/portlibs/ppu/lib\libtiny3d.a(buffer.o)
                              c:/PSDK3v2/ps3dev/portlibs/ppu/lib\libtiny3d.a(commands.o) (tiny_rsxContextCallback)
c:/PSDK3v2/psl1ght/ppu/lib\libgcm_sys.a(sprx.o)
                              c:/PSDK3v2/ps3dev/portlibs/ppu/lib\libtiny3d.a(rsxutil.o) (gcmSetFlip)
c:/PSDK3v2/psl1ght/ppu/lib\libio.a(sprx.o)
                              main.o (ioPadInit)
c:/PSDK3v2/psl1ght/ppu/lib\libsysutil.a(sprx.o)
                              c:/PSDK3v2/ps3dev/portlibs/ppu/lib\libtiny3d.a(rsxutil.o) (videoConfigure)
c:/PSDK3v2/psl1ght/ppu/lib\libsysutil.a(sysutil_wrapper.o)
                              c:/PSDK3v2/ps3dev/portlibs/ppu/lib\libtiny3d.a(tiny3d.o) (sysUtilRegisterCallback)
c:/PSDK3v2/psl1ght/ppu/lib\librt.a(sbrk.o)
                              c:/psdk3v2/ps3dev/ppu/bin/../lib/gcc/powerpc64-ps3-elf/4.5.2/../../../../powerpc64-ps3-elf/lib/lv2-crt0.o (__librt_sbrk_r)
c:/PSDK3v2/psl1ght/ppu/lib\librt.a(exit.o)
                              c:/psdk3v2/ps3dev/ppu/bin/../lib/gcc/powerpc64-ps3-elf/4.5.2/../../../../powerpc64-ps3-elf/lib/lv2-crt0.o (__librt_exit)
c:/PSDK3v2/psl1ght/ppu/lib\librt.a(close.o)
                              c:/psdk3v2/ps3dev/ppu/bin/../lib/gcc/powerpc64-ps3-elf/4.5.2/../../../../powerpc64-ps3-elf/lib/lv2-crt0.o (__librt_close_r)
c:/PSDK3v2/psl1ght/ppu/lib\librt.a(lseek.o)
                              c:/psdk3v2/ps3dev/ppu/bin/../lib/gcc/powerpc64-ps3-elf/4.5.2/../../../../powerpc64-ps3-elf/lib/lv2-crt0.o (__librt_lseek_r)
c:/PSDK3v2/psl1ght/ppu/lib\librt.a(read.o)
                              c:/psdk3v2/ps3dev/ppu/bin/../lib/gcc/powerpc64-ps3-elf/4.5.2/../../../../powerpc64-ps3-elf/lib/lv2-crt0.o (__librt_read_r)
c:/PSDK3v2/psl1ght/ppu/lib\librt.a(open.o)
                              c:/psdk3v2/ps3dev/ppu/bin/../lib/gcc/powerpc64-ps3-elf/4.5.2/../../../../powerpc64-ps3-elf/lib/lv2-crt0.o (__librt_open_r)
c:/PSDK3v2/psl1ght/ppu/lib\librt.a(sleep.o)
                              c:/psdk3v2/ps3dev/ppu/bin/../lib/gcc/powerpc64-ps3-elf/4.5.2/../../../../powerpc64-ps3-elf/lib/lv2-crt0.o (__librt_usleep_r)
c:/PSDK3v2/psl1ght/ppu/lib\librt.a(write.o)
                              c:/psdk3v2/ps3dev/ppu/bin/../lib/gcc/powerpc64-ps3-elf/4.5.2/../../../../powerpc64-ps3-elf/lib/lv2-crt0.o (__librt_write_r)
c:/PSDK3v2/psl1ght/ppu/lib\librt.a(fstat.o)
                              c:/psdk3v2/ps3dev/ppu/bin/../lib/gcc/powerpc64-ps3-elf/4.5.2/../../../../powerpc64-ps3-elf/lib/lv2-crt0.o (__librt_fstat_r)
c:/PSDK3v2/psl1ght/ppu/lib\librt.a(socket.o)
                              c:/PSDK3v2/psl1ght/ppu/lib\librt.a(write.o) (send)
c:/PSDK3v2/psl1ght/ppu/lib\librt.a(lock.o)
                              c:/psdk3v2/ps3dev/ppu/bin/../lib/gcc/powerpc64-ps3-elf/4.5.2/../../../../powerpc64-ps3-elf/lib/lv2-crt0.o (__librt_sys_lwmutex_create_r)
c:/PSDK3v2/psl1ght/ppu/lib\librt.a(dirent.o)
                              c:/psdk3v2/ps3dev/ppu/bin/../lib/gcc/powerpc64-ps3-elf/4.5.2/../../../../powerpc64-ps3-elf/lib/lv2-crt0.o (__librt_opendir_r)
c:/PSDK3v2/psl1ght/ppu/lib\librt.a(mkdir.o)
                              c:/psdk3v2/ps3dev/ppu/bin/../lib/gcc/powerpc64-ps3-elf/4.5.2/../../../../powerpc64-ps3-elf/lib/lv2-crt0.o (__librt_mkdir_r)
c:/PSDK3v2/psl1ght/ppu/lib\librt.a(times.o)
                              c:/psdk3v2/ps3dev/ppu/bin/../lib/gcc/powerpc64-ps3-elf/4.5.2/../../../../powerpc64-ps3-elf/lib/lv2-crt0.o (__librt_times_r)
c:/PSDK3v2/psl1ght/ppu/lib\librt.a(umask.o)
                              c:/psdk3v2/ps3dev/ppu/bin/../lib/gcc/powerpc64-ps3-elf/4.5.2/../../../../powerpc64-ps3-elf/lib/lv2-crt0.o (__librt_umask_r)
[...]
Memory Configuration

Name             Origin             Length             Attributes
*default*        0x0000000000000000 0xffffffffffffffff

Linker script and memory map

                0x0000000000010000                PROVIDE (__executable_start, 0x10000)
                0x0000000000010200                . = (0x10000 + SIZEOF_HEADERS)

.interp
 *(.interp)

.hash
 *(.hash)

.dynsym
 *(.dynsym)

.dynstr
 *(.dynstr)

.gnu.version
 *(.gnu.version)

.gnu.version_d
 *(.gnu.version_d)

.gnu.version_r
 *(.gnu.version_r)

.rel.dyn
 *(.rel.init)
 *(.rel.text .rel.text.* .rel.gnu.linkonce.t.*)
 *(.rel.fini)
 *(.rel.rodata .rel.rodata.* .rel.gnu.linkonce.r.*)
 *(.rel.data.rel.ro*)
 *(.rel.data .rel.data.* .rel.gnu.linkonce.d.*)
 *(.rel.tdata .rel.tdata.* .rel.gnu.linkonce.td.*)
 *(.rel.tbss .rel.tbss.* .rel.gnu.linkonce.tb.*)
 *(.rel.ctors)
 *(.rel.dtors)
 *(.rel.got)
 *(.rel.sdata .rel.sdata.* .rel.gnu.linkonce.s.*)
 *(.rel.sbss .rel.sbss.* .rel.gnu.linkonce.sb.*)
 *(.rel.sdata2 .rel.sdata2.* .rel.gnu.linkonce.s2.*)
 *(.rel.sbss2 .rel.sbss2.* .rel.gnu.linkonce.sb2.*)
 *(.rel.bss .rel.bss.* .rel.gnu.linkonce.b.*)

.rela.dyn       0x0000000000010200        0x0
 *(.rela.init)
 *(.rela.text .rela.text.* .rela.gnu.linkonce.t.*)
 *(.rela.fini)
 *(.rela.rodata .rela.rodata.* .rela.gnu.linkonce.r.*)
 *(.rela.data .rela.data.* .rela.gnu.linkonce.d.*)
 *(.rela.tdata .rela.tdata.* .rela.gnu.linkonce.td.*)
 *(.rela.tbss .rela.tbss.* .rela.gnu.linkonce.tb.*)
 *(.rela.ctors)
 *(.rela.dtors)
 *(.rela.got)
 *(.rela.toc)
 .rela.toc      0x0000000000000000        0x0 linker stubs
 *(.rela.sdata .rela.sdata.* .rela.gnu.linkonce.s.*)
 *(.rela.sbss .rela.sbss.* .rela.gnu.linkonce.sb.*)
 *(.rela.sdata2 .rela.sdata2.* .rela.gnu.linkonce.s2.*)
 *(.rela.sbss2 .rela.sbss2.* .rela.gnu.linkonce.sb2.*)
 *(.rela.bss .rela.bss.* .rela.gnu.linkonce.b.*)
 .rela.iplt     0x0000000000000000        0x0 linker stubs
 .rela.sys_proc_prx_param
                0x0000000000000000        0x0 linker stubs
 .rela.opd      0x0000000000000000        0x0 linker stubs

.rel.plt
 *(.rel.plt)

.rela.plt
 *(.rela.plt)

.rela.tocbss
 *(.rela.tocbss)

.init           0x0000000000010200       0x2c
 *(.init)
 .init          0x0000000000010200        0xc c:/psdk3v2/ps3dev/ppu/bin/../lib/gcc/powerpc64-ps3-elf/4.5.2/../../../../powerpc64-ps3-elf/lib/lv2-crti.o
                0x0000000000010200                ._init
 .init          0x000000000001020c        0x8 c:/psdk3v2/ps3dev/ppu/bin/../lib/gcc/powerpc64-ps3-elf/4.5.2/crtbegin.o
 .init          0x0000000000010214        0x8 c:/psdk3v2/ps3dev/ppu/bin/../lib/gcc/powerpc64-ps3-elf/4.5.2/crtend.o
 .init          0x000000000001021c       0x10 c:/psdk3v2/ps3dev/ppu/bin/../lib/gcc/powerpc64-ps3-elf/4.5.2/../../../../powerpc64-ps3-elf/lib/lv2-crtn.o

.text           0x0000000000010230    0x1fcc4
 *(.text .stub .text.* .gnu.linkonce.t.*)
 .text          0x0000000000010230        0x0 c:/psdk3v2/ps3dev/ppu/bin/../lib/gcc/powerpc64-ps3-elf/4.5.2/../../../../powerpc64-ps3-elf/lib/lv2-crti.o
 .text          0x0000000000010230        0x0 c:/psdk3v2/ps3dev/ppu/bin/../lib/gcc/powerpc64-ps3-elf/4.5.2/crtbegin.o
 .text.__do_global_dtors_aux
                0x0000000000010230       0xc8 c:/psdk3v2/ps3dev/ppu/bin/../lib/gcc/powerpc64-ps3-elf/4.5.2/crtbegin.o
 .text.frame_dummy
                0x00000000000102f8       0x70 c:/psdk3v2/ps3dev/ppu/bin/../lib/gcc/powerpc64-ps3-elf/4.5.2/crtbegin.o
 .text          0x0000000000010368       0x58 c:/psdk3v2/ps3dev/ppu/bin/../lib/gcc/powerpc64-ps3-elf/4.5.2/../../../../powerpc64-ps3-elf/lib/lv2-crt0.o
                0x0000000000010368                ._start
 .text.__syscalls_init
                0x00000000000103c0      0x15c c:/psdk3v2/ps3dev/ppu/bin/../lib/gcc/powerpc64-ps3-elf/4.5.2/../../../../powerpc64-ps3-elf/lib/lv2-crt0.o
 *fill*         0x000000000001051c        0x4 60000000
 .text._initialize
                0x0000000000010520       0x40 c:/psdk3v2/ps3dev/ppu/bin/../lib/gcc/powerpc64-ps3-elf/4.5.2/../../../../powerpc64-ps3-elf/lib/lv2-crt0.o
                0x0000000000010520                ._initialize
 .text          0x0000000000010560        0x0 c:/psdk3v2/ps3dev/ppu/bin/../lib/gcc/powerpc64-ps3-elf/4.5.2/../../../../powerpc64-ps3-elf/lib/lv2-sprx.o
 .text          0x0000000000010560        0x0 dorian_png.bin.o
 .text          0x0000000000010560        0x0 main.o
 .text.exiting  0x0000000000010560       0x34 main.o
                0x0000000000010560                .exiting
 *fill*         0x0000000000010594        0x4 60000000
 .text.DrawBackground2D
                0x0000000000010598       0xdc main.o
                0x0000000000010598                .DrawBackground2D
 *fill*         0x0000000000010674        0x4 60000000
 .text.DrawSprites2D
                0x0000000000010678      0x148 main.o
                0x0000000000010678                .DrawSprites2D
 .text.drawScene
                0x00000000000107c0       0x94 main.o
                0x00000000000107c0                .drawScene
 *fill*         0x0000000000010854        0x4 60000000
 .text.Load_PNG
                0x0000000000010858       0x40 main.o
                0x0000000000010858                .Load_PNG
 .text.LoadTexture
                0x0000000000010898       0xb0 main.o
                0x0000000000010898                .LoadTexture
 .text.main     0x0000000000010948      0x184 main.o
                0x0000000000010948                .main
 .text          0x0000000000010acc        0x0 c:/PSDK3v2/ps3dev/portlibs/ppu/lib\libtiny3d.a(tiny3d.o)
 *fill*         0x0000000000010acc        0x4 60000000
 .text.push_list_cmd
                0x0000000000010ad0      0x154 c:/PSDK3v2/ps3dev/portlibs/ppu/lib\libtiny3d.a(tiny3d.o)
 *fill*         0x0000000000010c24        0x4 60000000
 .text.rsxtiny_SetVertexProgramConstant3f
                0x0000000000010c28       0x58 c:/PSDK3v2/ps3dev/portlibs/ppu/lib\libtiny3d.a(tiny3d.o)
 .text.Update_With_Normal
                0x0000000000010c80      0x2a0 c:/PSDK3v2/ps3dev/portlibs/ppu/lib\libtiny3d.a(tiny3d.o)
 .text.set_shader_context
                0x0000000000010f20      0x398 c:/PSDK3v2/ps3dev/portlibs/ppu/lib\libtiny3d.a(tiny3d.o)
 .text.put_vertex
                0x00000000000112b8      0x258 c:/PSDK3v2/ps3dev/portlibs/ppu/lib\libtiny3d.a(tiny3d.o)
 .text.push_normal_list
                0x0000000000011510      0x1c4 c:/PSDK3v2/ps3dev/portlibs/ppu/lib\libtiny3d.a(tiny3d.o)
 *fill*         0x00000000000116d4        0x4 60000000
 .text.push_position_list
                0x00000000000116d8      0x1f0 c:/PSDK3v2/ps3dev/portlibs/ppu/lib\libtiny3d.a(tiny3d.o)
 .text.tiny3d_callback
                0x00000000000118c8      0x1a0 c:/PSDK3v2/ps3dev/portlibs/ppu/lib\libtiny3d.a(tiny3d.o)
 .text.tiny3d_Exit
                0x0000000000011a68      0x1ec c:/PSDK3v2/ps3dev/portlibs/ppu/lib\libtiny3d.a(tiny3d.o)
                0x0000000000011a68                .tiny3d_Exit
 *fill*         0x0000000000011c54        0x4 60000000
 .text.tiny3d_alarm
                0x0000000000011c58       0x10 c:/PSDK3v2/ps3dev/portlibs/ppu/lib\libtiny3d.a(tiny3d.o)
                0x0000000000011c58                .tiny3d_alarm
 .text.tiny3d_RecordList
                0x0000000000011c68       0xa4 c:/PSDK3v2/ps3dev/portlibs/ppu/lib\libtiny3d.a(tiny3d.o)
                0x0000000000011c68                .tiny3d_RecordList
 *fill*         0x0000000000011d0c        0x4 60000000
 .text.tiny3d_StopList
                0x0000000000011d10      0x138 c:/PSDK3v2/ps3dev/portlibs/ppu/lib\libtiny3d.a(tiny3d.o)
                0x0000000000011d10                .tiny3d_StopList
 .text.tiny3d_FreeList
                0x0000000000011e48       0xcc c:/PSDK3v2/ps3dev/portlibs/ppu/lib\libtiny3d.a(tiny3d.o)
                0x0000000000011e48                .tiny3d_FreeList
 *fill*         0x0000000000011f14        0x4 60000000
 .text.tiny3d_DynamicMatrixList
                0x0000000000011f18       0xec c:/PSDK3v2/ps3dev/portlibs/ppu/lib\libtiny3d.a(tiny3d.o)
                0x0000000000011f18                .tiny3d_DynamicMatrixList
 *fill*         0x0000000000012004        0x4 60000000
 .text.tiny3d_ApplyMatrixList
                0x0000000000012008       0xc8 c:/PSDK3v2/ps3dev/portlibs/ppu/lib\libtiny3d.a(tiny3d.o)
                0x0000000000012008                .tiny3d_ApplyMatrixList
 .text.tiny3d_Init
                0x00000000000120d0      0x4ec c:/PSDK3v2/ps3dev/portlibs/ppu/lib\libtiny3d.a(tiny3d.o)
                0x00000000000120d0                .tiny3d_Init
 *fill*         0x00000000000125bc        0x4 60000000
 .text.tiny3d_SetPolygon
                0x00000000000125c0      0x228 c:/PSDK3v2/ps3dev/portlibs/ppu/lib\libtiny3d.a(tiny3d.o)
                0x00000000000125c0                .tiny3d_SetPolygon
 .text.tiny3d_VertexPos
                0x00000000000127e8       0xcc c:/PSDK3v2/ps3dev/portlibs/ppu/lib\libtiny3d.a(tiny3d.o)
                0x00000000000127e8                .tiny3d_VertexPos
 *fill*         0x00000000000128b4        0x4 60000000
 .text.tiny3d_VertexPos4
                0x00000000000128b8       0xd0 c:/PSDK3v2/ps3dev/portlibs/ppu/lib\libtiny3d.a(tiny3d.o)
                0x00000000000128b8                .tiny3d_VertexPos4
 .text.tiny3d_VertexPosVector
                0x0000000000012988       0xe0 c:/PSDK3v2/ps3dev/portlibs/ppu/lib\libtiny3d.a(tiny3d.o)
                0x0000000000012988                .tiny3d_VertexPosVector
 .text.tiny3d_VertexColor
                0x0000000000012a68       0xb4 c:/PSDK3v2/ps3dev/portlibs/ppu/lib\libtiny3d.a(tiny3d.o)
                0x0000000000012a68                .tiny3d_VertexColor
 *fill*         0x0000000000012b1c        0x4 60000000
 .text.tiny3d_VertexFcolor
                0x0000000000012b20      0x104 c:/PSDK3v2/ps3dev/portlibs/ppu/lib\libtiny3d.a(tiny3d.o)
                0x0000000000012b20                .tiny3d_VertexFcolor
 *fill*         0x0000000000012c24        0x4 60000000
 .text.tiny3d_VertexTexture
                0x0000000000012c28       0xbc c:/PSDK3v2/ps3dev/portlibs/ppu/lib\libtiny3d.a(tiny3d.o)
                0x0000000000012c28                .tiny3d_VertexTexture
 *fill*         0x0000000000012ce4        0x4 60000000
 .text.tiny3d_VertexTexture2
                0x0000000000012ce8       0xcc c:/PSDK3v2/ps3dev/portlibs/ppu/lib\libtiny3d.a(tiny3d.o)
                0x0000000000012ce8                .tiny3d_VertexTexture2
 *fill*         0x0000000000012db4        0x4 60000000
 .text.tiny3d_Normal
                0x0000000000012db8       0x48 c:/PSDK3v2/ps3dev/portlibs/ppu/lib\libtiny3d.a(tiny3d.o)
                0x0000000000012db8                .tiny3d_Normal
 .text.tiny3d_NormalVector
                0x0000000000012e00       0x58 c:/PSDK3v2/ps3dev/portlibs/ppu/lib\libtiny3d.a(tiny3d.o)
                0x0000000000012e00                .tiny3d_NormalVector
 .text.tiny3d_End
                0x0000000000012e58      0x690 c:/PSDK3v2/ps3dev/portlibs/ppu/lib\libtiny3d.a(tiny3d.o)
                0x0000000000012e58                .tiny3d_End
 .text.tiny3d_SetMatrixModelView
                0x00000000000134e8      0x278 c:/PSDK3v2/ps3dev/portlibs/ppu/lib\libtiny3d.a(tiny3d.o)
                0x00000000000134e8                .tiny3d_SetMatrixModelView
 .text.tiny3d_SetProjectionMatrix
                0x0000000000013760       0xd8 c:/PSDK3v2/ps3dev/portlibs/ppu/lib\libtiny3d.a(tiny3d.o)
                0x0000000000013760                .tiny3d_SetProjectionMatrix
 .text.tiny3d_Flip
                0x0000000000013838       0xf8 c:/PSDK3v2/ps3dev/portlibs/ppu/lib\libtiny3d.a(tiny3d.o)
                0x0000000000013838                .tiny3d_Flip
 .text.tiny3d_UserViewport
                0x0000000000013930       0x5c c:/PSDK3v2/ps3dev/portlibs/ppu/lib\libtiny3d.a(tiny3d.o)
                0x0000000000013930                .tiny3d_UserViewport
 *fill*         0x000000000001398c        0x4 60000000
 .text.tiny3d_UserViewport2
                0x0000000000013990       0x58 c:/PSDK3v2/ps3dev/portlibs/ppu/lib\libtiny3d.a(tiny3d.o)
                0x0000000000013990                .tiny3d_UserViewport2
 .text.tiny3d_UserViewportSurface
                0x00000000000139e8       0x28 c:/PSDK3v2/ps3dev/portlibs/ppu/lib\libtiny3d.a(tiny3d.o)
                0x00000000000139e8                .tiny3d_UserViewportSurface
 .text.tiny3d_Project2D
                0x0000000000013a10      0x310 c:/PSDK3v2/ps3dev/portlibs/ppu/lib\libtiny3d.a(tiny3d.o)
                0x0000000000013a10                .tiny3d_Project2D
 .text.tiny3d_Project3D
                0x0000000000013d20      0x254 c:/PSDK3v2/ps3dev/portlibs/ppu/lib\libtiny3d.a(tiny3d.o)
                0x0000000000013d20                .tiny3d_Project3D
 *fill*         0x0000000000013f74        0x4 60000000
 .text.tiny3d_Clear
                0x0000000000013f78      0x330 c:/PSDK3v2/ps3dev/portlibs/ppu/lib\libtiny3d.a(tiny3d.o)
                0x0000000000013f78                .tiny3d_Clear
 .text.tiny3d_ClearSurface
                0x00000000000142a8      0x204 c:/PSDK3v2/ps3dev/portlibs/ppu/lib\libtiny3d.a(tiny3d.o)
                0x00000000000142a8                .tiny3d_ClearSurface
 *fill*         0x00000000000144ac        0x4 60000000
 .text.tiny3d_AlphaTest
                0x00000000000144b0       0x88 c:/PSDK3v2/ps3dev/portlibs/ppu/lib\libtiny3d.a(tiny3d.o)
                0x00000000000144b0                .tiny3d_AlphaTest
 .text.tiny3d_BlendFunc
                0x0000000000014538       0x84 c:/PSDK3v2/ps3dev/portlibs/ppu/lib\libtiny3d.a(tiny3d.o)
                0x0000000000014538                .tiny3d_BlendFunc
 *fill*         0x00000000000145bc        0x4 60000000
 .text.tiny3d_SetTextureWrap
                0x00000000000145c0      0x288 c:/PSDK3v2/ps3dev/portlibs/ppu/lib\libtiny3d.a(tiny3d.o)
                0x00000000000145c0                .tiny3d_SetTextureWrap
 .text.tiny3d_SetTexture
                0x0000000000014848      0x1e4 c:/PSDK3v2/ps3dev/portlibs/ppu/lib\libtiny3d.a(tiny3d.o)
                0x0000000000014848                .tiny3d_SetTexture
 *fill*         0x0000000000014a2c        0x4 60000000
 .text.tiny3d_AllocTexture
                0x0000000000014a30       0x38 c:/PSDK3v2/ps3dev/portlibs/ppu/lib\libtiny3d.a(tiny3d.o)
                0x0000000000014a30                .tiny3d_AllocTexture
 .text.tiny3d_TextureOffset
                0x0000000000014a68       0x40 c:/PSDK3v2/ps3dev/portlibs/ppu/lib\libtiny3d.a(tiny3d.o)
                0x0000000000014a68                .tiny3d_TextureOffset
 .text.tiny3d_EmissiveMaterial
                0x0000000000014aa8       0xf4 c:/PSDK3v2/ps3dev/portlibs/ppu/lib\libtiny3d.a(tiny3d.o)
                0x0000000000014aa8                .tiny3d_EmissiveMaterial
 *fill*         0x0000000000014b9c        0x4 60000000
 .text.tiny3d_AmbientMaterial
                0x0000000000014ba0       0xf4 c:/PSDK3v2/ps3dev/portlibs/ppu/lib\libtiny3d.a(tiny3d.o)
                0x0000000000014ba0                .tiny3d_AmbientMaterial
 *fill*         0x0000000000014c94        0x4 60000000
 .text.tiny3d_DiffuseMaterial
                0x0000000000014c98       0xf4 c:/PSDK3v2/ps3dev/portlibs/ppu/lib\libtiny3d.a(tiny3d.o)
                0x0000000000014c98                .tiny3d_DiffuseMaterial
 *fill*         0x0000000000014d8c        0x4 60000000
 .text.tiny3d_SpecularMaterial
                0x0000000000014d90       0xf4 c:/PSDK3v2/ps3dev/portlibs/ppu/lib\libtiny3d.a(tiny3d.o)
                0x0000000000014d90                .tiny3d_SpecularMaterial
 *fill*         0x0000000000014e84        0x4 60000000
 .text.tiny3d_SetLightCameraPosition
                0x0000000000014e88       0x38 c:/PSDK3v2/ps3dev/portlibs/ppu/lib\libtiny3d.a(tiny3d.o)
                0x0000000000014e88                .tiny3d_SetLightCameraPosition
 .text.tiny3d_SetLight
                0x0000000000014ec0       0x90 c:/PSDK3v2/ps3dev/portlibs/ppu/lib\libtiny3d.a(tiny3d.o)
                0x0000000000014ec0                .tiny3d_SetLight
 .text.tiny3d_SetLightsOff
                0x0000000000014f50       0x38 c:/PSDK3v2/ps3dev/portlibs/ppu/lib\libtiny3d.a(tiny3d.o)
                0x0000000000014f50                .tiny3d_SetLightsOff
 .text.tiny3d_SetAmbientLight
                0x0000000000014f88       0x38 c:/PSDK3v2/ps3dev/portlibs/ppu/lib\libtiny3d.a(tiny3d.o)
                0x0000000000014f88                .tiny3d_SetAmbientLight
 .text.tiny3d_SelMultiTexturesMethod
                0x0000000000014fc0       0xac c:/PSDK3v2/ps3dev/portlibs/ppu/lib\libtiny3d.a(tiny3d.o)
                0x0000000000014fc0                .tiny3d_SelMultiTexturesMethod
 *fill*         0x000000000001506c        0x4 60000000
 .text.tiny3d_DrawList
                0x0000000000015070      0x65c c:/PSDK3v2/ps3dev/portlibs/ppu/lib\libtiny3d.a(tiny3d.o)
                0x0000000000015070                .tiny3d_DrawList
 *fill*         0x00000000000156cc        0x4 60000000
 .text.tiny3d_MenuActive
                0x00000000000156d0       0x1c c:/PSDK3v2/ps3dev/portlibs/ppu/lib\libtiny3d.a(tiny3d.o)
                0x00000000000156d0                .tiny3d_MenuActive
 *fill*         0x00000000000156ec        0x4 60000000
 .text.tiny3d_Enable_YUV
                0x00000000000156f0       0x2c c:/PSDK3v2/ps3dev/portlibs/ppu/lib\libtiny3d.a(tiny3d.o)
                0x00000000000156f0                .tiny3d_Enable_YUV
 *fill*         0x000000000001571c        0x4 60000000
 .text.tiny3d_Disable_YUV
                0x0000000000015720       0x28 c:/PSDK3v2/ps3dev/portlibs/ppu/lib\libtiny3d.a(tiny3d.o)
                0x0000000000015720                .tiny3d_Disable_YUV
 .text.tiny3d_Dirty_Status
                0x0000000000015748       0x78 c:/PSDK3v2/ps3dev/portlibs/ppu/lib\libtiny3d.a(tiny3d.o)
                0x0000000000015748                .tiny3d_Dirty_Status
 .text.tiny3d_Get_GCM_Context
                0x00000000000157c0       0x18 c:/PSDK3v2/ps3dev/portlibs/ppu/lib\libtiny3d.a(tiny3d.o)
                0x00000000000157c0                .tiny3d_Get_GCM_Context
 .text.tiny3d_DoCmd_Space
                0x00000000000157d8       0x4c c:/PSDK3v2/ps3dev/portlibs/ppu/lib\libtiny3d.a(tiny3d.o)
                0x00000000000157d8                .tiny3d_DoCmd_Space
 .text          0x0000000000015824        0x0 c:/PSDK3v2/ps3dev/portlibs/ppu/lib\libtiny3d.a(vshader_text_normal.vcg.o)
 .text          0x0000000000015824        0x0 c:/PSDK3v2/ps3dev/portlibs/ppu/lib\libtiny3d.a(commands.o)
 *fill*         0x0000000000015824        0x4 60000000
 .text.rsxtiny_MakeCmdSpace
                0x0000000000015828       0xec c:/PSDK3v2/ps3dev/portlibs/ppu/lib\libtiny3d.a(commands.o)
                0x0000000000015828                .rsxtiny_MakeCmdSpace
 *fill*         0x0000000000015914        0x4 60000000
 .text.rsxtiny_SetReferenceCommand
                0x0000000000015918      0x10c c:/PSDK3v2/ps3dev/portlibs/ppu/lib\libtiny3d.a(commands.o)
                0x0000000000015918                .rsxtiny_SetReferenceCommand
 *fill*         0x0000000000015a24        0x4 60000000
 .text.rsxtiny_SetWriteBackendLabel
                0x0000000000015a28      0x154 c:/PSDK3v2/ps3dev/portlibs/ppu/lib\libtiny3d.a(commands.o)
                0x0000000000015a28                .rsxtiny_SetWriteBackendLabel
 *fill*         0x0000000000015b7c        0x4 60000000
 .text.rsxtiny_SetWaitLabel
                0x0000000000015b80      0x134 c:/PSDK3v2/ps3dev/portlibs/ppu/lib\libtiny3d.a(commands.o)
                0x0000000000015b80                .rsxtiny_SetWaitLabel
 *fill*         0x0000000000015cb4        0x4 60000000
 .text.rsxtiny_SetScissor
                0x0000000000015cb8      0x154 c:/PSDK3v2/ps3dev/portlibs/ppu/lib\libtiny3d.a(commands.o)
                0x0000000000015cb8                .rsxtiny_SetScissor
 *fill*         0x0000000000015e0c        0x4 60000000
 .text.rsxtiny_SetClearColor
                0x0000000000015e10      0x10c c:/PSDK3v2/ps3dev/portlibs/ppu/lib\libtiny3d.a(commands.o)
                0x0000000000015e10                .rsxtiny_SetClearColor
 *fill*         0x0000000000015f1c        0x4 60000000
 .text.rsxtiny_SetClearDepthValue
                0x0000000000015f20      0x10c c:/PSDK3v2/ps3dev/portlibs/ppu/lib\libtiny3d.a(commands.o)
                0x0000000000015f20                .rsxtiny_SetClearDepthValue
 *fill*         0x000000000001602c        0x4 60000000
 .text.rsxtiny_Nop
                0x0000000000016030       0xfc c:/PSDK3v2/ps3dev/portlibs/ppu/lib\libtiny3d.a(commands.o)
                0x0000000000016030                .rsxtiny_Nop
 *fill*         0x000000000001612c        0x4 60000000
 .text.rsxtiny_ClearBuffers
                0x0000000000016130      0x12c c:/PSDK3v2/ps3dev/portlibs/ppu/lib\libtiny3d.a(commands.o)
                0x0000000000016130                .rsxtiny_ClearBuffers
 *fill*         0x000000000001625c        0x4 60000000
 .text.rsxtiny_SetRenderSurface
                0x0000000000016260      0x17c c:/PSDK3v2/ps3dev/portlibs/ppu/lib\libtiny3d.a(commands.o)
                0x0000000000016260                .rsxtiny_SetRenderSurface
 *fill*         0x00000000000163dc        0x4 60000000
 .text.rsxtiny_SelectRenderTarget
                0x00000000000163e0      0x204 c:/PSDK3v2/ps3dev/portlibs/ppu/lib\libtiny3d.a(commands.o)
                0x00000000000163e0                .rsxtiny_SelectRenderTarget
 *fill*         0x00000000000165e4        0x4 60000000
 .text.rsxtiny_Viewport
                0x00000000000165e8      0x12c c:/PSDK3v2/ps3dev/portlibs/ppu/lib\libtiny3d.a(commands.o)
                0x00000000000165e8                .rsxtiny_Viewport
 *fill*         0x0000000000016714        0x4 60000000
 .text.rsxtiny_ViewportClip
                0x0000000000016718      0x14c c:/PSDK3v2/ps3dev/portlibs/ppu/lib\libtiny3d.a(commands.o)
                0x0000000000016718                .rsxtiny_ViewportClip
 *fill*         0x0000000000016864        0x4 60000000
 .text.rsxtiny_VertexBegin
                0x0000000000016868      0x10c c:/PSDK3v2/ps3dev/portlibs/ppu/lib\libtiny3d.a(commands.o)
                0x0000000000016868                .rsxtiny_VertexBegin
 *fill*         0x0000000000016974        0x4 60000000
 .text.rsxtiny_VertexEnd
                0x0000000000016978       0xfc c:/PSDK3v2/ps3dev/portlibs/ppu/lib\libtiny3d.a(commands.o)
                0x0000000000016978                .rsxtiny_VertexEnd
 *fill*         0x0000000000016a74        0x4 60000000
 .text.rsxtiny_Vertex4f
                0x0000000000016a78      0x134 c:/PSDK3v2/ps3dev/portlibs/ppu/lib\libtiny3d.a(commands.o)
                0x0000000000016a78                .rsxtiny_Vertex4f
 *fill*         0x0000000000016bac        0x4 60000000
 .text.rsxtiny_TexCoord2f
                0x0000000000016bb0      0x114 c:/PSDK3v2/ps3dev/portlibs/ppu/lib\libtiny3d.a(commands.o)
                0x0000000000016bb0                .rsxtiny_TexCoord2f
 *fill*         0x0000000000016cc4        0x4 60000000
 .text.rsxtiny_SetVertexProgramConstant4f
                0x0000000000016cc8      0x14c c:/PSDK3v2/ps3dev/portlibs/ppu/lib\libtiny3d.a(commands.o)
                0x0000000000016cc8                .rsxtiny_SetVertexProgramConstant4f
 *fill*         0x0000000000016e14        0x4 60000000
 .text.rsxtiny_LoadVertexProgram
                0x0000000000016e18      0x2f4 c:/PSDK3v2/ps3dev/portlibs/ppu/lib\libtiny3d.a(commands.o)
                0x0000000000016e18                .rsxtiny_LoadVertexProgram
 *fill*         0x000000000001710c        0x4 60000000
 .text.rsxtiny_SetVertexProgramConstant4fBlock
                0x0000000000017110      0x160 c:/PSDK3v2/ps3dev/portlibs/ppu/lib\libtiny3d.a(commands.o)
                0x0000000000017110                .rsxtiny_SetVertexProgramConstant4fBlock
 .text.rsxtiny_InstallFragmentProgram
                0x0000000000017270       0x70 c:/PSDK3v2/ps3dev/portlibs/ppu/lib\libtiny3d.a(commands.o)
                0x0000000000017270                .rsxtiny_InstallFragmentProgram
 .text.rsxtiny_LoadFragmentProgram
                0x00000000000172e0      0x13c c:/PSDK3v2/ps3dev/portlibs/ppu/lib\libtiny3d.a(commands.o)
                0x00000000000172e0                .rsxtiny_LoadFragmentProgram
 *fill*         0x000000000001741c        0x4 60000000
 .text.rsxtiny_InvalidateTextureCache
                0x0000000000017420      0x10c c:/PSDK3v2/ps3dev/portlibs/ppu/lib\libtiny3d.a(commands.o)
                0x0000000000017420                .rsxtiny_InvalidateTextureCache
 *fill*         0x000000000001752c        0x4 60000000
 .text.rsxtiny_SetTexture
                0x0000000000017530      0x204 c:/PSDK3v2/ps3dev/portlibs/ppu/lib\libtiny3d.a(commands.o)
                0x0000000000017530                .rsxtiny_SetTexture
 *fill*         0x0000000000017734        0x4 60000000
 .text.rsxtiny_ViewportTranslate
                0x0000000000017738      0x134 c:/PSDK3v2/ps3dev/portlibs/ppu/lib\libtiny3d.a(commands.o)
                0x0000000000017738                .rsxtiny_ViewportTranslate
 *fill*         0x000000000001786c        0x4 60000000
 .text.rsxtiny_ViewportScale
                0x0000000000017870      0x134 c:/PSDK3v2/ps3dev/portlibs/ppu/lib\libtiny3d.a(commands.o)
                0x0000000000017870                .rsxtiny_ViewportScale
 *fill*         0x00000000000179a4        0x4 60000000
 .text.rsxtiny_CullFace
                0x00000000000179a8      0x10c c:/PSDK3v2/ps3dev/portlibs/ppu/lib\libtiny3d.a(commands.o)
                0x00000000000179a8                .rsxtiny_CullFace
 *fill*         0x0000000000017ab4        0x4 60000000
 .text.rsxtiny_FrontFace
                0x0000000000017ab8      0x10c c:/PSDK3v2/ps3dev/portlibs/ppu/lib\libtiny3d.a(commands.o)
                0x0000000000017ab8                .rsxtiny_FrontFace
 *fill*         0x0000000000017bc4        0x4 60000000
 .text.rsxtiny_CullEnable
                0x0000000000017bc8      0x10c c:/PSDK3v2/ps3dev/portlibs/ppu/lib\libtiny3d.a(commands.o)
                0x0000000000017bc8                .rsxtiny_CullEnable
 *fill*         0x0000000000017cd4        0x4 60000000
 .text.rsxtiny_AlphaEnable
                0x0000000000017cd8      0x10c c:/PSDK3v2/ps3dev/portlibs/ppu/lib\libtiny3d.a(commands.o)
                0x0000000000017cd8                .rsxtiny_AlphaEnable
 *fill*         0x0000000000017de4        0x4 60000000
 .text.rsxtiny_AlphaRef
                0x0000000000017de8      0x10c c:/PSDK3v2/ps3dev/portlibs/ppu/lib\libtiny3d.a(commands.o)
                0x0000000000017de8                .rsxtiny_AlphaRef
 *fill*         0x0000000000017ef4        0x4 60000000
 .text.rsxtiny_AlphaFunc
                0x0000000000017ef8      0x10c c:/PSDK3v2/ps3dev/portlibs/ppu/lib\libtiny3d.a(commands.o)
                0x0000000000017ef8                .rsxtiny_AlphaFunc
 *fill*         0x0000000000018004        0x4 60000000
 .text.rsxtiny_BlendEnable
                0x0000000000018008      0x10c c:/PSDK3v2/ps3dev/portlibs/ppu/lib\libtiny3d.a(commands.o)
                0x0000000000018008                .rsxtiny_BlendEnable
 *fill*         0x0000000000018114        0x4 60000000
 .text.rsxtiny_BlendEquation
                0x0000000000018118      0x10c c:/PSDK3v2/ps3dev/portlibs/ppu/lib\libtiny3d.a(commands.o)
                0x0000000000018118                .rsxtiny_BlendEquation
 *fill*         0x0000000000018224        0x4 60000000
 .text.rsxtiny_BlendFunc
                0x0000000000018228      0x124 c:/PSDK3v2/ps3dev/portlibs/ppu/lib\libtiny3d.a(commands.o)
                0x0000000000018228                .rsxtiny_BlendFunc
 *fill*         0x000000000001834c        0x4 60000000
 .text.rsxtiny_ZControl
                0x0000000000018350      0x13c c:/PSDK3v2/ps3dev/portlibs/ppu/lib\libtiny3d.a(commands.o)
                0x0000000000018350                .rsxtiny_ZControl
 *fill*         0x000000000001848c        0x4 60000000
 .text.rsxtiny_BindVertexBufferAttribute
                0x0000000000018490      0x194 c:/PSDK3v2/ps3dev/portlibs/ppu/lib\libtiny3d.a(commands.o)
                0x0000000000018490                .rsxtiny_BindVertexBufferAttribute
 *fill*         0x0000000000018624        0x4 60000000
 .text.rsxtiny_VertexInvalidate
                0x0000000000018628      0x10c c:/PSDK3v2/ps3dev/portlibs/ppu/lib\libtiny3d.a(commands.o)
                0x0000000000018628                .rsxtiny_VertexInvalidate
 *fill*         0x0000000000018734        0x4 60000000
 .text.rsxtiny_DrawVertexBuffer
                0x0000000000018738      0x2f0 c:/PSDK3v2/ps3dev/portlibs/ppu/lib\libtiny3d.a(commands.o)
                0x0000000000018738                .rsxtiny_DrawVertexBuffer
 .text.rsxtiny_DrawVertexBufferIndex
                0x0000000000018a28      0x33c c:/PSDK3v2/ps3dev/portlibs/ppu/lib\libtiny3d.a(commands.o)
                0x0000000000018a28                .rsxtiny_DrawVertexBufferIndex
 *fill*         0x0000000000018d64        0x4 60000000
 .text.rsxtiny_DepthTestEnable
                0x0000000000018d68      0x10c c:/PSDK3v2/ps3dev/portlibs/ppu/lib\libtiny3d.a(commands.o)
                0x0000000000018d68                .rsxtiny_DepthTestEnable
 *fill*         0x0000000000018e74        0x4 60000000
 .text.rsxtiny_DepthTestFunc
                0x0000000000018e78      0x10c c:/PSDK3v2/ps3dev/portlibs/ppu/lib\libtiny3d.a(commands.o)
                0x0000000000018e78                .rsxtiny_DepthTestFunc
 *fill*         0x0000000000018f84        0x4 60000000
 .text.rsxtiny_DepthWriteEnable
                0x0000000000018f88      0x10c c:/PSDK3v2/ps3dev/portlibs/ppu/lib\libtiny3d.a(commands.o)
                0x0000000000018f88                .rsxtiny_DepthWriteEnable
 .text          0x0000000000019094        0x0 c:/PSDK3v2/ps3dev/portlibs/ppu/lib\libtiny3d.a(glue.o)
 *fill*         0x0000000000019094        0x4 60000000
 .text.rsxtiny_FlushBuffer
                0x0000000000019098       0x78 c:/PSDK3v2/ps3dev/portlibs/ppu/lib\libtiny3d.a(glue.o)
                0x0000000000019098                .rsxtiny_FlushBuffer
 .text.rsxtiny_Init
                0x0000000000019110       0x58 c:/PSDK3v2/ps3dev/portlibs/ppu/lib\libtiny3d.a(glue.o)
                0x0000000000019110                .rsxtiny_Init
 .text.rsxtiny_AddressToOffset
                0x0000000000019168       0x30 c:/PSDK3v2/ps3dev/portlibs/ppu/lib\libtiny3d.a(glue.o)
                0x0000000000019168                .rsxtiny_AddressToOffset
 .text          0x0000000000019198        0x0 c:/PSDK3v2/ps3dev/portlibs/ppu/lib\libtiny3d.a(matrix.o)
 .text.MatrixProjPerspective
                0x0000000000019198      0x120 c:/PSDK3v2/ps3dev/portlibs/ppu/lib\libtiny3d.a(matrix.o)
                0x0000000000019198                .MatrixProjPerspective
 .text.MatrixVectorMultiply
                0x00000000000192b8       0xa8 c:/PSDK3v2/ps3dev/portlibs/ppu/lib\libtiny3d.a(matrix.o)
                0x00000000000192b8                .MatrixVectorMultiply
 .text.MatrixVectorMultiply3x3
                0x0000000000019360       0x90 c:/PSDK3v2/ps3dev/portlibs/ppu/lib\libtiny3d.a(matrix.o)
                0x0000000000019360                .MatrixVectorMultiply3x3
 .text.MatrixMultiply
                0x00000000000193f0      0x3d8 c:/PSDK3v2/ps3dev/portlibs/ppu/lib\libtiny3d.a(matrix.o)
                0x00000000000193f0                .MatrixMultiply
 .text.MatrixIdentity
                0x00000000000197c8       0x54 c:/PSDK3v2/ps3dev/portlibs/ppu/lib\libtiny3d.a(matrix.o)
                0x00000000000197c8                .MatrixIdentity
 *fill*         0x000000000001981c        0x4 60000000
 .text.MatrixTranslation
                0x0000000000019820       0x58 c:/PSDK3v2/ps3dev/portlibs/ppu/lib\libtiny3d.a(matrix.o)
                0x0000000000019820                .MatrixTranslation
 .text.MatrixTranspose
                0x0000000000019878       0xb0 c:/PSDK3v2/ps3dev/portlibs/ppu/lib\libtiny3d.a(matrix.o)
                0x0000000000019878                .MatrixTranspose
 .text.MatrixScale
                0x0000000000019928       0x60 c:/PSDK3v2/ps3dev/portlibs/ppu/lib\libtiny3d.a(matrix.o)
                0x0000000000019928                .MatrixScale
 .text.MatrixRotationX
                0x0000000000019988       0xfc c:/PSDK3v2/ps3dev/portlibs/ppu/lib\libtiny3d.a(matrix.o)
                0x0000000000019988                .MatrixRotationX
 *fill*         0x0000000000019a84        0x4 60000000
 .text.MatrixRotationY
                0x0000000000019a88       0xfc c:/PSDK3v2/ps3dev/portlibs/ppu/lib\libtiny3d.a(matrix.o)
                0x0000000000019a88                .MatrixRotationY
 *fill*         0x0000000000019b84        0x4 60000000
 .text.MatrixRotationZ
                0x0000000000019b88       0xdc c:/PSDK3v2/ps3dev/portlibs/ppu/lib\libtiny3d.a(matrix.o)
                0x0000000000019b88                .MatrixRotationZ
 *fill*         0x0000000000019c64        0x4 60000000
 .text.MatrixRotationAxis
                0x0000000000019c68      0x2dc c:/PSDK3v2/ps3dev/portlibs/ppu/lib\libtiny3d.a(matrix.o)
                0x0000000000019c68                .MatrixRotationAxis
 *fill*         0x0000000000019f44        0x4 60000000
 .text.VectorToUnit
                0x0000000000019f48       0xbc c:/PSDK3v2/ps3dev/portlibs/ppu/lib\libtiny3d.a(matrix.o)
                0x0000000000019f48                .VectorToUnit
 *fill*         0x000000000001a004        0x4 60000000
 .text.VectorNormalPlane
                0x000000000001a008       0xd8 c:/PSDK3v2/ps3dev/portlibs/ppu/lib\libtiny3d.a(matrix.o)
                0x000000000001a008                .VectorNormalPlane
 .text.MakeLookAtMatrix
                0x000000000001a0e0      0x2ec c:/PSDK3v2/ps3dev/portlibs/ppu/lib\libtiny3d.a(matrix.o)
                0x000000000001a0e0                .MakeLookAtMatrix
 .text          0x000000000001a3cc        0x0 c:/PSDK3v2/ps3dev/portlibs/ppu/lib\libtiny3d.a(mm.o)
 *fill*         0x000000000001a3cc        0x4 60000000
 .text.rsxtiny_MemAlign
                0x000000000001a3d0      0x134 c:/PSDK3v2/ps3dev/portlibs/ppu/lib\libtiny3d.a(mm.o)
                0x000000000001a3d0                .rsxtiny_MemAlign
 *fill*         0x000000000001a504        0x4 60000000
 .text.rsxtiny_Mem
                0x000000000001a508       0x18 c:/PSDK3v2/ps3dev/portlibs/ppu/lib\libtiny3d.a(mm.o)
                0x000000000001a508                .rsxtiny_Mem
 .text          0x000000000001a520        0x0 c:/PSDK3v2/ps3dev/portlibs/ppu/lib\libtiny3d.a(realityVP.o)
 .text.rsxtiny_VertexProgramGetUCode
                0x000000000001a520       0x18 c:/PSDK3v2/ps3dev/portlibs/ppu/lib\libtiny3d.a(realityVP.o)
                0x000000000001a520                .rsxtiny_VertexProgramGetUCode
 .text.rsxtiny_VertexProgramGetInputMask
                0x000000000001a538       0x14 c:/PSDK3v2/ps3dev/portlibs/ppu/lib\libtiny3d.a(realityVP.o)
                0x000000000001a538                .rsxtiny_VertexProgramGetInputMask
 *fill*         0x000000000001a54c        0x4 60000000
 .text.rsxtiny_VertexProgramGetOutputMask
                0x000000000001a550       0x14 c:/PSDK3v2/ps3dev/portlibs/ppu/lib\libtiny3d.a(realityVP.o)
                0x000000000001a550                .rsxtiny_VertexProgramGetOutputMask
 *fill*         0x000000000001a564        0x4 60000000
 .text.rsxtiny_VertexProgramGetAttributes
                0x000000000001a568       0x18 c:/PSDK3v2/ps3dev/portlibs/ppu/lib\libtiny3d.a(realityVP.o)
                0x000000000001a568                .rsxtiny_VertexProgramGetAttributes
 .text.rsxtiny_VertexProgramGetInputAttribute
                0x000000000001a580       0xe4 c:/PSDK3v2/ps3dev/portlibs/ppu/lib\libtiny3d.a(realityVP.o)
                0x000000000001a580                .rsxtiny_VertexProgramGetInputAttribute
 *fill*         0x000000000001a664        0x4 60000000
 .text.rsxtiny_VertexProgramGetConstants
                0x000000000001a668       0x18 c:/PSDK3v2/ps3dev/portlibs/ppu/lib\libtiny3d.a(realityVP.o)
                0x000000000001a668                .rsxtiny_VertexProgramGetConstants
 .text.rsxtiny_VertexProgramGetConstant
                0x000000000001a680       0xe4 c:/PSDK3v2/ps3dev/portlibs/ppu/lib\libtiny3d.a(realityVP.o)
                0x000000000001a680                .rsxtiny_VertexProgramGetConstant
 .text          0x000000000001a764        0x0 c:/PSDK3v2/ps3dev/portlibs/ppu/lib\libtiny3d.a(rsxutil.o)
 *fill*         0x000000000001a764        0x4 60000000
 .text.waitFlip
                0x000000000001a768       0xcc c:/PSDK3v2/ps3dev/portlibs/ppu/lib\libtiny3d.a(rsxutil.o)
                0x000000000001a768                .waitFlip
 *fill*         0x000000000001a834        0x4 60000000
 .text.flip     0x000000000001a838       0x5c c:/PSDK3v2/ps3dev/portlibs/ppu/lib\libtiny3d.a(rsxutil.o)
                0x000000000001a838                .flip
 *fill*         0x000000000001a894        0x4 60000000
 .text.init_screen
                0x000000000001a898      0x364 c:/PSDK3v2/ps3dev/portlibs/ppu/lib\libtiny3d.a(rsxutil.o)
                0x000000000001a898                .init_screen
 *fill*         0x000000000001abfc        0x4 60000000
 .text.setupRenderTarget
                0x000000000001ac00      0x108 c:/PSDK3v2/ps3dev/portlibs/ppu/lib\libtiny3d.a(rsxutil.o)
                0x000000000001ac00                .setupRenderTarget
 .text.setupRenderTarget2
                0x000000000001ad08      0x13c c:/PSDK3v2/ps3dev/portlibs/ppu/lib\libtiny3d.a(rsxutil.o)
                0x000000000001ad08                .setupRenderTarget2
 .text          0x000000000001ae44        0x0 c:/PSDK3v2/ps3dev/portlibs/ppu/lib\libtiny3d.a(buffer.o)
 *fill*         0x000000000001ae44        0x4 60000000
 .text.tiny_rsxContextCallback
                0x000000000001ae48       0x50 c:/PSDK3v2/ps3dev/portlibs/ppu/lib\libtiny3d.a(buffer.o)
                0x000000000001ae48                .tiny_rsxContextCallback
 .text.commandBufferPut
                0x000000000001ae98       0x20 c:/PSDK3v2/ps3dev/portlibs/ppu/lib\libtiny3d.a(buffer.o)
                0x000000000001ae98                .commandBufferPut
 .text          0x000000000001aeb8        0x0 c:/PSDK3v2/psl1ght/ppu/lib\libgcm_sys.a(sprx.o)
 .text          0x000000000001aeb8        0x0 c:/PSDK3v2/psl1ght/ppu/lib\libio.a(sprx.o)
 .text          0x000000000001aeb8        0x0 c:/PSDK3v2/psl1ght/ppu/lib\libsysutil.a(sprx.o)
 .text          0x000000000001aeb8        0x0 c:/PSDK3v2/psl1ght/ppu/lib\libsysutil.a(sysutil_wrapper.o)
 .text.sysUtilRegisterCallback
                0x000000000001aeb8       0x34 c:/PSDK3v2/psl1ght/ppu/lib\libsysutil.a(sysutil_wrapper.o)
                0x000000000001aeb8                .sysUtilRegisterCallback
 *fill*         0x000000000001aeec        0x4 60000000
 .text.msgDialogOpen
                0x000000000001aef0       0x34 c:/PSDK3v2/psl1ght/ppu/lib\libsysutil.a(sysutil_wrapper.o)
                0x000000000001aef0                .msgDialogOpen
 *fill*         0x000000000001af24        0x4 60000000
 .text.msgDialogOpen2
                0x000000000001af28       0x34 c:/PSDK3v2/psl1ght/ppu/lib\libsysutil.a(sysutil_wrapper.o)
                0x000000000001af28                .msgDialogOpen2
 *fill*         0x000000000001af5c        0x4 60000000
 .text.msgDialogOpenErrorCode
                0x000000000001af60       0x34 c:/PSDK3v2/psl1ght/ppu/lib\libsysutil.a(sysutil_wrapper.o)
                0x000000000001af60                .msgDialogOpenErrorCode
 *fill*         0x000000000001af94        0x4 60000000
 .text.sysSaveListLoad2
                0x000000000001af98       0x3c c:/PSDK3v2/psl1ght/ppu/lib\libsysutil.a(sysutil_wrapper.o)
                0x000000000001af98                .sysSaveListLoad2
 *fill*         0x000000000001afd4        0x4 60000000
 .text.sysSaveListSave2
                0x000000000001afd8       0x3c c:/PSDK3v2/psl1ght/ppu/lib\libsysutil.a(sysutil_wrapper.o)
                0x000000000001afd8                .sysSaveListSave2
 *fill*         0x000000000001b014        0x4 60000000
 .text.sysSaveListAutoLoad
                0x000000000001b018       0x44 c:/PSDK3v2/psl1ght/ppu/lib\libsysutil.a(sysutil_wrapper.o)
                0x000000000001b018                .sysSaveListAutoLoad
 *fill*         0x000000000001b05c        0x4 60000000
 .text.sysSaveListAutoSave
                0x000000000001b060       0x44 c:/PSDK3v2/psl1ght/ppu/lib\libsysutil.a(sysutil_wrapper.o)
                0x000000000001b060                .sysSaveListAutoSave
 *fill*         0x000000000001b0a4        0x4 60000000
 .text.sysSaveFixedLoad2
                0x000000000001b0a8       0x3c c:/PSDK3v2/psl1ght/ppu/lib\libsysutil.a(sysutil_wrapper.o)
                0x000000000001b0a8                .sysSaveFixedLoad2
 *fill*         0x000000000001b0e4        0x4 60000000
 .text.sysSaveFixedSave2
                0x000000000001b0e8       0x3c c:/PSDK3v2/psl1ght/ppu/lib\libsysutil.a(sysutil_wrapper.o)
                0x000000000001b0e8                .sysSaveFixedSave2
 *fill*         0x000000000001b124        0x4 60000000
 .text.sysSaveAutoLoad2
                0x000000000001b128       0x38 c:/PSDK3v2/psl1ght/ppu/lib\libsysutil.a(sysutil_wrapper.o)
                0x000000000001b128                .sysSaveAutoLoad2
 .text.sysSaveAutoSave2
                0x000000000001b160       0x38 c:/PSDK3v2/psl1ght/ppu/lib\libsysutil.a(sysutil_wrapper.o)
                0x000000000001b160                .sysSaveAutoSave2
 .text.sysGameThemeInstallFromBuffer
                0x000000000001b198       0x34 c:/PSDK3v2/psl1ght/ppu/lib\libsysutil.a(sysutil_wrapper.o)
                0x000000000001b198                .sysGameThemeInstallFromBuffer
 *fill*         0x000000000001b1cc        0x4 60000000
 .text.sysGameDiscRegisterDiscChangeCallback
                0x000000000001b1d0       0x38 c:/PSDK3v2/psl1ght/ppu/lib\libsysutil.a(sysutil_wrapper.o)
                0x000000000001b1d0                .sysGameDiscRegisterDiscChangeCallback
 .text.sysDiscRegisterDiscChangeCallback
                0x000000000001b208       0x38 c:/PSDK3v2/psl1ght/ppu/lib\libsysutil.a(sysutil_wrapper.o)
                0x000000000001b208                .sysDiscRegisterDiscChangeCallback
 .text          0x000000000001b240        0x0 c:/PSDK3v2/psl1ght/ppu/lib\librt.a(sbrk.o)
 .text.sbrk_init
                0x000000000001b240       0xc4 c:/PSDK3v2/psl1ght/ppu/lib\librt.a(sbrk.o)
 *fill*         0x000000000001b304        0x4 60000000
 .text.sbrk_deinit
                0x000000000001b308       0xbc c:/PSDK3v2/psl1ght/ppu/lib\librt.a(sbrk.o)
 *fill*         0x000000000001b3c4        0x4 60000000
 .text.__librt_sbrk_r
                0x000000000001b3c8      0x324 c:/PSDK3v2/psl1ght/ppu/lib\librt.a(sbrk.o)
                0x000000000001b3c8                .__librt_sbrk_r
 .text          0x000000000001b6ec        0x0 c:/PSDK3v2/psl1ght/ppu/lib\librt.a(exit.o)
 *fill*         0x000000000001b6ec        0x4 60000000
 .text.__librt_exit
                0x000000000001b6f0       0x30 c:/PSDK3v2/psl1ght/ppu/lib\librt.a(exit.o)
                0x000000000001b6f0                .__librt_exit
 .text          0x000000000001b720        0x0 c:/PSDK3v2/psl1ght/ppu/lib\librt.a(close.o)
 .text.__librt_close_r
                0x000000000001b720       0x8c c:/PSDK3v2/psl1ght/ppu/lib\librt.a(close.o)
                0x000000000001b720                .__librt_close_r
 .text          0x000000000001b7ac        0x0 c:/PSDK3v2/psl1ght/ppu/lib\librt.a(lseek.o)
 *fill*         0x000000000001b7ac        0x4 60000000
 .text.__librt_lseek_r
                0x000000000001b7b0       0x8c c:/PSDK3v2/psl1ght/ppu/lib\librt.a(lseek.o)
                0x000000000001b7b0                .__librt_lseek_r
 *fill*         0x000000000001b83c        0x4 60000000
 .text.__librt_lseek64_r
                0x000000000001b840       0x8c c:/PSDK3v2/psl1ght/ppu/lib\librt.a(lseek.o)
                0x000000000001b840                .__librt_lseek64_r
 .text          0x000000000001b8cc        0x0 c:/PSDK3v2/psl1ght/ppu/lib\librt.a(read.o)
 *fill*         0x000000000001b8cc        0x4 60000000
 .text.__librt_read_r
                0x000000000001b8d0      0x11c c:/PSDK3v2/psl1ght/ppu/lib\librt.a(read.o)
                0x000000000001b8d0                .__librt_read_r
 .text          0x000000000001b9ec        0x0 c:/PSDK3v2/psl1ght/ppu/lib\librt.a(open.o)
 *fill*         0x000000000001b9ec        0x4 60000000
 .text.__librt_open_r
                0x000000000001b9f0      0x180 c:/PSDK3v2/psl1ght/ppu/lib\librt.a(open.o)
                0x000000000001b9f0                .__librt_open_r
 .text          0x000000000001bb70        0x0 c:/PSDK3v2/psl1ght/ppu/lib\librt.a(sleep.o)
 .text.__librt_usleep_r
                0x000000000001bb70       0x50 c:/PSDK3v2/psl1ght/ppu/lib\librt.a(sleep.o)
                0x000000000001bb70                .__librt_usleep_r
 .text.__librt_sleep_r
                0x000000000001bbc0       0x8c c:/PSDK3v2/psl1ght/ppu/lib\librt.a(sleep.o)
                0x000000000001bbc0                .__librt_sleep_r
 .text          0x000000000001bc4c        0x0 c:/PSDK3v2/psl1ght/ppu/lib\librt.a(write.o)
 *fill*         0x000000000001bc4c        0x4 60000000
 .text.__librt_write_r
                0x000000000001bc50      0x11c c:/PSDK3v2/psl1ght/ppu/lib\librt.a(write.o)
                0x000000000001bc50                .__librt_write_r
 .text          0x000000000001bd6c        0x0 c:/PSDK3v2/psl1ght/ppu/lib\librt.a(fstat.o)
 *fill*         0x000000000001bd6c        0x4 60000000
 .text.__librt_fstat_r
                0x000000000001bd70       0xd0 c:/PSDK3v2/psl1ght/ppu/lib\librt.a(fstat.o)
                0x000000000001bd70                .__librt_fstat_r
 .text.__librt_fstat64_r
                0x000000000001be40       0xd0 c:/PSDK3v2/psl1ght/ppu/lib\librt.a(fstat.o)
                0x000000000001be40                .__librt_fstat64_r
 .text.__librt_stat_r
                0x000000000001bf10       0xd0 c:/PSDK3v2/psl1ght/ppu/lib\librt.a(fstat.o)
                0x000000000001bf10                .__librt_stat_r
 .text.__librt_stat64_r
                0x000000000001bfe0       0xd0 c:/PSDK3v2/psl1ght/ppu/lib\librt.a(fstat.o)
                0x000000000001bfe0                .__librt_stat64_r
 .text          0x000000000001c0b0        0x0 c:/PSDK3v2/psl1ght/ppu/lib\librt.a(socket.o)
 .text.accept   0x000000000001c0b0       0xa0 c:/PSDK3v2/psl1ght/ppu/lib\librt.a(socket.o)
                0x000000000001c0b0                .accept
 .text.bind     0x000000000001c150       0x48 c:/PSDK3v2/psl1ght/ppu/lib\librt.a(socket.o)
                0x000000000001c150                .bind
 .text.connect  0x000000000001c198       0x48 c:/PSDK3v2/psl1ght/ppu/lib\librt.a(socket.o)
                0x000000000001c198                .connect
 .text.listen   0x000000000001c1e0       0x48 c:/PSDK3v2/psl1ght/ppu/lib\librt.a(socket.o)
                0x000000000001c1e0                .listen
 .text.socket   0x000000000001c228       0x54 c:/PSDK3v2/psl1ght/ppu/lib\librt.a(socket.o)
                0x000000000001c228                .socket
 *fill*         0x000000000001c27c        0x4 60000000
 .text.send     0x000000000001c280       0x50 c:/PSDK3v2/psl1ght/ppu/lib\librt.a(socket.o)
                0x000000000001c280                .send
 .text.sendto   0x000000000001c2d0       0x48 c:/PSDK3v2/psl1ght/ppu/lib\librt.a(socket.o)
                0x000000000001c2d0                .sendto
 .text.recv     0x000000000001c318       0x50 c:/PSDK3v2/psl1ght/ppu/lib\librt.a(socket.o)
                0x000000000001c318                .recv
 .text.recvfrom
                0x000000000001c368       0x98 c:/PSDK3v2/psl1ght/ppu/lib\librt.a(socket.o)
                0x000000000001c368                .recvfrom
 .text.shutdown
                0x000000000001c400       0x48 c:/PSDK3v2/psl1ght/ppu/lib\librt.a(socket.o)
                0x000000000001c400                .shutdown
 .text.inet_aton
                0x000000000001c448       0xb8 c:/PSDK3v2/psl1ght/ppu/lib\librt.a(socket.o)
                0x000000000001c448                .inet_aton
 .text.inet_pton
                0x000000000001c500       0x54 c:/PSDK3v2/psl1ght/ppu/lib\librt.a(socket.o)
                0x000000000001c500                .inet_pton
 *fill*         0x000000000001c554        0x4 60000000
 .text.select   0x000000000001c558       0x3c c:/PSDK3v2/psl1ght/ppu/lib\librt.a(socket.o)
                0x000000000001c558                .select
 *fill*         0x000000000001c594        0x4 60000000
 .text.closesocket
                0x000000000001c598       0x48 c:/PSDK3v2/psl1ght/ppu/lib\librt.a(socket.o)
                0x000000000001c598                .closesocket
 .text          0x000000000001c5e0        0x0 c:/PSDK3v2/psl1ght/ppu/lib\librt.a(lock.o)
 .text.__librt_sys_lwmutex_create_r
                0x000000000001c5e0       0x38 c:/PSDK3v2/psl1ght/ppu/lib\librt.a(lock.o)
                0x000000000001c5e0                .__librt_sys_lwmutex_create_r
 .text.__librt_sys_lwmutex_destroy_r
                0x000000000001c618       0x34 c:/PSDK3v2/psl1ght/ppu/lib\librt.a(lock.o)
                0x000000000001c618                .__librt_sys_lwmutex_destroy_r
 *fill*         0x000000000001c64c        0x4 60000000
 .text.__librt_sys_lwmutex_lock_r
                0x000000000001c650       0x38 c:/PSDK3v2/psl1ght/ppu/lib\librt.a(lock.o)
                0x000000000001c650                .__librt_sys_lwmutex_lock_r
 .text.__librt_sys_lwmutex_trylock_r
                0x000000000001c688       0x34 c:/PSDK3v2/psl1ght/ppu/lib\librt.a(lock.o)
                0x000000000001c688                .__librt_sys_lwmutex_trylock_r
 *fill*         0x000000000001c6bc        0x4 60000000
 .text.__librt_sys_lwmutex_unlock_r
                0x000000000001c6c0       0x34 c:/PSDK3v2/psl1ght/ppu/lib\librt.a(lock.o)
                0x000000000001c6c0                .__librt_sys_lwmutex_unlock_r
 .text          0x000000000001c6f4        0x0 c:/PSDK3v2/psl1ght/ppu/lib\librt.a(dirent.o)
 *fill*         0x000000000001c6f4        0x4 60000000
 .text.readdir_i
                0x000000000001c6f8      0x10c c:/PSDK3v2/psl1ght/ppu/lib\librt.a(dirent.o)
 *fill*         0x000000000001c804        0x4 60000000
 .text.__librt_opendir_r
                0x000000000001c808      0x144 c:/PSDK3v2/psl1ght/ppu/lib\librt.a(dirent.o)
                0x000000000001c808                .__librt_opendir_r
 *fill*         0x000000000001c94c        0x4 60000000
 .text.__librt_readdir_r
                0x000000000001c950       0x80 c:/PSDK3v2/psl1ght/ppu/lib\librt.a(dirent.o)
                0x000000000001c950                .__librt_readdir_r
 .text.__librt_readdir_r_r
                0x000000000001c9d0       0x54 c:/PSDK3v2/psl1ght/ppu/lib\librt.a(dirent.o)
                0x000000000001c9d0                .__librt_readdir_r_r
 *fill*         0x000000000001ca24        0x4 60000000
 .text.__librt_closedir_r
                0x000000000001ca28       0x84 c:/PSDK3v2/psl1ght/ppu/lib\librt.a(dirent.o)
                0x000000000001ca28                .__librt_closedir_r
 *fill*         0x000000000001caac        0x4 60000000
 .text.__librt_telldir_r
                0x000000000001cab0       0x24 c:/PSDK3v2/psl1ght/ppu/lib\librt.a(dirent.o)
                0x000000000001cab0                .__librt_telldir_r
 *fill*         0x000000000001cad4        0x4 60000000
 .text.__librt_rewinddir_r
                0x000000000001cad8       0x18 c:/PSDK3v2/psl1ght/ppu/lib\librt.a(dirent.o)
                0x000000000001cad8                .__librt_rewinddir_r
 .text.__librt_seekdir_r
                0x000000000001caf0       0x18 c:/PSDK3v2/psl1ght/ppu/lib\librt.a(dirent.o)
                0x000000000001caf0                .__librt_seekdir_r
 .text          0x000000000001cb08        0x0 c:/PSDK3v2/psl1ght/ppu/lib\librt.a(mkdir.o)
 .text.__librt_mkdir_r
                0x000000000001cb08       0x60 c:/PSDK3v2/psl1ght/ppu/lib\librt.a(mkdir.o)
                0x000000000001cb08                .__librt_mkdir_r
 .text          0x000000000001cb68        0x0 c:/PSDK3v2/psl1ght/ppu/lib\librt.a(times.o)
 .text.__librt_times_r
                0x000000000001cb68       0x1c c:/PSDK3v2/psl1ght/ppu/lib\librt.a(times.o)
                0x000000000001cb68                .__librt_times_r
 .text          0x000000000001cb84        0x0 c:/PSDK3v2/psl1ght/ppu/lib\librt.a(umask.o)
 *fill*         0x000000000001cb84        0x4 60000000
 .text.__librt_umask_r
                0x000000000001cb88       0x20 c:/PSDK3v2/psl1ght/ppu/lib\librt.a(umask.o)
                0x000000000001cb88                .__librt_umask_r
 .text          0x000000000001cba8        0x0 c:/PSDK3v2/psl1ght/ppu/lib\librt.a(lv2errno.o)
 .text.lv2error
                0x000000000001cba8      0x3dc c:/PSDK3v2/psl1ght/ppu/lib\librt.a(lv2errno.o)
                0x000000000001cba8                .lv2error
 *fill*         0x000000000001cf84        0x4 60000000
 .text.lv2errno
                0x000000000001cf88       0x68 c:/PSDK3v2/psl1ght/ppu/lib\librt.a(lv2errno.o)
                0x000000000001cf88                .lv2errno
 .text.lv2errno_r
                0x000000000001cff0       0x58 c:/PSDK3v2/psl1ght/ppu/lib\librt.a(lv2errno.o)
                0x000000000001cff0                .lv2errno_r
 .text          0x000000000001d048        0x0 c:/PSDK3v2/psl1ght/ppu/lib\librt.a(heap.o)
 .text.heapInit
                0x000000000001d048       0xe8 c:/PSDK3v2/psl1ght/ppu/lib\librt.a(heap.o)
                0x000000000001d048                .heapInit
 .text.heapAllocate
                0x000000000001d130      0x174 c:/PSDK3v2/psl1ght/ppu/lib\librt.a(heap.o)
                0x000000000001d130                .heapAllocate
 *fill*         0x000000000001d2a4        0x4 60000000
 .text.heapAllocateAligned
                0x000000000001d2a8      0x224 c:/PSDK3v2/psl1ght/ppu/lib\librt.a(heap.o)
                0x000000000001d2a8                .heapAllocateAligned
 *fill*         0x000000000001d4cc        0x4 60000000
 .text.heapFree
                0x000000000001d4d0      0x224 c:/PSDK3v2/psl1ght/ppu/lib\librt.a(heap.o)
                0x000000000001d4d0                .heapFree
 .text          0x000000000001d6f4        0x0 c:/PSDK3v2/psl1ght/ppu/lib\librt.a(chmod.o)
 *fill*         0x000000000001d6f4        0x4 60000000
 .text.__librt_chmod_r
                0x000000000001d6f8       0x54 c:/PSDK3v2/psl1ght/ppu/lib\librt.a(chmod.o)
                0x000000000001d6f8                .__librt_chmod_r
 .text          0x000000000001d74c        0x0 c:/PSDK3v2/psl1ght/ppu/lib\librt.a(rmdir.o)
 *fill*         0x000000000001d74c        0x4 60000000
 .text.__librt_rmdir_r
                0x000000000001d750       0x50 c:/PSDK3v2/psl1ght/ppu/lib\librt.a(rmdir.o)
                0x000000000001d750                .__librt_rmdir_r
 .text          0x000000000001d7a0        0x0 c:/PSDK3v2/psl1ght/ppu/lib\librt.a(isatty.o)
 .text.__librt_isatty_r
                0x000000000001d7a0       0x2c c:/PSDK3v2/psl1ght/ppu/lib\librt.a(isatty.o)
                0x000000000001d7a0                .__librt_isatty_r
 .text          0x000000000001d7cc        0x0 c:/PSDK3v2/psl1ght/ppu/lib\librt.a(gettod.o)
 *fill*         0x000000000001d7cc        0x4 60000000
 .text.__librt_gettod_r
                0x000000000001d7d0       0xb8 c:/PSDK3v2/psl1ght/ppu/lib\librt.a(gettod.o)
                0x000000000001d7d0                .__librt_gettod_r
 .text          0x000000000001d888        0x0 c:/PSDK3v2/psl1ght/ppu/lib\librt.a(settod.o)
 .text.__librt_settod_r
                0x000000000001d888       0x58 c:/PSDK3v2/psl1ght/ppu/lib\librt.a(settod.o)
                0x000000000001d888                .__librt_settod_r
 .text          0x000000000001d8e0        0x0 c:/PSDK3v2/psl1ght/ppu/lib\liblv2.a(sprx.o)
 .text          0x000000000001d8e0        0x0 c:/PSDK3v2/psl1ght/ppu/lib\libpngdec.a(pngdec.o)
 .text.png_malloc
                0x000000000001d8e0       0x30 c:/PSDK3v2/psl1ght/ppu/lib\libpngdec.a(pngdec.o)
 .text.png_free
                0x000000000001d910       0x30 c:/PSDK3v2/psl1ght/ppu/lib\libpngdec.a(pngdec.o)
 .text.decodePNG
                0x000000000001d940      0x298 c:/PSDK3v2/psl1ght/ppu/lib\libpngdec.a(pngdec.o)
 .text.pngLoadFromFile
                0x000000000001dbd8       0x60 c:/PSDK3v2/psl1ght/ppu/lib\libpngdec.a(pngdec.o)
                0x000000000001dbd8                .pngLoadFromFile
 .text.pngLoadFromBuffer
                0x000000000001dc38       0x70 c:/PSDK3v2/psl1ght/ppu/lib\libpngdec.a(pngdec.o)
                0x000000000001dc38                .pngLoadFromBuffer
 .text          0x000000000001dca8        0x0 c:/PSDK3v2/psl1ght/ppu/lib\libpngdec.a(sprx.o)
 .text          0x000000000001dca8        0x0 c:/PSDK3v2/psl1ght/ppu/lib\libsysmodule.a(sprx.o)
 .text          0x000000000001dca8        0x0 c:/psdk3v2/ps3dev/ppu/bin/../lib/gcc/powerpc64-ps3-elf/4.5.2/../../../../powerpc64-ps3-elf/lib\libm.a(lib_a-s_sqrt.o)
 .text.sqrt     0x000000000001dca8      0x1b0 c:/psdk3v2/ps3dev/ppu/bin/../lib/gcc/powerpc64-ps3-elf/4.5.2/../../../../powerpc64-ps3-elf/lib\libm.a(lib_a-s_sqrt.o)
                0x000000000001dca8                .sqrt
 .text          0x000000000001de58        0x0 c:/psdk3v2/ps3dev/ppu/bin/../lib/gcc/powerpc64-ps3-elf/4.5.2/../../../../powerpc64-ps3-elf/lib\libm.a(lib_a-sf_cos.o)
 .text.cosf     0x000000000001de58       0x34 c:/psdk3v2/ps3dev/ppu/bin/../lib/gcc/powerpc64-ps3-elf/4.5.2/../../../../powerpc64-ps3-elf/lib\libm.a(lib_a-sf_cos.o)
                0x000000000001de58                .cosf
 .text          0x000000000001de8c        0x0 c:/psdk3v2/ps3dev/ppu/bin/../lib/gcc/powerpc64-ps3-elf/4.5.2/../../../../powerpc64-ps3-elf/lib\libm.a(lib_a-sf_sin.o)
 *fill*         0x000000000001de8c        0x4 60000000
 .text.sinf     0x000000000001de90       0x34 c:/psdk3v2/ps3dev/ppu/bin/../lib/gcc/powerpc64-ps3-elf/4.5.2/../../../../powerpc64-ps3-elf/lib\libm.a(lib_a-sf_sin.o)
                0x000000000001de90                .sinf
 .text          0x000000000001dec4        0x0 c:/psdk3v2/ps3dev/ppu/bin/../lib/gcc/powerpc64-ps3-elf/4.5.2/../../../../powerpc64-ps3-elf/lib\libm.a(lib_a-sf_sine.o)
 *fill*         0x000000000001dec4        0x4 60000000
 .text.sinef    0x000000000001dec8      0x2d0 c:/psdk3v2/ps3dev/ppu/bin/../lib/gcc/powerpc64-ps3-elf/4.5.2/../../../../powerpc64-ps3-elf/lib\libm.a(lib_a-sf_sine.o)
                0x000000000001dec8                .sinef
 .text          0x000000000001e198        0x0 c:/psdk3v2/ps3dev/ppu/bin/../lib/gcc/powerpc64-ps3-elf/4.5.2/../../../../powerpc64-ps3-elf/lib\libm.a(lib_a-sf_sqrt.o)
 .text.sqrtf    0x000000000001e198      0x1c8 c:/psdk3v2/ps3dev/ppu/bin/../lib/gcc/powerpc64-ps3-elf/4.5.2/../../../../powerpc64-ps3-elf/lib\libm.a(lib_a-sf_sqrt.o)
                0x000000000001e198                .sqrtf
 .text          0x000000000001e360        0x0 c:/psdk3v2/ps3dev/ppu/bin/../lib/gcc/powerpc64-ps3-elf/4.5.2/../../../../powerpc64-ps3-elf/lib\libm.a(lib_a-sf_tan.o)
 .text.tanf     0x000000000001e360      0x23c c:/psdk3v2/ps3dev/ppu/bin/../lib/gcc/powerpc64-ps3-elf/4.5.2/../../../../powerpc64-ps3-elf/lib\libm.a(lib_a-sf_tan.o)
                0x000000000001e360                .tanf
 .text          0x000000000001e59c        0x0 c:/psdk3v2/ps3dev/ppu/bin/../lib/gcc/powerpc64-ps3-elf/4.5.2/../../../../powerpc64-ps3-elf/lib\libm.a(lib_a-s_frexp.o)
 *fill*         0x000000000001e59c        0x4 60000000
 .text.frexp    0x000000000001e5a0       0xd0 c:/psdk3v2/ps3dev/ppu/bin/../lib/gcc/powerpc64-ps3-elf/4.5.2/../../../../powerpc64-ps3-elf/lib\libm.a(lib_a-s_frexp.o)
                0x000000000001e5a0                .frexp
 .text          0x000000000001e670        0x0 c:/psdk3v2/ps3dev/ppu/bin/../lib/gcc/powerpc64-ps3-elf/4.5.2/../../../../powerpc64-ps3-elf/lib\libm.a(lib_a-s_ispos.o)
 .text.ispos    0x000000000001e670       0x28 c:/psdk3v2/ps3dev/ppu/bin/../lib/gcc/powerpc64-ps3-elf/4.5.2/../../../../powerpc64-ps3-elf/lib\libm.a(lib_a-s_ispos.o)
                0x000000000001e670                .ispos
 .text          0x000000000001e698        0x0 c:/psdk3v2/ps3dev/ppu/bin/../lib/gcc/powerpc64-ps3-elf/4.5.2/../../../../powerpc64-ps3-elf/lib\libm.a(lib_a-s_ldexp.o)
 .text.ldexp    0x000000000001e698      0x17c c:/psdk3v2/ps3dev/ppu/bin/../lib/gcc/powerpc64-ps3-elf/4.5.2/../../../../powerpc64-ps3-elf/lib\libm.a(lib_a-s_ldexp.o)
                0x000000000001e698                .ldexp
 .text          0x000000000001e814        0x0 c:/psdk3v2/ps3dev/ppu/bin/../lib/gcc/powerpc64-ps3-elf/4.5.2/../../../../powerpc64-ps3-elf/lib\libm.a(lib_a-s_mathcnst.o)
 .text          0x000000000001e814        0x0 c:/psdk3v2/ps3dev/ppu/bin/../lib/gcc/powerpc64-ps3-elf/4.5.2/../../../../powerpc64-ps3-elf/lib\libm.a(lib_a-s_numtest.o)
 *fill*         0x000000000001e814        0x4 60000000
 .text.numtest  0x000000000001e818       0x5c c:/psdk3v2/ps3dev/ppu/bin/../lib/gcc/powerpc64-ps3-elf/4.5.2/../../../../powerpc64-ps3-elf/lib\libm.a(lib_a-s_numtest.o)
                0x000000000001e818                .numtest
 .text          0x000000000001e874        0x0 c:/psdk3v2/ps3dev/ppu/bin/../lib/gcc/powerpc64-ps3-elf/4.5.2/../../../../powerpc64-ps3-elf/lib\libm.a(lib_a-sf_fabs.o)
 *fill*         0x000000000001e874        0x4 60000000
 .text.fabsf    0x000000000001e878       0xe4 c:/psdk3v2/ps3dev/ppu/bin/../lib/gcc/powerpc64-ps3-elf/4.5.2/../../../../powerpc64-ps3-elf/lib\libm.a(lib_a-sf_fabs.o)
                0x000000000001e878                .fabsf
 .text          0x000000000001e95c        0x0 c:/psdk3v2/ps3dev/ppu/bin/../lib/gcc/powerpc64-ps3-elf/4.5.2/../../../../powerpc64-ps3-elf/lib\libm.a(lib_a-sf_frexp.o)
 *fill*         0x000000000001e95c        0x4 60000000
 .text.frexpf   0x000000000001e960       0xac c:/psdk3v2/ps3dev/ppu/bin/../lib/gcc/powerpc64-ps3-elf/4.5.2/../../../../powerpc64-ps3-elf/lib\libm.a(lib_a-sf_frexp.o)
                0x000000000001e960                .frexpf
 .text          0x000000000001ea0c        0x0 c:/psdk3v2/ps3dev/ppu/bin/../lib/gcc/powerpc64-ps3-elf/4.5.2/../../../../powerpc64-ps3-elf/lib\libm.a(lib_a-sf_ispos.o)
 *fill*         0x000000000001ea0c        0x4 60000000
 .text.isposf   0x000000000001ea10       0x24 c:/psdk3v2/ps3dev/ppu/bin/../lib/gcc/powerpc64-ps3-elf/4.5.2/../../../../powerpc64-ps3-elf/lib\libm.a(lib_a-sf_ispos.o)
                0x000000000001ea10                .isposf
 .text          0x000000000001ea34        0x0 c:/psdk3v2/ps3dev/ppu/bin/../lib/gcc/powerpc64-ps3-elf/4.5.2/../../../../powerpc64-ps3-elf/lib\libm.a(lib_a-sf_ldexp.o)
 *fill*         0x000000000001ea34        0x4 60000000
 .text.ldexpf   0x000000000001ea38      0x190 c:/psdk3v2/ps3dev/ppu/bin/../lib/gcc/powerpc64-ps3-elf/4.5.2/../../../../powerpc64-ps3-elf/lib\libm.a(lib_a-sf_ldexp.o)
                0x000000000001ea38                .ldexpf
 .text          0x000000000001ebc8        0x0 c:/psdk3v2/ps3dev/ppu/bin/../lib/gcc/powerpc64-ps3-elf/4.5.2/../../../../powerpc64-ps3-elf/lib\libm.a(lib_a-sf_numtest.o)
 .text.numtestf
                0x000000000001ebc8       0x30 c:/psdk3v2/ps3dev/ppu/bin/../lib/gcc/powerpc64-ps3-elf/4.5.2/../../../../powerpc64-ps3-elf/lib\libm.a(lib_a-sf_numtest.o)
                0x000000000001ebc8                .numtestf
 .text          0x000000000001ebf8        0x0 c:/psdk3v2/ps3dev/ppu/bin/../lib/gcc/powerpc64-ps3-elf/4.5.2/../../../../powerpc64-ps3-elf/lib\libsysbase.a(syscalls.o)
 .text          0x000000000001ebf8        0x0 c:/psdk3v2/ps3dev/ppu/bin/../lib/gcc/powerpc64-ps3-elf/4.5.2/../../../../powerpc64-ps3-elf/lib\libsysbase.a(sleep.o)
 .text.usleep   0x000000000001ebf8       0x84 c:/psdk3v2/ps3dev/ppu/bin/../lib/gcc/powerpc64-ps3-elf/4.5.2/../../../../powerpc64-ps3-elf/lib\libsysbase.a(sleep.o)
                0x000000000001ebf8                .usleep
 *fill*         0x000000000001ec7c        0x4 60000000
 .text.sleep    0x000000000001ec80       0x98 c:/psdk3v2/ps3dev/ppu/bin/../lib/gcc/powerpc64-ps3-elf/4.5.2/../../../../powerpc64-ps3-elf/lib\libsysbase.a(sleep.o)
                0x000000000001ec80                .sleep
 .text          0x000000000001ed18        0x0 c:/psdk3v2/ps3dev/ppu/bin/../lib/gcc/powerpc64-ps3-elf/4.5.2/../../../../powerpc64-ps3-elf/lib\libc.a(lib_a-atexit.o)
 .text.atexit   0x000000000001ed18       0x40 c:/psdk3v2/ps3dev/ppu/bin/../lib/gcc/powerpc64-ps3-elf/4.5.2/../../../../powerpc64-ps3-elf/lib\libc.a(lib_a-atexit.o)
                0x000000000001ed18                .atexit
 .text          0x000000000001ed58        0x0 c:/psdk3v2/ps3dev/ppu/bin/../lib/gcc/powerpc64-ps3-elf/4.5.2/../../../../powerpc64-ps3-elf/lib\libc.a(lib_a-errno.o)
 .text.__errno  0x000000000001ed58       0x30 c:/psdk3v2/ps3dev/ppu/bin/../lib/gcc/powerpc64-ps3-elf/4.5.2/../../../../powerpc64-ps3-elf/lib\libc.a(lib_a-errno.o)
                0x000000000001ed58                .__errno
 .text          0x000000000001ed88        0x0 c:/psdk3v2/ps3dev/ppu/bin/../lib/gcc/powerpc64-ps3-elf/4.5.2/../../../../powerpc64-ps3-elf/lib\libc.a(lib_a-exit.o)
 .text.exit     0x000000000001ed88       0x68 c:/psdk3v2/ps3dev/ppu/bin/../lib/gcc/powerpc64-ps3-elf/4.5.2/../../../../powerpc64-ps3-elf/lib\libc.a(lib_a-exit.o)
                0x000000000001ed88                .exit
 .text          0x000000000001edf0        0x0 c:/psdk3v2/ps3dev/ppu/bin/../lib/gcc/powerpc64-ps3-elf/4.5.2/../../../../powerpc64-ps3-elf/lib\libc.a(lib_a-getreent.o)
 .text.__getreent
                0x000000000001edf0      0x1f0 c:/psdk3v2/ps3dev/ppu/bin/../lib/gcc/powerpc64-ps3-elf/4.5.2/../../../../powerpc64-ps3-elf/lib\libc.a(lib_a-getreent.o)
                0x000000000001edf0                .__getreent
 .text          0x000000000001efe0        0x0 c:/psdk3v2/ps3dev/ppu/bin/../lib/gcc/powerpc64-ps3-elf/4.5.2/../../../../powerpc64-ps3-elf/lib\libc.a(lib_a-impure.o)
 .text          0x000000000001efe0        0x0 c:/psdk3v2/ps3dev/ppu/bin/../lib/gcc/powerpc64-ps3-elf/4.5.2/../../../../powerpc64-ps3-elf/lib\libc.a(lib_a-malign.o)
 .text.memalign
                0x000000000001efe0       0x58 c:/psdk3v2/ps3dev/ppu/bin/../lib/gcc/powerpc64-ps3-elf/4.5.2/../../../../powerpc64-ps3-elf/lib\libc.a(lib_a-malign.o)
                0x000000000001efe0                .memalign
 .text          0x000000000001f038        0x0 c:/psdk3v2/ps3dev/ppu/bin/../lib/gcc/powerpc64-ps3-elf/4.5.2/../../../../powerpc64-ps3-elf/lib\libc.a(lib_a-malignr.o)
 .text._memalign_r
                0x000000000001f038      0x214 c:/psdk3v2/ps3dev/ppu/bin/../lib/gcc/powerpc64-ps3-elf/4.5.2/../../../../powerpc64-ps3-elf/lib\libc.a(lib_a-malignr.o)
                0x000000000001f038                ._memalign_r
 .text          0x000000000001f24c        0x0 c:/psdk3v2/ps3dev/ppu/bin/../lib/gcc/powerpc64-ps3-elf/4.5.2/../../../../powerpc64-ps3-elf/lib\libc.a(lib_a-malloc.o)
 *fill*         0x000000000001f24c        0x4 60000000
 .text.malloc   0x000000000001f250       0x48 c:/psdk3v2/ps3dev/ppu/bin/../lib/gcc/powerpc64-ps3-elf/4.5.2/../../../../powerpc64-ps3-elf/lib\libc.a(lib_a-malloc.o)
                0x000000000001f250                .malloc
 .text.free     0x000000000001f298       0x48 c:/psdk3v2/ps3dev/ppu/bin/../lib/gcc/powerpc64-ps3-elf/4.5.2/../../../../powerpc64-ps3-elf/lib\libc.a(lib_a-malloc.o)
                0x000000000001f298                .free
 .text          0x000000000001f2e0        0x0 c:/psdk3v2/ps3dev/ppu/bin/../lib/gcc/powerpc64-ps3-elf/4.5.2/../../../../powerpc64-ps3-elf/lib\libc.a(lib_a-mallocr.o)
 .text._malloc_r
                0x000000000001f2e0      0x944 c:/psdk3v2/ps3dev/ppu/bin/../lib/gcc/powerpc64-ps3-elf/4.5.2/../../../../powerpc64-ps3-elf/lib\libc.a(lib_a-mallocr.o)
                0x000000000001f2e0                ._malloc_r
 .text          0x000000000001fc24        0x0 c:/psdk3v2/ps3dev/ppu/bin/../lib/gcc/powerpc64-ps3-elf/4.5.2/../../../../powerpc64-ps3-elf/lib\libc.a(lib_a-memcpy.o)
 *fill*         0x000000000001fc24        0x4 60000000
 .text.memcpy   0x000000000001fc28       0xf8 c:/psdk3v2/ps3dev/ppu/bin/../lib/gcc/powerpc64-ps3-elf/4.5.2/../../../../powerpc64-ps3-elf/lib\libc.a(lib_a-memcpy.o)
                0x000000000001fc28                .memcpy
 .text          0x000000000001fd20        0x0 c:/psdk3v2/ps3dev/ppu/bin/../lib/gcc/powerpc64-ps3-elf/4.5.2/../../../../powerpc64-ps3-elf/lib\libc.a(lib_a-memset.o)
 .text.memset   0x000000000001fd20      0x130 c:/psdk3v2/ps3dev/ppu/bin/../lib/gcc/powerpc64-ps3-elf/4.5.2/../../../../powerpc64-ps3-elf/lib\libc.a(lib_a-memset.o)
                0x000000000001fd20                .memset
 .text          0x000000000001fe50        0x0 c:/psdk3v2/ps3dev/ppu/bin/../lib/gcc/powerpc64-ps3-elf/4.5.2/../../../../powerpc64-ps3-elf/lib\libc.a(lib_a-mlock.o)
 .text.__malloc_lock
                0x000000000001fe50       0x34 c:/psdk3v2/ps3dev/ppu/bin/../lib/gcc/powerpc64-ps3-elf/4.5.2/../../../../powerpc64-ps3-elf/lib\libc.a(lib_a-mlock.o)
                0x000000000001fe50                .__malloc_lock
 *fill*         0x000000000001fe84        0x4 60000000
 .text.__malloc_unlock
                0x000000000001fe88       0x34 c:/psdk3v2/ps3dev/ppu/bin/../lib/gcc/powerpc64-ps3-elf/4.5.2/../../../../powerpc64-ps3-elf/lib\libc.a(lib_a-mlock.o)
                0x000000000001fe88                .__malloc_unlock
 .text          0x000000000001febc        0x0 c:/psdk3v2/ps3dev/ppu/bin/../lib/gcc/powerpc64-ps3-elf/4.5.2/../../../../powerpc64-ps3-elf/lib\libc.a(lib_a-sscanf.o)
 *fill*         0x000000000001febc        0x4 60000000
 .text.sscanf   0x000000000001fec0       0xa8 c:/psdk3v2/ps3dev/ppu/bin/../lib/gcc/powerpc64-ps3-elf/4.5.2/../../../../powerpc64-ps3-elf/lib\libc.a(lib_a-sscanf.o)
                0x000000000001fec0                .sscanf
 .text._sscanf_r
                0x000000000001ff68       0xa8 c:/psdk3v2/ps3dev/ppu/bin/../lib/gcc/powerpc64-ps3-elf/4.5.2/../../../../powerpc64-ps3-elf/lib\libc.a(lib_a-sscanf.o)
                0x000000000001ff68                ._sscanf_r
 .text          0x0000000000020010        0x0 c:/psdk3v2/ps3dev/ppu/bin/../lib/gcc/powerpc64-ps3-elf/4.5.2/../../../../powerpc64-ps3-elf/lib\libc.a(lib_a-stdio.o)
 .text.__sread  0x0000000000020010       0x80 c:/psdk3v2/ps3dev/ppu/bin/../lib/gcc/powerpc64-ps3-elf/4.5.2/../../../../powerpc64-ps3-elf/lib\libc.a(lib_a-stdio.o)
                0x0000000000020010                .__sread
 .text.__seofread
                0x0000000000020090       0x14 c:/psdk3v2/ps3dev/ppu/bin/../lib/gcc/powerpc64-ps3-elf/4.5.2/../../../../powerpc64-ps3-elf/lib\libc.a(lib_a-stdio.o)
                0x0000000000020090                .__seofread
 *fill*         0x00000000000200a4        0x4 60000000
 .text.__swrite
                0x00000000000200a8       0xbc c:/psdk3v2/ps3dev/ppu/bin/../lib/gcc/powerpc64-ps3-elf/4.5.2/../../../../powerpc64-ps3-elf/lib\libc.a(lib_a-stdio.o)
                0x00000000000200a8                .__swrite
 *fill*         0x0000000000020164        0x4 60000000
 .text.__sseek  0x0000000000020168       0x88 c:/psdk3v2/ps3dev/ppu/bin/../lib/gcc/powerpc64-ps3-elf/4.5.2/../../../../powerpc64-ps3-elf/lib\libc.a(lib_a-stdio.o)
                0x0000000000020168                .__sseek
 .text.__sclose
                0x00000000000201f0       0x3c c:/psdk3v2/ps3dev/ppu/bin/../lib/gcc/powerpc64-ps3-elf/4.5.2/../../../../powerpc64-ps3-elf/lib\libc.a(lib_a-stdio.o)
                0x00000000000201f0                .__sclose
 .text          0x000000000002022c        0x0 c:/psdk3v2/ps3dev/ppu/bin/../lib/gcc/powerpc64-ps3-elf/4.5.2/../../../../powerpc64-ps3-elf/lib\libc.a(lib_a-strcasecmp.o)
 *fill*         0x000000000002022c        0x4 60000000
 .text.strcasecmp
                0x0000000000020230       0xb8 c:/psdk3v2/ps3dev/ppu/bin/../lib/gcc/powerpc64-ps3-elf/4.5.2/../../../../powerpc64-ps3-elf/lib\libc.a(lib_a-strcasecmp.o)
                0x0000000000020230                .strcasecmp
 .text          0x00000000000202e8        0x0 c:/psdk3v2/ps3dev/ppu/bin/../lib/gcc/powerpc64-ps3-elf/4.5.2/../../../../powerpc64-ps3-elf/lib\libc.a(lib_a-strlen.o)
 .text.strlen   0x00000000000202e8       0xe4 c:/psdk3v2/ps3dev/ppu/bin/../lib/gcc/powerpc64-ps3-elf/4.5.2/../../../../powerpc64-ps3-elf/lib\libc.a(lib_a-strlen.o)
                0x00000000000202e8                .strlen
 .text          0x00000000000203cc        0x0 c:/psdk3v2/ps3dev/ppu/bin/../lib/gcc/powerpc64-ps3-elf/4.5.2/../../../../powerpc64-ps3-elf/lib\libc.a(lib_a-strncpy.o)
 *fill*         0x00000000000203cc        0x4 60000000
 .text.strncpy  0x00000000000203d0      0x100 c:/psdk3v2/ps3dev/ppu/bin/../lib/gcc/powerpc64-ps3-elf/4.5.2/../../../../powerpc64-ps3-elf/lib\libc.a(lib_a-strncpy.o)
                0x00000000000203d0                .strncpy
 .text          0x00000000000204d0        0x0 c:/psdk3v2/ps3dev/ppu/bin/../lib/gcc/powerpc64-ps3-elf/4.5.2/../../../../powerpc64-ps3-elf/lib\libc.a(lib_a-svfscanf.o)
 .text.__ssvfscanf_r
                0x00000000000204d0     0x18d8 c:/psdk3v2/ps3dev/ppu/bin/../lib/gcc/powerpc64-ps3-elf/4.5.2/../../../../powerpc64-ps3-elf/lib\libc.a(lib_a-svfscanf.o)
                0x00000000000204d0                .__ssvfscanf_r
 .text          0x0000000000021da8        0x0 c:/psdk3v2/ps3dev/ppu/bin/../lib/gcc/powerpc64-ps3-elf/4.5.2/../../../../powerpc64-ps3-elf/lib\libc.a(lib_a-__atexit.o)
 .text.__register_exitproc
                0x0000000000021da8      0x188 c:/psdk3v2/ps3dev/ppu/bin/../lib/gcc/powerpc64-ps3-elf/4.5.2/../../../../powerpc64-ps3-elf/lib\libc.a(lib_a-__atexit.o)
                0x0000000000021da8                .__register_exitproc
 .text          0x0000000000021f30        0x0 c:/psdk3v2/ps3dev/ppu/bin/../lib/gcc/powerpc64-ps3-elf/4.5.2/../../../../powerpc64-ps3-elf/lib\libc.a(lib_a-__call_atexit.o)
 .text.__call_exitprocs
                0x0000000000021f30      0x250 c:/psdk3v2/ps3dev/ppu/bin/../lib/gcc/powerpc64-ps3-elf/4.5.2/../../../../powerpc64-ps3-elf/lib\libc.a(lib_a-__call_atexit.o)
                0x0000000000021f30                .__call_exitprocs
 .text          0x0000000000022180        0x0 c:/psdk3v2/ps3dev/ppu/bin/../lib/gcc/powerpc64-ps3-elf/4.5.2/../../../../powerpc64-ps3-elf/lib\libc.a(lib_a-ctype_.o)
 .text          0x0000000000022180        0x0 c:/psdk3v2/ps3dev/ppu/bin/../lib/gcc/powerpc64-ps3-elf/4.5.2/../../../../powerpc64-ps3-elf/lib\libc.a(lib_a-findfp.o)
 .text._cleanup_r
                0x0000000000022180       0x34 c:/psdk3v2/ps3dev/ppu/bin/../lib/gcc/powerpc64-ps3-elf/4.5.2/../../../../powerpc64-ps3-elf/lib\libc.a(lib_a-findfp.o)
                0x0000000000022180                ._cleanup_r
 *fill*         0x00000000000221b4        0x4 60000000
 .text.__fp_unlock
                0x00000000000221b8       0x48 c:/psdk3v2/ps3dev/ppu/bin/../lib/gcc/powerpc64-ps3-elf/4.5.2/../../../../powerpc64-ps3-elf/lib\libc.a(lib_a-findfp.o)
 .text.__fp_lock
                0x0000000000022200       0x48 c:/psdk3v2/ps3dev/ppu/bin/../lib/gcc/powerpc64-ps3-elf/4.5.2/../../../../powerpc64-ps3-elf/lib\libc.a(lib_a-findfp.o)
 .text.__sfmoreglue
                0x0000000000022248       0x94 c:/psdk3v2/ps3dev/ppu/bin/../lib/gcc/powerpc64-ps3-elf/4.5.2/../../../../powerpc64-ps3-elf/lib\libc.a(lib_a-findfp.o)
                0x0000000000022248                .__sfmoreglue
 *fill*         0x00000000000222dc        0x4 60000000
 .text._cleanup
                0x00000000000222e0       0x18 c:/psdk3v2/ps3dev/ppu/bin/../lib/gcc/powerpc64-ps3-elf/4.5.2/../../../../powerpc64-ps3-elf/lib\libc.a(lib_a-findfp.o)
                0x00000000000222e0                ._cleanup
 .text.__sfp_lock_acquire
                0x00000000000222f8       0x34 c:/psdk3v2/ps3dev/ppu/bin/../lib/gcc/powerpc64-ps3-elf/4.5.2/../../../../powerpc64-ps3-elf/lib\libc.a(lib_a-findfp.o)
                0x00000000000222f8                .__sfp_lock_acquire
 *fill*         0x000000000002232c        0x4 60000000
 .text.__sfp_lock_release
                0x0000000000022330       0x34 c:/psdk3v2/ps3dev/ppu/bin/../lib/gcc/powerpc64-ps3-elf/4.5.2/../../../../powerpc64-ps3-elf/lib\libc.a(lib_a-findfp.o)
                0x0000000000022330                .__sfp_lock_release
 *fill*         0x0000000000022364        0x4 60000000
 .text.__sinit_lock_acquire
                0x0000000000022368       0x34 c:/psdk3v2/ps3dev/ppu/bin/../lib/gcc/powerpc64-ps3-elf/4.5.2/../../../../powerpc64-ps3-elf/lib\libc.a(lib_a-findfp.o)
                0x0000000000022368                .__sinit_lock_acquire
 *fill*         0x000000000002239c        0x4 60000000
 .text.__sinit_lock_release
                0x00000000000223a0       0x34 c:/psdk3v2/ps3dev/ppu/bin/../lib/gcc/powerpc64-ps3-elf/4.5.2/../../../../powerpc64-ps3-elf/lib\libc.a(lib_a-findfp.o)
                0x00000000000223a0                .__sinit_lock_release
 *fill*         0x00000000000223d4        0x4 60000000
 .text.__sinit  0x00000000000223d8      0x1d8 c:/psdk3v2/ps3dev/ppu/bin/../lib/gcc/powerpc64-ps3-elf/4.5.2/../../../../powerpc64-ps3-elf/lib\libc.a(lib_a-findfp.o)
                0x00000000000223d8                .__sinit
 .text.__sfp    0x00000000000225b0      0x190 c:/psdk3v2/ps3dev/ppu/bin/../lib/gcc/powerpc64-ps3-elf/4.5.2/../../../../powerpc64-ps3-elf/lib\libc.a(lib_a-findfp.o)
                0x00000000000225b0                .__sfp
 .text.__fp_lock_all
                0x0000000000022740       0x40 c:/psdk3v2/ps3dev/ppu/bin/../lib/gcc/powerpc64-ps3-elf/4.5.2/../../../../powerpc64-ps3-elf/lib\libc.a(lib_a-findfp.o)
                0x0000000000022740                .__fp_lock_all
 .text.__fp_unlock_all
                0x0000000000022780       0x3c c:/psdk3v2/ps3dev/ppu/bin/../lib/gcc/powerpc64-ps3-elf/4.5.2/../../../../powerpc64-ps3-elf/lib\libc.a(lib_a-findfp.o)
                0x0000000000022780                .__fp_unlock_all
 .text          0x00000000000227bc        0x0 c:/psdk3v2/ps3dev/ppu/bin/../lib/gcc/powerpc64-ps3-elf/4.5.2/../../../../powerpc64-ps3-elf/lib\libc.a(lib_a-freer.o)
 *fill*         0x00000000000227bc        0x4 60000000
 .text._malloc_trim_r
                0x00000000000227c0      0x15c c:/psdk3v2/ps3dev/ppu/bin/../lib/gcc/powerpc64-ps3-elf/4.5.2/../../../../powerpc64-ps3-elf/lib\libc.a(lib_a-freer.o)
                0x00000000000227c0                ._malloc_trim_r
 *fill*         0x000000000002291c        0x4 60000000
 .text._free_r  0x0000000000022920      0x310 c:/psdk3v2/ps3dev/ppu/bin/../lib/gcc/powerpc64-ps3-elf/4.5.2/../../../../powerpc64-ps3-elf/lib\libc.a(lib_a-freer.o)
                0x0000000000022920                ._free_r
 .text          0x0000000000022c30        0x0 c:/psdk3v2/ps3dev/ppu/bin/../lib/gcc/powerpc64-ps3-elf/4.5.2/../../../../powerpc64-ps3-elf/lib\libc.a(lib_a-fwalk.o)
 .text._fwalk   0x0000000000022c30       0xfc c:/psdk3v2/ps3dev/ppu/bin/../lib/gcc/powerpc64-ps3-elf/4.5.2/../../../../powerpc64-ps3-elf/lib\libc.a(lib_a-fwalk.o)
                0x0000000000022c30                ._fwalk
 *fill*         0x0000000000022d2c        0x4 60000000
 .text._fwalk_reent
                0x0000000000022d30      0x108 c:/psdk3v2/ps3dev/ppu/bin/../lib/gcc/powerpc64-ps3-elf/4.5.2/../../../../powerpc64-ps3-elf/lib\libc.a(lib_a-fwalk.o)
                0x0000000000022d30                ._fwalk_reent
 .text          0x0000000000022e38        0x0 c:/psdk3v2/ps3dev/ppu/bin/../lib/gcc/powerpc64-ps3-elf/4.5.2/../../../../powerpc64-ps3-elf/lib\libc.a(lib_a-iswspace.o)
 .text.iswspace
                0x0000000000022e38       0x3c c:/psdk3v2/ps3dev/ppu/bin/../lib/gcc/powerpc64-ps3-elf/4.5.2/../../../../powerpc64-ps3-elf/lib\libc.a(lib_a-iswspace.o)
                0x0000000000022e38                .iswspace
 .text          0x0000000000022e74        0x0 c:/psdk3v2/ps3dev/ppu/bin/../lib/gcc/powerpc64-ps3-elf/4.5.2/../../../../powerpc64-ps3-elf/lib\libc.a(lib_a-locale.o)
 *fill*         0x0000000000022e74        0x4 60000000
 .text._setlocale_r
                0x0000000000022e78       0xa8 c:/psdk3v2/ps3dev/ppu/bin/../lib/gcc/powerpc64-ps3-elf/4.5.2/../../../../powerpc64-ps3-elf/lib\libc.a(lib_a-locale.o)
                0x0000000000022e78                ._setlocale_r
 .text.__locale_charset
                0x0000000000022f20       0x14 c:/psdk3v2/ps3dev/ppu/bin/../lib/gcc/powerpc64-ps3-elf/4.5.2/../../../../powerpc64-ps3-elf/lib\libc.a(lib_a-locale.o)
                0x0000000000022f20                .__locale_charset
 *fill*         0x0000000000022f34        0x4 60000000
 .text.__locale_mb_cur_max
                0x0000000000022f38       0x1c c:/psdk3v2/ps3dev/ppu/bin/../lib/gcc/powerpc64-ps3-elf/4.5.2/../../../../powerpc64-ps3-elf/lib\libc.a(lib_a-locale.o)
                0x0000000000022f38                .__locale_mb_cur_max
 *fill*         0x0000000000022f54        0x4 60000000
 .text.__locale_msgcharset
                0x0000000000022f58       0x14 c:/psdk3v2/ps3dev/ppu/bin/../lib/gcc/powerpc64-ps3-elf/4.5.2/../../../../powerpc64-ps3-elf/lib\libc.a(lib_a-locale.o)
                0x0000000000022f58                .__locale_msgcharset
 *fill*         0x0000000000022f6c        0x4 60000000
 .text.__locale_cjk_lang
                0x0000000000022f70       0x14 c:/psdk3v2/ps3dev/ppu/bin/../lib/gcc/powerpc64-ps3-elf/4.5.2/../../../../powerpc64-ps3-elf/lib\libc.a(lib_a-locale.o)
                0x0000000000022f70                .__locale_cjk_lang
 *fill*         0x0000000000022f84        0x4 60000000
 .text._localeconv_r
                0x0000000000022f88       0x14 c:/psdk3v2/ps3dev/ppu/bin/../lib/gcc/powerpc64-ps3-elf/4.5.2/../../../../powerpc64-ps3-elf/lib\libc.a(lib_a-locale.o)
                0x0000000000022f88                ._localeconv_r
 *fill*         0x0000000000022f9c        0x4 60000000
 .text.setlocale
                0x0000000000022fa0       0x50 c:/psdk3v2/ps3dev/ppu/bin/../lib/gcc/powerpc64-ps3-elf/4.5.2/../../../../powerpc64-ps3-elf/lib\libc.a(lib_a-locale.o)
                0x0000000000022fa0                .setlocale
 .text.localeconv
                0x0000000000022ff0       0x34 c:/psdk3v2/ps3dev/ppu/bin/../lib/gcc/powerpc64-ps3-elf/4.5.2/../../../../powerpc64-ps3-elf/lib\libc.a(lib_a-locale.o)
                0x0000000000022ff0                .localeconv
 .text          0x0000000000023024        0x0 c:/psdk3v2/ps3dev/ppu/bin/../lib/gcc/powerpc64-ps3-elf/4.5.2/../../../../powerpc64-ps3-elf/lib\libc.a(lib_a-lock_recursive.o)
 *fill*         0x0000000000023024        0x4 60000000
 .text.__libc_lock_init_recursive
                0x0000000000023028       0x34 c:/psdk3v2/ps3dev/ppu/bin/../lib/gcc/powerpc64-ps3-elf/4.5.2/../../../../powerpc64-ps3-elf/lib\libc.a(lib_a-lock_recursive.o)
                0x0000000000023028                .__libc_lock_init_recursive
 *fill*         0x000000000002305c        0x4 60000000
 .text.__libc_lock_close_recursive
                0x0000000000023060       0x30 c:/psdk3v2/ps3dev/ppu/bin/../lib/gcc/powerpc64-ps3-elf/4.5.2/../../../../powerpc64-ps3-elf/lib\libc.a(lib_a-lock_recursive.o)
                0x0000000000023060                .__libc_lock_close_recursive
 .text.__libc_lock_acquire_recursive
                0x0000000000023090       0x58 c:/psdk3v2/ps3dev/ppu/bin/../lib/gcc/powerpc64-ps3-elf/4.5.2/../../../../powerpc64-ps3-elf/lib\libc.a(lib_a-lock_recursive.o)
                0x0000000000023090                .__libc_lock_acquire_recursive
 .text.__libc_lock_try_acquire_recursive
                0x00000000000230e8       0x54 c:/psdk3v2/ps3dev/ppu/bin/../lib/gcc/powerpc64-ps3-elf/4.5.2/../../../../powerpc64-ps3-elf/lib\libc.a(lib_a-lock_recursive.o)
                0x00000000000230e8                .__libc_lock_try_acquire_recursive
 *fill*         0x000000000002313c        0x4 60000000
 .text.__libc_lock_release_recursive
                0x0000000000023140       0x54 c:/psdk3v2/ps3dev/ppu/bin/../lib/gcc/powerpc64-ps3-elf/4.5.2/../../../../powerpc64-ps3-elf/lib\libc.a(lib_a-lock_recursive.o)
                0x0000000000023140                .__libc_lock_release_recursive
 .text          0x0000000000023194        0x0 c:/psdk3v2/ps3dev/ppu/bin/../lib/gcc/powerpc64-ps3-elf/4.5.2/../../../../powerpc64-ps3-elf/lib\libc.a(lib_a-mbrtowc.o)
 *fill*         0x0000000000023194        0x4 60000000
 .text._mbrtowc_r
                0x0000000000023198      0x10c c:/psdk3v2/ps3dev/ppu/bin/../lib/gcc/powerpc64-ps3-elf/4.5.2/../../../../powerpc64-ps3-elf/lib\libc.a(lib_a-mbrtowc.o)
                0x0000000000023198                ._mbrtowc_r
 *fill*         0x00000000000232a4        0x4 60000000
 .text.mbrtowc  0x00000000000232a8      0x170 c:/psdk3v2/ps3dev/ppu/bin/../lib/gcc/powerpc64-ps3-elf/4.5.2/../../../../powerpc64-ps3-elf/lib\libc.a(lib_a-mbrtowc.o)
                0x00000000000232a8                .mbrtowc
 .text          0x0000000000023418        0x0 c:/psdk3v2/ps3dev/ppu/bin/../lib/gcc/powerpc64-ps3-elf/4.5.2/../../../../powerpc64-ps3-elf/lib\libc.a(lib_a-mbtowc_r.o)
 .text.__ascii_mbtowc
                0x0000000000023418       0x58 c:/psdk3v2/ps3dev/ppu/bin/../lib/gcc/powerpc64-ps3-elf/4.5.2/../../../../powerpc64-ps3-elf/lib\libc.a(lib_a-mbtowc_r.o)
                0x0000000000023418                .__ascii_mbtowc
 .text._mbtowc_r
                0x0000000000023470       0x98 c:/psdk3v2/ps3dev/ppu/bin/../lib/gcc/powerpc64-ps3-elf/4.5.2/../../../../powerpc64-ps3-elf/lib\libc.a(lib_a-mbtowc_r.o)
                0x0000000000023470                ._mbtowc_r
 .text          0x0000000000023508        0x0 c:/psdk3v2/ps3dev/ppu/bin/../lib/gcc/powerpc64-ps3-elf/4.5.2/../../../../powerpc64-ps3-elf/lib\libc.a(lib_a-s_fpclassify.o)
 .text.__fpclassifyd
                0x0000000000023508       0xc4 c:/psdk3v2/ps3dev/ppu/bin/../lib/gcc/powerpc64-ps3-elf/4.5.2/../../../../powerpc64-ps3-elf/lib\libc.a(lib_a-s_fpclassify.o)
                0x0000000000023508                .__fpclassifyd
 .text          0x00000000000235cc        0x0 c:/psdk3v2/ps3dev/ppu/bin/../lib/gcc/powerpc64-ps3-elf/4.5.2/../../../../powerpc64-ps3-elf/lib\libc.a(lib_a-sccl.o)
 *fill*         0x00000000000235cc        0x4 60000000
 .text.__sccl   0x00000000000235d0      0x120 c:/psdk3v2/ps3dev/ppu/bin/../lib/gcc/powerpc64-ps3-elf/4.5.2/../../../../powerpc64-ps3-elf/lib\libc.a(lib_a-sccl.o)
                0x00000000000235d0                .__sccl
 .text          0x00000000000236f0        0x0 c:/psdk3v2/ps3dev/ppu/bin/../lib/gcc/powerpc64-ps3-elf/4.5.2/../../../../powerpc64-ps3-elf/lib\libc.a(lib_a-sf_nan.o)
 .text.nanf     0x00000000000236f0       0x18 c:/psdk3v2/ps3dev/ppu/bin/../lib/gcc/powerpc64-ps3-elf/4.5.2/../../../../powerpc64-ps3-elf/lib\libc.a(lib_a-sf_nan.o)
                0x00000000000236f0                .nanf
 .text          0x0000000000023708        0x0 c:/psdk3v2/ps3dev/ppu/bin/../lib/gcc/powerpc64-ps3-elf/4.5.2/../../../../powerpc64-ps3-elf/lib\libc.a(lib_a-sprintf.o)
 .text._sprintf_r
                0x0000000000023708       0x84 c:/psdk3v2/ps3dev/ppu/bin/../lib/gcc/powerpc64-ps3-elf/4.5.2/../../../../powerpc64-ps3-elf/lib\libc.a(lib_a-sprintf.o)
                0x0000000000023708                ._sprintf_r
 *fill*         0x000000000002378c        0x4 60000000
 .text.sprintf  0x0000000000023790       0x9c c:/psdk3v2/ps3dev/ppu/bin/../lib/gcc/powerpc64-ps3-elf/4.5.2/../../../../powerpc64-ps3-elf/lib\libc.a(lib_a-sprintf.o)
                0x0000000000023790                .sprintf
 .text          0x000000000002382c        0x0 c:/psdk3v2/ps3dev/ppu/bin/../lib/gcc/powerpc64-ps3-elf/4.5.2/../../../../powerpc64-ps3-elf/lib\libc.a(lib_a-strcmp.o)
 *fill*         0x000000000002382c        0x4 60000000
 .text.strcmp   0x0000000000023830       0xfc c:/psdk3v2/ps3dev/ppu/bin/../lib/gcc/powerpc64-ps3-elf/4.5.2/../../../../powerpc64-ps3-elf/lib\libc.a(lib_a-strcmp.o)
                0x0000000000023830                .strcmp
 .text          0x000000000002392c        0x0 c:/psdk3v2/ps3dev/ppu/bin/../lib/gcc/powerpc64-ps3-elf/4.5.2/../../../../powerpc64-ps3-elf/lib\libc.a(lib_a-strtod.o)
 *fill*         0x000000000002392c        0x4 60000000
 .text.match    0x0000000000023930       0x6c c:/psdk3v2/ps3dev/ppu/bin/../lib/gcc/powerpc64-ps3-elf/4.5.2/../../../../powerpc64-ps3-elf/lib\libc.a(lib_a-strtod.o)
 *fill*         0x000000000002399c        0x4 60000000
 .text._strtod_r
                0x00000000000239a0     0x1578 c:/psdk3v2/ps3dev/ppu/bin/../lib/gcc/powerpc64-ps3-elf/4.5.2/../../../../powerpc64-ps3-elf/lib\libc.a(lib_a-strtod.o)
                0x00000000000239a0                ._strtod_r
 .text.strtod   0x0000000000024f18       0x50 c:/psdk3v2/ps3dev/ppu/bin/../lib/gcc/powerpc64-ps3-elf/4.5.2/../../../../powerpc64-ps3-elf/lib\libc.a(lib_a-strtod.o)
                0x0000000000024f18                .strtod
 .text.strtof   0x0000000000024f68       0x98 c:/psdk3v2/ps3dev/ppu/bin/../lib/gcc/powerpc64-ps3-elf/4.5.2/../../../../powerpc64-ps3-elf/lib\libc.a(lib_a-strtod.o)
                0x0000000000024f68                .strtof
 .text          0x0000000000025000        0x0 c:/psdk3v2/ps3dev/ppu/bin/../lib/gcc/powerpc64-ps3-elf/4.5.2/../../../../powerpc64-ps3-elf/lib\libc.a(lib_a-strtol.o)
 .text._strtol_r
                0x0000000000025000      0x24c c:/psdk3v2/ps3dev/ppu/bin/../lib/gcc/powerpc64-ps3-elf/4.5.2/../../../../powerpc64-ps3-elf/lib\libc.a(lib_a-strtol.o)
                0x0000000000025000                ._strtol_r
 *fill*         0x000000000002524c        0x4 60000000
 .text.strtol   0x0000000000025250       0x60 c:/psdk3v2/ps3dev/ppu/bin/../lib/gcc/powerpc64-ps3-elf/4.5.2/../../../../powerpc64-ps3-elf/lib\libc.a(lib_a-strtol.o)
                0x0000000000025250                .strtol
 .text          0x00000000000252b0        0x0 c:/psdk3v2/ps3dev/ppu/bin/../lib/gcc/powerpc64-ps3-elf/4.5.2/../../../../powerpc64-ps3-elf/lib\libc.a(lib_a-strtoll_r.o)
 .text._strtoll_r
                0x00000000000252b0      0x24c c:/psdk3v2/ps3dev/ppu/bin/../lib/gcc/powerpc64-ps3-elf/4.5.2/../../../../powerpc64-ps3-elf/lib\libc.a(lib_a-strtoll_r.o)
                0x00000000000252b0                ._strtoll_r
 .text          0x00000000000254fc        0x0 c:/psdk3v2/ps3dev/ppu/bin/../lib/gcc/powerpc64-ps3-elf/4.5.2/../../../../powerpc64-ps3-elf/lib\libc.a(lib_a-strtoul.o)
 *fill*         0x00000000000254fc        0x4 60000000
 .text._strtoul_r
                0x0000000000025500      0x230 c:/psdk3v2/ps3dev/ppu/bin/../lib/gcc/powerpc64-ps3-elf/4.5.2/../../../../powerpc64-ps3-elf/lib\libc.a(lib_a-strtoul.o)
                0x0000000000025500                ._strtoul_r
 .text.strtoul  0x0000000000025730       0x60 c:/psdk3v2/ps3dev/ppu/bin/../lib/gcc/powerpc64-ps3-elf/4.5.2/../../../../powerpc64-ps3-elf/lib\libc.a(lib_a-strtoul.o)
                0x0000000000025730                .strtoul
 .text          0x0000000000025790        0x0 c:/psdk3v2/ps3dev/ppu/bin/../lib/gcc/powerpc64-ps3-elf/4.5.2/../../../../powerpc64-ps3-elf/lib\libc.a(lib_a-strtoull_r.o)
 .text._strtoull_r
                0x0000000000025790      0x230 c:/psdk3v2/ps3dev/ppu/bin/../lib/gcc/powerpc64-ps3-elf/4.5.2/../../../../powerpc64-ps3-elf/lib\libc.a(lib_a-strtoull_r.o)
                0x0000000000025790                ._strtoull_r
 .text          0x00000000000259c0        0x0 c:/psdk3v2/ps3dev/ppu/bin/../lib/gcc/powerpc64-ps3-elf/4.5.2/../../../../powerpc64-ps3-elf/lib\libc.a(lib_a-svfiscanf.o)
 .text._sungetc_r
                0x00000000000259c0      0x158 c:/psdk3v2/ps3dev/ppu/bin/../lib/gcc/powerpc64-ps3-elf/4.5.2/../../../../powerpc64-ps3-elf/lib\libc.a(lib_a-svfiscanf.o)
                0x00000000000259c0                ._sungetc_r
 .text.__ssrefill_r
                0x0000000000025b18       0xa0 c:/psdk3v2/ps3dev/ppu/bin/../lib/gcc/powerpc64-ps3-elf/4.5.2/../../../../powerpc64-ps3-elf/lib\libc.a(lib_a-svfiscanf.o)
                0x0000000000025b18                .__ssrefill_r
 .text._sfread_r
                0x0000000000025bb8      0x194 c:/psdk3v2/ps3dev/ppu/bin/../lib/gcc/powerpc64-ps3-elf/4.5.2/../../../../powerpc64-ps3-elf/lib\libc.a(lib_a-svfiscanf.o)
                0x0000000000025bb8                ._sfread_r
 *fill*         0x0000000000025d4c        0x4 60000000
 .text.__ssvfiscanf_r
                0x0000000000025d50     0x1208 c:/psdk3v2/ps3dev/ppu/bin/../lib/gcc/powerpc64-ps3-elf/4.5.2/../../../../powerpc64-ps3-elf/lib\libc.a(lib_a-svfiscanf.o)
                0x0000000000025d50                .__ssvfiscanf_r
 .text          0x0000000000026f58        0x0 c:/psdk3v2/ps3dev/ppu/bin/../lib/gcc/powerpc64-ps3-elf/4.5.2/../../../../powerpc64-ps3-elf/lib\libc.a(lib_a-svfprintf.o)
 .text._svfprintf_r
                0x0000000000026f58     0x2120 c:/psdk3v2/ps3dev/ppu/bin/../lib/gcc/powerpc64-ps3-elf/4.5.2/../../../../powerpc64-ps3-elf/lib\libc.a(lib_a-svfprintf.o)
                0x0000000000026f58                ._svfprintf_r
 .text          0x0000000000029078        0x0 c:/psdk3v2/ps3dev/ppu/bin/../lib/gcc/powerpc64-ps3-elf/4.5.2/../../../../powerpc64-ps3-elf/lib\libc.a(lib_a-ungetc.o)
 .text.__submore
                0x0000000000029078      0x124 c:/psdk3v2/ps3dev/ppu/bin/../lib/gcc/powerpc64-ps3-elf/4.5.2/../../../../powerpc64-ps3-elf/lib\libc.a(lib_a-ungetc.o)
                0x0000000000029078                .__submore
 *fill*         0x000000000002919c        0x4 60000000
 .text._ungetc_r
                0x00000000000291a0      0x2b8 c:/psdk3v2/ps3dev/ppu/bin/../lib/gcc/powerpc64-ps3-elf/4.5.2/../../../../powerpc64-ps3-elf/lib\libc.a(lib_a-ungetc.o)
                0x00000000000291a0                ._ungetc_r
 .text.ungetc   0x0000000000029458       0x50 c:/psdk3v2/ps3dev/ppu/bin/../lib/gcc/powerpc64-ps3-elf/4.5.2/../../../../powerpc64-ps3-elf/lib\libc.a(lib_a-ungetc.o)
                0x0000000000029458                .ungetc
 .text          0x00000000000294a8        0x0 c:/psdk3v2/ps3dev/ppu/bin/../lib/gcc/powerpc64-ps3-elf/4.5.2/../../../../powerpc64-ps3-elf/lib\libc.a(lib_a-dtoa.o)
 .text.quorem   0x00000000000294a8      0x258 c:/psdk3v2/ps3dev/ppu/bin/../lib/gcc/powerpc64-ps3-elf/4.5.2/../../../../powerpc64-ps3-elf/lib\libc.a(lib_a-dtoa.o)
 .text._dtoa_r  0x0000000000029700     0x1328 c:/psdk3v2/ps3dev/ppu/bin/../lib/gcc/powerpc64-ps3-elf/4.5.2/../../../../powerpc64-ps3-elf/lib\libc.a(lib_a-dtoa.o)
                0x0000000000029700                ._dtoa_r
 .text          0x000000000002aa28        0x0 c:/psdk3v2/ps3dev/ppu/bin/../lib/gcc/powerpc64-ps3-elf/4.5.2/../../../../powerpc64-ps3-elf/lib\libc.a(lib_a-fclose.o)
 .text._fclose_r
                0x000000000002aa28      0x1ec c:/psdk3v2/ps3dev/ppu/bin/../lib/gcc/powerpc64-ps3-elf/4.5.2/../../../../powerpc64-ps3-elf/lib\libc.a(lib_a-fclose.o)
                0x000000000002aa28                ._fclose_r
 *fill*         0x000000000002ac14        0x4 60000000
 .text.fclose   0x000000000002ac18       0x40 c:/psdk3v2/ps3dev/ppu/bin/../lib/gcc/powerpc64-ps3-elf/4.5.2/../../../../powerpc64-ps3-elf/lib\libc.a(lib_a-fclose.o)
                0x000000000002ac18                .fclose
 .text          0x000000000002ac58        0x0 c:/psdk3v2/ps3dev/ppu/bin/../lib/gcc/powerpc64-ps3-elf/4.5.2/../../../../powerpc64-ps3-elf/lib\libc.a(lib_a-fflush.o)
 .text._fflush_r
                0x000000000002ac58      0x410 c:/psdk3v2/ps3dev/ppu/bin/../lib/gcc/powerpc64-ps3-elf/4.5.2/../../../../powerpc64-ps3-elf/lib\libc.a(lib_a-fflush.o)
                0x000000000002ac58                ._fflush_r