Archive member included because of file (symbol)

c:/PSDK3v2/ps3dev/portlibs/ppu/lib\libtiny3d.a(matrix.o)
                              main.o (MatrixMultiply)
c:/PSDK3v2/ps3dev/portlibs/ppu/lib\libtiny3d.a(tiny3d.o)
                              main.o (tiny3d_Init)
c:/PSDK3v2/ps3dev/portlibs/ppu/lib\libtiny3d.a(vshader_text_normal.vcg.o)
                              c:/PSDK3v2/ps3dev/portlibs/ppu/lib\libtiny3d.a(tiny3d.o) (vshader_text_normal_bin)
c:/PSDK3v2/ps3dev/portlibs/ppu/lib\libtiny3d.a(commands.o)
                              c:/PSDK3v2/ps3dev/portlibs/ppu/lib\libtiny3d.a(tiny3d.o) (rsxtiny_MakeCmdSpace)
c:/PSDK3v2/ps3dev/portlibs/ppu/lib\libtiny3d.a(glue.o)
                              c:/PSDK3v2/ps3dev/portlibs/ppu/lib\libtiny3d.a(tiny3d.o) (rsxtiny_FlushBuffer)
c:/PSDK3v2/ps3dev/portlibs/ppu/lib\libtiny3d.a(mm.o)
                              c:/PSDK3v2/ps3dev/portlibs/ppu/lib\libtiny3d.a(tiny3d.o) (rsxtiny_MemAlign)
c:/PSDK3v2/ps3dev/portlibs/ppu/lib\libtiny3d.a(realityVP.o)
                              c:/PSDK3v2/ps3dev/portlibs/ppu/lib\libtiny3d.a(commands.o) (rsxtiny_VertexProgramGetUCode)
c:/PSDK3v2/ps3dev/portlibs/ppu/lib\libtiny3d.a(rsxutil.o)
                              c:/PSDK3v2/ps3dev/portlibs/ppu/lib\libtiny3d.a(tiny3d.o) (waitFlip)
c:/PSDK3v2/ps3dev/portlibs/ppu/lib\libtiny3d.a(buffer.o)
                              c:/PSDK3v2/ps3dev/portlibs/ppu/lib\libtiny3d.a(commands.o) (tiny_rsxContextCallback)
c:/PSDK3v2/psl1ght/ppu/lib\libgcm_sys.a(sprx.o)
                              c:/PSDK3v2/ps3dev/portlibs/ppu/lib\libtiny3d.a(rsxutil.o) (gcmSetFlip)
c:/PSDK3v2/psl1ght/ppu/lib\libio.a(sprx.o)
                              main.o (ioPadInit)
c:/PSDK3v2/psl1ght/ppu/lib\libsysutil.a(sprx.o)
                              c:/PSDK3v2/ps3dev/portlibs/ppu/lib\libtiny3d.a(rsxutil.o) (videoConfigure)
c:/PSDK3v2/psl1ght/ppu/lib\libsysutil.a(sysutil_wrapper.o)
                              c:/PSDK3v2/ps3dev/portlibs/ppu/lib\libtiny3d.a(tiny3d.o) (sysUtilRegisterCallback)
c:/PSDK3v2/psl1ght/ppu/lib\librt.a(sbrk.o)
                              c:/psdk3v2/ps3dev/ppu/bin/../lib/gcc/powerpc64-ps3-elf/4.5.2/../../../../powerpc64-ps3-elf/lib/lv2-crt0.o (__librt_sbrk_r)
c:/PSDK3v2/psl1ght/ppu/lib\librt.a(exit.o)
                              c:/psdk3v2/ps3dev/ppu/bin/../lib/gcc/powerpc64-ps3-elf/4.5.2/../../../../powerpc64-ps3-elf/lib/lv2-crt0.o (__librt_exit)
c:/PSDK3v2/psl1ght/ppu/lib\librt.a(close.o)
                              c:/psdk3v2/ps3dev/ppu/bin/../lib/gcc/powerpc64-ps3-elf/4.5.2/../../../../powerpc64-ps3-elf/lib/lv2-crt0.o (__librt_close_r)
c:/PSDK3v2/psl1ght/ppu/lib\librt.a(lseek.o)
                              c:/psdk3v2/ps3dev/ppu/bin/../lib/gcc/powerpc64-ps3-elf/4.5.2/../../../../powerpc64-ps3-elf/lib/lv2-crt0.o (__librt_lseek_r)
c:/PSDK3v2/psl1ght/ppu/lib\librt.a(read.o)
                              c:/psdk3v2/ps3dev/ppu/bin/../lib/gcc/powerpc64-ps3-elf/4.5.2/../../../../powerpc64-ps3-elf/lib/lv2-crt0.o (__librt_read_r)
c:/PSDK3v2/psl1ght/ppu/lib\librt.a(open.o)
                              c:/psdk3v2/ps3dev/ppu/bin/../lib/gcc/powerpc64-ps3-elf/4.5.2/../../../../powerpc64-ps3-elf/lib/lv2-crt0.o (__librt_open_r)
c:/PSDK3v2/psl1ght/ppu/lib\librt.a(sleep.o)
                              c:/psdk3v2/ps3dev/ppu/bin/../lib/gcc/powerpc64-ps3-elf/4.5.2/../../../../powerpc64-ps3-elf/lib/lv2-crt0.o (__librt_usleep_r)
c:/PSDK3v2/psl1ght/ppu/lib\librt.a(write.o)
                              c:/psdk3v2/ps3dev/ppu/bin/../lib/gcc/powerpc64-ps3-elf/4.5.2/../../../../powerpc64-ps3-elf/lib/lv2-crt0.o (__librt_write_r)
c:/PSDK3v2/psl1ght/ppu/lib\librt.a(fstat.o)
                              c:/psdk3v2/ps3dev/ppu/bin/../lib/gcc/powerpc64-ps3-elf/4.5.2/../../../../powerpc64-ps3-elf/lib/lv2-crt0.o (__librt_fstat_r)
c:/PSDK3v2/psl1ght/ppu/lib\librt.a(socket.o)
                              c:/PSDK3v2/psl1ght/ppu/lib\librt.a(write.o) (send)
c:/PSDK3v2/psl1ght/ppu/lib\librt.a(lock.o)
                              c:/psdk3v2/ps3dev/ppu/bin/../lib/gcc/powerpc64-ps3-elf/4.5.2/../../../../powerpc64-ps3-elf/lib/lv2-crt0.o (__librt_sys_lwmutex_create_r)
c:/PSDK3v2/psl1ght/ppu/lib\librt.a(dirent.o)
                              c:/psdk3v2/ps3dev/ppu/bin/../lib/gcc/powerpc64-ps3-elf/4.5.2/../../../../powerpc64-ps3-elf/lib/lv2-crt0.o (__librt_opendir_r)
c:/PSDK3v2/psl1ght/ppu/lib\librt.a(mkdir.o)
                              c:/psdk3v2/ps3dev/ppu/bin/../lib/gcc/powerpc64-ps3-elf/4.5.2/../../../../powerpc64-ps3-elf/lib/lv2-crt0.o (__librt_mkdir_r)
c:/PSDK3v2/psl1ght/ppu/lib\librt.a(times.o)
                              c:/psdk3v2/ps3dev/ppu/bin/../lib/gcc/powerpc64-ps3-elf/4.5.2/../../../../powerpc64-ps3-elf/lib/lv2-crt0.o (__librt_times_r)
c:/PSDK3v2/psl1ght/ppu/lib\librt.a(umask.o)
                              c:/psdk3v2/ps3dev/ppu/bin/../lib/gcc/powerpc64-ps3-elf/4.5.2/../../../../powerpc64-ps3-elf/lib/lv2-crt0.o (__librt_umask_r)
[...]
Memory Configuration

Name             Origin             Length             Attributes
*default*        0x0000000000000000 0xffffffffffffffff

Linker script and memory map

                0x0000000000010000                PROVIDE (__executable_start, 0x10000)
                0x0000000000010200                . = (0x10000 + SIZEOF_HEADERS)

.interp
 *(.interp)

.hash
 *(.hash)

.dynsym
 *(.dynsym)

.dynstr
 *(.dynstr)

.gnu.version
 *(.gnu.version)

.gnu.version_d
 *(.gnu.version_d)

.gnu.version_r
 *(.gnu.version_r)

.rel.dyn
 *(.rel.init)
 *(.rel.text .rel.text.* .rel.gnu.linkonce.t.*)
 *(.rel.fini)
 *(.rel.rodata .rel.rodata.* .rel.gnu.linkonce.r.*)
 *(.rel.data.rel.ro*)
 *(.rel.data .rel.data.* .rel.gnu.linkonce.d.*)
 *(.rel.tdata .rel.tdata.* .rel.gnu.linkonce.td.*)
 *(.rel.tbss .rel.tbss.* .rel.gnu.linkonce.tb.*)
 *(.rel.ctors)
 *(.rel.dtors)
 *(.rel.got)
 *(.rel.sdata .rel.sdata.* .rel.gnu.linkonce.s.*)
 *(.rel.sbss .rel.sbss.* .rel.gnu.linkonce.sb.*)
 *(.rel.sdata2 .rel.sdata2.* .rel.gnu.linkonce.s2.*)
 *(.rel.sbss2 .rel.sbss2.* .rel.gnu.linkonce.sb2.*)
 *(.rel.bss .rel.bss.* .rel.gnu.linkonce.b.*)

.rela.dyn       0x0000000000010200        0x0
 *(.rela.init)
 *(.rela.text .rela.text.* .rela.gnu.linkonce.t.*)
 *(.rela.fini)
 *(.rela.rodata .rela.rodata.* .rela.gnu.linkonce.r.*)
 *(.rela.data .rela.data.* .rela.gnu.linkonce.d.*)
 *(.rela.tdata .rela.tdata.* .rela.gnu.linkonce.td.*)
 *(.rela.tbss .rela.tbss.* .rela.gnu.linkonce.tb.*)
 *(.rela.ctors)
 *(.rela.dtors)
 *(.rela.got)
 *(.rela.toc)
 .rela.toc      0x0000000000000000        0x0 linker stubs
 *(.rela.sdata .rela.sdata.* .rela.gnu.linkonce.s.*)
 *(.rela.sbss .rela.sbss.* .rela.gnu.linkonce.sb.*)
 *(.rela.sdata2 .rela.sdata2.* .rela.gnu.linkonce.s2.*)
 *(.rela.sbss2 .rela.sbss2.* .rela.gnu.linkonce.sb2.*)
 *(.rela.bss .rela.bss.* .rela.gnu.linkonce.b.*)
 .rela.iplt     0x0000000000000000        0x0 linker stubs
 .rela.sys_proc_prx_param
                0x0000000000000000        0x0 linker stubs
 .rela.opd      0x0000000000000000        0x0 linker stubs

.rel.plt
 *(.rel.plt)

.rela.plt
 *(.rela.plt)

.rela.tocbss
 *(.rela.tocbss)

.init           0x0000000000010200       0x2c
 *(.init)
 .init          0x0000000000010200        0xc c:/psdk3v2/ps3dev/ppu/bin/../lib/gcc/powerpc64-ps3-elf/4.5.2/../../../../powerpc64-ps3-elf/lib/lv2-crti.o
                0x0000000000010200                ._init
 .init          0x000000000001020c        0x8 c:/psdk3v2/ps3dev/ppu/bin/../lib/gcc/powerpc64-ps3-elf/4.5.2/crtbegin.o
 .init          0x0000000000010214        0x8 c:/psdk3v2/ps3dev/ppu/bin/../lib/gcc/powerpc64-ps3-elf/4.5.2/crtend.o
 .init          0x000000000001021c       0x10 c:/psdk3v2/ps3dev/ppu/bin/../lib/gcc/powerpc64-ps3-elf/4.5.2/../../../../powerpc64-ps3-elf/lib/lv2-crtn.o

.text           0x0000000000010230    0x203fc
 *(.text .stub .text.* .gnu.linkonce.t.*)
 .text          0x0000000000010230        0x0 c:/psdk3v2/ps3dev/ppu/bin/../lib/gcc/powerpc64-ps3-elf/4.5.2/../../../../powerpc64-ps3-elf/lib/lv2-crti.o
 .text          0x0000000000010230        0x0 c:/psdk3v2/ps3dev/ppu/bin/../lib/gcc/powerpc64-ps3-elf/4.5.2/crtbegin.o
 .text.__do_global_dtors_aux
                0x0000000000010230       0xc8 c:/psdk3v2/ps3dev/ppu/bin/../lib/gcc/powerpc64-ps3-elf/4.5.2/crtbegin.o
 .text.frame_dummy
                0x00000000000102f8       0x70 c:/psdk3v2/ps3dev/ppu/bin/../lib/gcc/powerpc64-ps3-elf/4.5.2/crtbegin.o
 .text          0x0000000000010368       0x58 c:/psdk3v2/ps3dev/ppu/bin/../lib/gcc/powerpc64-ps3-elf/4.5.2/../../../../powerpc64-ps3-elf/lib/lv2-crt0.o
                0x0000000000010368                ._start
 .text.__syscalls_init
                0x00000000000103c0      0x15c c:/psdk3v2/ps3dev/ppu/bin/../lib/gcc/powerpc64-ps3-elf/4.5.2/../../../../powerpc64-ps3-elf/lib/lv2-crt0.o
 *fill*         0x000000000001051c        0x4 60000000
 .text._initialize
                0x0000000000010520       0x40 c:/psdk3v2/ps3dev/ppu/bin/../lib/gcc/powerpc64-ps3-elf/4.5.2/../../../../powerpc64-ps3-elf/lib/lv2-crt0.o
                0x0000000000010520                ._initialize
 .text          0x0000000000010560        0x0 c:/psdk3v2/ps3dev/ppu/bin/../lib/gcc/powerpc64-ps3-elf/4.5.2/../../../../powerpc64-ps3-elf/lib/lv2-sprx.o
 .text          0x0000000000010560        0x0 ghost1_png.bin.o
 .text          0x0000000000010560        0x0 ghost2_png.bin.o
 .text          0x0000000000010560        0x0 ghost3_png.bin.o
 .text          0x0000000000010560        0x0 ghost4_png.bin.o
 .text          0x0000000000010560        0x0 ghost5_png.bin.o
 .text          0x0000000000010560        0x0 ghost6_png.bin.o
 .text          0x0000000000010560        0x0 ghost7_png.bin.o
 .text          0x0000000000010560        0x0 ghost8_png.bin.o
 .text          0x0000000000010560        0x0 main.o
 .text.exiting  0x0000000000010560       0x34 main.o
                0x0000000000010560                .exiting
 *fill*         0x0000000000010594        0x4 60000000
 .text.DrawBackground2D
                0x0000000000010598       0xdc main.o
                0x0000000000010598                .DrawBackground2D
 *fill*         0x0000000000010674        0x4 60000000
 .text.DrawSprites2D
                0x0000000000010678      0x148 main.o
                0x0000000000010678                .DrawSprites2D
 .text.DrawSpritesRot2D
                0x00000000000107c0      0x284 main.o
                0x00000000000107c0                .DrawSpritesRot2D
 *fill*         0x0000000000010a44        0x4 60000000
 .text.drawScene
                0x0000000000010a48      0x31c main.o
                0x0000000000010a48                .drawScene
 *fill*         0x0000000000010d64        0x4 60000000
 .text.Load_PNG
                0x0000000000010d68       0xf4 main.o
                0x0000000000010d68                .Load_PNG
 *fill*         0x0000000000010e5c        0x4 60000000
 .text.LoadTexture
                0x0000000000010e60       0xf8 main.o
                0x0000000000010e60                .LoadTexture
 .text.main     0x0000000000010f58      0x1f4 main.o
                0x0000000000010f58                .main
 .text          0x000000000001114c        0x0 c:/PSDK3v2/ps3dev/portlibs/ppu/lib\libtiny3d.a(matrix.o)
 *fill*         0x000000000001114c        0x4 60000000
 .text.MatrixProjPerspective
                0x0000000000011150      0x120 c:/PSDK3v2/ps3dev/portlibs/ppu/lib\libtiny3d.a(matrix.o)
                0x0000000000011150                .MatrixProjPerspective
 .text.MatrixVectorMultiply
                0x0000000000011270       0xa8 c:/PSDK3v2/ps3dev/portlibs/ppu/lib\libtiny3d.a(matrix.o)
                0x0000000000011270                .MatrixVectorMultiply
 .text.MatrixVectorMultiply3x3
                0x0000000000011318       0x90 c:/PSDK3v2/ps3dev/portlibs/ppu/lib\libtiny3d.a(matrix.o)
                0x0000000000011318                .MatrixVectorMultiply3x3
 .text.MatrixMultiply
                0x00000000000113a8      0x3d8 c:/PSDK3v2/ps3dev/portlibs/ppu/lib\libtiny3d.a(matrix.o)
                0x00000000000113a8                .MatrixMultiply
 .text.MatrixIdentity
                0x0000000000011780       0x54 c:/PSDK3v2/ps3dev/portlibs/ppu/lib\libtiny3d.a(matrix.o)
                0x0000000000011780                .MatrixIdentity
 *fill*         0x00000000000117d4        0x4 60000000
 .text.MatrixTranslation
                0x00000000000117d8       0x58 c:/PSDK3v2/ps3dev/portlibs/ppu/lib\libtiny3d.a(matrix.o)
                0x00000000000117d8                .MatrixTranslation
 .text.MatrixTranspose
                0x0000000000011830       0xb0 c:/PSDK3v2/ps3dev/portlibs/ppu/lib\libtiny3d.a(matrix.o)
                0x0000000000011830                .MatrixTranspose
 .text.MatrixScale
                0x00000000000118e0       0x60 c:/PSDK3v2/ps3dev/portlibs/ppu/lib\libtiny3d.a(matrix.o)
                0x00000000000118e0                .MatrixScale
 .text.MatrixRotationX
                0x0000000000011940       0xfc c:/PSDK3v2/ps3dev/portlibs/ppu/lib\libtiny3d.a(matrix.o)
                0x0000000000011940                .MatrixRotationX
 *fill*         0x0000000000011a3c        0x4 60000000
 .text.MatrixRotationY
                0x0000000000011a40       0xfc c:/PSDK3v2/ps3dev/portlibs/ppu/lib\libtiny3d.a(matrix.o)
                0x0000000000011a40                .MatrixRotationY
 *fill*         0x0000000000011b3c        0x4 60000000
 .text.MatrixRotationZ
                0x0000000000011b40       0xdc c:/PSDK3v2/ps3dev/portlibs/ppu/lib\libtiny3d.a(matrix.o)
                0x0000000000011b40                .MatrixRotationZ
 *fill*         0x0000000000011c1c        0x4 60000000
 .text.MatrixRotationAxis
                0x0000000000011c20      0x2dc c:/PSDK3v2/ps3dev/portlibs/ppu/lib\libtiny3d.a(matrix.o)
                0x0000000000011c20                .MatrixRotationAxis
 *fill*         0x0000000000011efc        0x4 60000000
 .text.VectorToUnit
                0x0000000000011f00       0xbc c:/PSDK3v2/ps3dev/portlibs/ppu/lib\libtiny3d.a(matrix.o)
                0x0000000000011f00                .VectorToUnit
 *fill*         0x0000000000011fbc        0x4 60000000
 .text.VectorNormalPlane
                0x0000000000011fc0       0xd8 c:/PSDK3v2/ps3dev/portlibs/ppu/lib\libtiny3d.a(matrix.o)
                0x0000000000011fc0                .VectorNormalPlane
 .text.MakeLookAtMatrix
                0x0000000000012098      0x2ec c:/PSDK3v2/ps3dev/portlibs/ppu/lib\libtiny3d.a(matrix.o)
                0x0000000000012098                .MakeLookAtMatrix
 .text          0x0000000000012384        0x0 c:/PSDK3v2/ps3dev/portlibs/ppu/lib\libtiny3d.a(tiny3d.o)
 *fill*         0x0000000000012384        0x4 60000000
 .text.push_list_cmd
                0x0000000000012388      0x154 c:/PSDK3v2/ps3dev/portlibs/ppu/lib\libtiny3d.a(tiny3d.o)
 *fill*         0x00000000000124dc        0x4 60000000
 .text.rsxtiny_SetVertexProgramConstant3f
                0x00000000000124e0       0x58 c:/PSDK3v2/ps3dev/portlibs/ppu/lib\libtiny3d.a(tiny3d.o)
 .text.Update_With_Normal
                0x0000000000012538      0x2a0 c:/PSDK3v2/ps3dev/portlibs/ppu/lib\libtiny3d.a(tiny3d.o)
 .text.set_shader_context
                0x00000000000127d8      0x398 c:/PSDK3v2/ps3dev/portlibs/ppu/lib\libtiny3d.a(tiny3d.o)
 .text.put_vertex
                0x0000000000012b70      0x258 c:/PSDK3v2/ps3dev/portlibs/ppu/lib\libtiny3d.a(tiny3d.o)
 .text.push_normal_list
                0x0000000000012dc8      0x1c4 c:/PSDK3v2/ps3dev/portlibs/ppu/lib\libtiny3d.a(tiny3d.o)
 *fill*         0x0000000000012f8c        0x4 60000000
 .text.push_position_list
                0x0000000000012f90      0x1f0 c:/PSDK3v2/ps3dev/portlibs/ppu/lib\libtiny3d.a(tiny3d.o)
 .text.tiny3d_callback
                0x0000000000013180      0x1a0 c:/PSDK3v2/ps3dev/portlibs/ppu/lib\libtiny3d.a(tiny3d.o)
 .text.tiny3d_Exit
                0x0000000000013320      0x1ec c:/PSDK3v2/ps3dev/portlibs/ppu/lib\libtiny3d.a(tiny3d.o)
                0x0000000000013320                .tiny3d_Exit
 *fill*         0x000000000001350c        0x4 60000000
 .text.tiny3d_alarm
                0x0000000000013510       0x10 c:/PSDK3v2/ps3dev/portlibs/ppu/lib\libtiny3d.a(tiny3d.o)
                0x0000000000013510                .tiny3d_alarm
 .text.tiny3d_RecordList
                0x0000000000013520       0xa4 c:/PSDK3v2/ps3dev/portlibs/ppu/lib\libtiny3d.a(tiny3d.o)
                0x0000000000013520                .tiny3d_RecordList
 *fill*         0x00000000000135c4        0x4 60000000
 .text.tiny3d_StopList
                0x00000000000135c8      0x138 c:/PSDK3v2/ps3dev/portlibs/ppu/lib\libtiny3d.a(tiny3d.o)
                0x00000000000135c8                .tiny3d_StopList
 .text.tiny3d_FreeList
                0x0000000000013700       0xcc c:/PSDK3v2/ps3dev/portlibs/ppu/lib\libtiny3d.a(tiny3d.o)
                0x0000000000013700                .tiny3d_FreeList
 *fill*         0x00000000000137cc        0x4 60000000
 .text.tiny3d_DynamicMatrixList
                0x00000000000137d0       0xec c:/PSDK3v2/ps3dev/portlibs/ppu/lib\libtiny3d.a(tiny3d.o)
                0x00000000000137d0                .tiny3d_DynamicMatrixList
 *fill*         0x00000000000138bc        0x4 60000000
 .text.tiny3d_ApplyMatrixList
                0x00000000000138c0       0xc8 c:/PSDK3v2/ps3dev/portlibs/ppu/lib\libtiny3d.a(tiny3d.o)
                0x00000000000138c0                .tiny3d_ApplyMatrixList
 .text.tiny3d_Init
                0x0000000000013988      0x4ec c:/PSDK3v2/ps3dev/portlibs/ppu/lib\libtiny3d.a(tiny3d.o)
                0x0000000000013988                .tiny3d_Init
 *fill*         0x0000000000013e74        0x4 60000000
 .text.tiny3d_SetPolygon
                0x0000000000013e78      0x228 c:/PSDK3v2/ps3dev/portlibs/ppu/lib\libtiny3d.a(tiny3d.o)
                0x0000000000013e78                .tiny3d_SetPolygon
 .text.tiny3d_VertexPos
                0x00000000000140a0       0xcc c:/PSDK3v2/ps3dev/portlibs/ppu/lib\libtiny3d.a(tiny3d.o)
                0x00000000000140a0                .tiny3d_VertexPos
 *fill*         0x000000000001416c        0x4 60000000
 .text.tiny3d_VertexPos4
                0x0000000000014170       0xd0 c:/PSDK3v2/ps3dev/portlibs/ppu/lib\libtiny3d.a(tiny3d.o)
                0x0000000000014170                .tiny3d_VertexPos4
 .text.tiny3d_VertexPosVector
                0x0000000000014240       0xe0 c:/PSDK3v2/ps3dev/portlibs/ppu/lib\libtiny3d.a(tiny3d.o)
                0x0000000000014240                .tiny3d_VertexPosVector
 .text.tiny3d_VertexColor
                0x0000000000014320       0xb4 c:/PSDK3v2/ps3dev/portlibs/ppu/lib\libtiny3d.a(tiny3d.o)
                0x0000000000014320                .tiny3d_VertexColor
 *fill*         0x00000000000143d4        0x4 60000000
 .text.tiny3d_VertexFcolor
                0x00000000000143d8      0x104 c:/PSDK3v2/ps3dev/portlibs/ppu/lib\libtiny3d.a(tiny3d.o)
                0x00000000000143d8                .tiny3d_VertexFcolor
 *fill*         0x00000000000144dc        0x4 60000000
 .text.tiny3d_VertexTexture
                0x00000000000144e0       0xbc c:/PSDK3v2/ps3dev/portlibs/ppu/lib\libtiny3d.a(tiny3d.o)
                0x00000000000144e0                .tiny3d_VertexTexture
 *fill*         0x000000000001459c        0x4 60000000
 .text.tiny3d_VertexTexture2
                0x00000000000145a0       0xcc c:/PSDK3v2/ps3dev/portlibs/ppu/lib\libtiny3d.a(tiny3d.o)
                0x00000000000145a0                .tiny3d_VertexTexture2
 *fill*         0x000000000001466c        0x4 60000000
 .text.tiny3d_Normal
                0x0000000000014670       0x48 c:/PSDK3v2/ps3dev/portlibs/ppu/lib\libtiny3d.a(tiny3d.o)
                0x0000000000014670                .tiny3d_Normal
 .text.tiny3d_NormalVector
                0x00000000000146b8       0x58 c:/PSDK3v2/ps3dev/portlibs/ppu/lib\libtiny3d.a(tiny3d.o)
                0x00000000000146b8                .tiny3d_NormalVector
 .text.tiny3d_End
                0x0000000000014710      0x690 c:/PSDK3v2/ps3dev/portlibs/ppu/lib\libtiny3d.a(tiny3d.o)
                0x0000000000014710                .tiny3d_End
 .text.tiny3d_SetMatrixModelView
                0x0000000000014da0      0x278 c:/PSDK3v2/ps3dev/portlibs/ppu/lib\libtiny3d.a(tiny3d.o)
                0x0000000000014da0                .tiny3d_SetMatrixModelView
 .text.tiny3d_SetProjectionMatrix
                0x0000000000015018       0xd8 c:/PSDK3v2/ps3dev/portlibs/ppu/lib\libtiny3d.a(tiny3d.o)
                0x0000000000015018                .tiny3d_SetProjectionMatrix
 .text.tiny3d_Flip
                0x00000000000150f0       0xf8 c:/PSDK3v2/ps3dev/portlibs/ppu/lib\libtiny3d.a(tiny3d.o)
                0x00000000000150f0                .tiny3d_Flip
 .text.tiny3d_UserViewport
                0x00000000000151e8       0x5c c:/PSDK3v2/ps3dev/portlibs/ppu/lib\libtiny3d.a(tiny3d.o)
                0x00000000000151e8                .tiny3d_UserViewport
 *fill*         0x0000000000015244        0x4 60000000
 .text.tiny3d_UserViewport2
                0x0000000000015248       0x58 c:/PSDK3v2/ps3dev/portlibs/ppu/lib\libtiny3d.a(tiny3d.o)
                0x0000000000015248                .tiny3d_UserViewport2
 .text.tiny3d_UserViewportSurface
                0x00000000000152a0       0x28 c:/PSDK3v2/ps3dev/portlibs/ppu/lib\libtiny3d.a(tiny3d.o)
                0x00000000000152a0                .tiny3d_UserViewportSurface
 .text.tiny3d_Project2D
                0x00000000000152c8      0x310 c:/PSDK3v2/ps3dev/portlibs/ppu/lib\libtiny3d.a(tiny3d.o)
                0x00000000000152c8                .tiny3d_Project2D
 .text.tiny3d_Project3D
                0x00000000000155d8      0x254 c:/PSDK3v2/ps3dev/portlibs/ppu/lib\libtiny3d.a(tiny3d.o)
                0x00000000000155d8                .tiny3d_Project3D
 *fill*         0x000000000001582c        0x4 60000000
 .text.tiny3d_Clear
                0x0000000000015830      0x330 c:/PSDK3v2/ps3dev/portlibs/ppu/lib\libtiny3d.a(tiny3d.o)
                0x0000000000015830                .tiny3d_Clear
 .text.tiny3d_ClearSurface
                0x0000000000015b60      0x204 c:/PSDK3v2/ps3dev/portlibs/ppu/lib\libtiny3d.a(tiny3d.o)
                0x0000000000015b60                .tiny3d_ClearSurface
 *fill*         0x0000000000015d64        0x4 60000000
 .text.tiny3d_AlphaTest
                0x0000000000015d68       0x88 c:/PSDK3v2/ps3dev/portlibs/ppu/lib\libtiny3d.a(tiny3d.o)
                0x0000000000015d68                .tiny3d_AlphaTest
 .text.tiny3d_BlendFunc
                0x0000000000015df0       0x84 c:/PSDK3v2/ps3dev/portlibs/ppu/lib\libtiny3d.a(tiny3d.o)
                0x0000000000015df0                .tiny3d_BlendFunc
 *fill*         0x0000000000015e74        0x4 60000000
 .text.tiny3d_SetTextureWrap
                0x0000000000015e78      0x288 c:/PSDK3v2/ps3dev/portlibs/ppu/lib\libtiny3d.a(tiny3d.o)
                0x0000000000015e78                .tiny3d_SetTextureWrap
 .text.tiny3d_SetTexture
                0x0000000000016100      0x1e4 c:/PSDK3v2/ps3dev/portlibs/ppu/lib\libtiny3d.a(tiny3d.o)
                0x0000000000016100                .tiny3d_SetTexture
 *fill*         0x00000000000162e4        0x4 60000000
 .text.tiny3d_AllocTexture
                0x00000000000162e8       0x38 c:/PSDK3v2/ps3dev/portlibs/ppu/lib\libtiny3d.a(tiny3d.o)
                0x00000000000162e8                .tiny3d_AllocTexture
 .text.tiny3d_TextureOffset
                0x0000000000016320       0x40 c:/PSDK3v2/ps3dev/portlibs/ppu/lib\libtiny3d.a(tiny3d.o)
                0x0000000000016320                .tiny3d_TextureOffset
 .text.tiny3d_EmissiveMaterial
                0x0000000000016360       0xf4 c:/PSDK3v2/ps3dev/portlibs/ppu/lib\libtiny3d.a(tiny3d.o)
                0x0000000000016360                .tiny3d_EmissiveMaterial
 *fill*         0x0000000000016454        0x4 60000000
 .text.tiny3d_AmbientMaterial
                0x0000000000016458       0xf4 c:/PSDK3v2/ps3dev/portlibs/ppu/lib\libtiny3d.a(tiny3d.o)
                0x0000000000016458                .tiny3d_AmbientMaterial
 *fill*         0x000000000001654c        0x4 60000000
 .text.tiny3d_DiffuseMaterial
                0x0000000000016550       0xf4 c:/PSDK3v2/ps3dev/portlibs/ppu/lib\libtiny3d.a(tiny3d.o)
                0x0000000000016550                .tiny3d_DiffuseMaterial
 *fill*         0x0000000000016644        0x4 60000000
 .text.tiny3d_SpecularMaterial
                0x0000000000016648       0xf4 c:/PSDK3v2/ps3dev/portlibs/ppu/lib\libtiny3d.a(tiny3d.o)
                0x0000000000016648                .tiny3d_SpecularMaterial
 *fill*         0x000000000001673c        0x4 60000000
 .text.tiny3d_SetLightCameraPosition
                0x0000000000016740       0x38 c:/PSDK3v2/ps3dev/portlibs/ppu/lib\libtiny3d.a(tiny3d.o)
                0x0000000000016740                .tiny3d_SetLightCameraPosition
 .text.tiny3d_SetLight
                0x0000000000016778       0x90 c:/PSDK3v2/ps3dev/portlibs/ppu/lib\libtiny3d.a(tiny3d.o)
                0x0000000000016778                .tiny3d_SetLight
 .text.tiny3d_SetLightsOff
                0x0000000000016808       0x38 c:/PSDK3v2/ps3dev/portlibs/ppu/lib\libtiny3d.a(tiny3d.o)
                0x0000000000016808                .tiny3d_SetLightsOff
 .text.tiny3d_SetAmbientLight
                0x0000000000016840       0x38 c:/PSDK3v2/ps3dev/portlibs/ppu/lib\libtiny3d.a(tiny3d.o)
                0x0000000000016840                .tiny3d_SetAmbientLight
 .text.tiny3d_SelMultiTexturesMethod
                0x0000000000016878       0xac c:/PSDK3v2/ps3dev/portlibs/ppu/lib\libtiny3d.a(tiny3d.o)
                0x0000000000016878                .tiny3d_SelMultiTexturesMethod
 *fill*         0x0000000000016924        0x4 60000000
 .text.tiny3d_DrawList
                0x0000000000016928      0x65c c:/PSDK3v2/ps3dev/portlibs/ppu/lib\libtiny3d.a(tiny3d.o)
                0x0000000000016928                .tiny3d_DrawList
 *fill*         0x0000000000016f84        0x4 60000000
 .text.tiny3d_MenuActive
                0x0000000000016f88       0x1c c:/PSDK3v2/ps3dev/portlibs/ppu/lib\libtiny3d.a(tiny3d.o)
                0x0000000000016f88                .tiny3d_MenuActive
 *fill*         0x0000000000016fa4        0x4 60000000
 .text.tiny3d_Enable_YUV
                0x0000000000016fa8       0x2c c:/PSDK3v2/ps3dev/portlibs/ppu/lib\libtiny3d.a(tiny3d.o)
                0x0000000000016fa8                .tiny3d_Enable_YUV
 *fill*         0x0000000000016fd4        0x4 60000000
 .text.tiny3d_Disable_YUV
                0x0000000000016fd8       0x28 c:/PSDK3v2/ps3dev/portlibs/ppu/lib\libtiny3d.a(tiny3d.o)
                0x0000000000016fd8                .tiny3d_Disable_YUV
 .text.tiny3d_Dirty_Status
                0x0000000000017000       0x78 c:/PSDK3v2/ps3dev/portlibs/ppu/lib\libtiny3d.a(tiny3d.o)
                0x0000000000017000                .tiny3d_Dirty_Status
 .text.tiny3d_Get_GCM_Context
                0x0000000000017078       0x18 c:/PSDK3v2/ps3dev/portlibs/ppu/lib\libtiny3d.a(tiny3d.o)
                0x0000000000017078                .tiny3d_Get_GCM_Context
 .text.tiny3d_DoCmd_Space
                0x0000000000017090       0x4c c:/PSDK3v2/ps3dev/portlibs/ppu/lib\libtiny3d.a(tiny3d.o)
                0x0000000000017090                .tiny3d_DoCmd_Space
 .text          0x00000000000170dc        0x0 c:/PSDK3v2/ps3dev/portlibs/ppu/lib\libtiny3d.a(vshader_text_normal.vcg.o)
 .text          0x00000000000170dc        0x0 c:/PSDK3v2/ps3dev/portlibs/ppu/lib\libtiny3d.a(commands.o)
 *fill*         0x00000000000170dc        0x4 60000000
 .text.rsxtiny_MakeCmdSpace
                0x00000000000170e0       0xec c:/PSDK3v2/ps3dev/portlibs/ppu/lib\libtiny3d.a(commands.o)
                0x00000000000170e0                .rsxtiny_MakeCmdSpace
 *fill*         0x00000000000171cc        0x4 60000000
 .text.rsxtiny_SetReferenceCommand
                0x00000000000171d0      0x10c c:/PSDK3v2/ps3dev/portlibs/ppu/lib\libtiny3d.a(commands.o)
                0x00000000000171d0                .rsxtiny_SetReferenceCommand
 *fill*         0x00000000000172dc        0x4 60000000
 .text.rsxtiny_SetWriteBackendLabel
                0x00000000000172e0      0x154 c:/PSDK3v2/ps3dev/portlibs/ppu/lib\libtiny3d.a(commands.o)
                0x00000000000172e0                .rsxtiny_SetWriteBackendLabel
 *fill*         0x0000000000017434        0x4 60000000
 .text.rsxtiny_SetWaitLabel
                0x0000000000017438      0x134 c:/PSDK3v2/ps3dev/portlibs/ppu/lib\libtiny3d.a(commands.o)
                0x0000000000017438                .rsxtiny_SetWaitLabel
 *fill*         0x000000000001756c        0x4 60000000
 .text.rsxtiny_SetScissor
                0x0000000000017570      0x154 c:/PSDK3v2/ps3dev/portlibs/ppu/lib\libtiny3d.a(commands.o)
                0x0000000000017570                .rsxtiny_SetScissor
 *fill*         0x00000000000176c4        0x4 60000000
 .text.rsxtiny_SetClearColor
                0x00000000000176c8      0x10c c:/PSDK3v2/ps3dev/portlibs/ppu/lib\libtiny3d.a(commands.o)
                0x00000000000176c8                .rsxtiny_SetClearColor
 *fill*         0x00000000000177d4        0x4 60000000
 .text.rsxtiny_SetClearDepthValue
                0x00000000000177d8      0x10c c:/PSDK3v2/ps3dev/portlibs/ppu/lib\libtiny3d.a(commands.o)
                0x00000000000177d8                .rsxtiny_SetClearDepthValue
 *fill*         0x00000000000178e4        0x4 60000000
 .text.rsxtiny_Nop
                0x00000000000178e8       0xfc c:/PSDK3v2/ps3dev/portlibs/ppu/lib\libtiny3d.a(commands.o)
                0x00000000000178e8                .rsxtiny_Nop
 *fill*         0x00000000000179e4        0x4 60000000
 .text.rsxtiny_ClearBuffers
                0x00000000000179e8      0x12c c:/PSDK3v2/ps3dev/portlibs/ppu/lib\libtiny3d.a(commands.o)
                0x00000000000179e8                .rsxtiny_ClearBuffers
 *fill*         0x0000000000017b14        0x4 60000000
 .text.rsxtiny_SetRenderSurface
                0x0000000000017b18      0x17c c:/PSDK3v2/ps3dev/portlibs/ppu/lib\libtiny3d.a(commands.o)
                0x0000000000017b18                .rsxtiny_SetRenderSurface
 *fill*         0x0000000000017c94        0x4 60000000
 .text.rsxtiny_SelectRenderTarget
                0x0000000000017c98      0x204 c:/PSDK3v2/ps3dev/portlibs/ppu/lib\libtiny3d.a(commands.o)
                0x0000000000017c98                .rsxtiny_SelectRenderTarget
 *fill*         0x0000000000017e9c        0x4 60000000
 .text.rsxtiny_Viewport
                0x0000000000017ea0      0x12c c:/PSDK3v2/ps3dev/portlibs/ppu/lib\libtiny3d.a(commands.o)
                0x0000000000017ea0                .rsxtiny_Viewport
 *fill*         0x0000000000017fcc        0x4 60000000
 .text.rsxtiny_ViewportClip
                0x0000000000017fd0      0x14c c:/PSDK3v2/ps3dev/portlibs/ppu/lib\libtiny3d.a(commands.o)
                0x0000000000017fd0                .rsxtiny_ViewportClip
 *fill*         0x000000000001811c        0x4 60000000
 .text.rsxtiny_VertexBegin
                0x0000000000018120      0x10c c:/PSDK3v2/ps3dev/portlibs/ppu/lib\libtiny3d.a(commands.o)
                0x0000000000018120                .rsxtiny_VertexBegin
 *fill*         0x000000000001822c        0x4 60000000
 .text.rsxtiny_VertexEnd
                0x0000000000018230       0xfc c:/PSDK3v2/ps3dev/portlibs/ppu/lib\libtiny3d.a(commands.o)
                0x0000000000018230                .rsxtiny_VertexEnd
 *fill*         0x000000000001832c        0x4 60000000
 .text.rsxtiny_Vertex4f
                0x0000000000018330      0x134 c:/PSDK3v2/ps3dev/portlibs/ppu/lib\libtiny3d.a(commands.o)
                0x0000000000018330                .rsxtiny_Vertex4f
 *fill*         0x0000000000018464        0x4 60000000
 .text.rsxtiny_TexCoord2f
                0x0000000000018468      0x114 c:/PSDK3v2/ps3dev/portlibs/ppu/lib\libtiny3d.a(commands.o)
                0x0000000000018468                .rsxtiny_TexCoord2f
 *fill*         0x000000000001857c        0x4 60000000
 .text.rsxtiny_SetVertexProgramConstant4f
                0x0000000000018580      0x14c c:/PSDK3v2/ps3dev/portlibs/ppu/lib\libtiny3d.a(commands.o)
                0x0000000000018580                .rsxtiny_SetVertexProgramConstant4f
 *fill*         0x00000000000186cc        0x4 60000000
 .text.rsxtiny_LoadVertexProgram
                0x00000000000186d0      0x2f4 c:/PSDK3v2/ps3dev/portlibs/ppu/lib\libtiny3d.a(commands.o)
                0x00000000000186d0                .rsxtiny_LoadVertexProgram
 *fill*         0x00000000000189c4        0x4 60000000
 .text.rsxtiny_SetVertexProgramConstant4fBlock
                0x00000000000189c8      0x160 c:/PSDK3v2/ps3dev/portlibs/ppu/lib\libtiny3d.a(commands.o)
                0x00000000000189c8                .rsxtiny_SetVertexProgramConstant4fBlock
 .text.rsxtiny_InstallFragmentProgram
                0x0000000000018b28       0x70 c:/PSDK3v2/ps3dev/portlibs/ppu/lib\libtiny3d.a(commands.o)
                0x0000000000018b28                .rsxtiny_InstallFragmentProgram
 .text.rsxtiny_LoadFragmentProgram
                0x0000000000018b98      0x13c c:/PSDK3v2/ps3dev/portlibs/ppu/lib\libtiny3d.a(commands.o)
                0x0000000000018b98                .rsxtiny_LoadFragmentProgram
 *fill*         0x0000000000018cd4        0x4 60000000
 .text.rsxtiny_InvalidateTextureCache
                0x0000000000018cd8      0x10c c:/PSDK3v2/ps3dev/portlibs/ppu/lib\libtiny3d.a(commands.o)
                0x0000000000018cd8                .rsxtiny_InvalidateTextureCache
 *fill*         0x0000000000018de4        0x4 60000000
 .text.rsxtiny_SetTexture
                0x0000000000018de8      0x204 c:/PSDK3v2/ps3dev/portlibs/ppu/lib\libtiny3d.a(commands.o)
                0x0000000000018de8                .rsxtiny_SetTexture
 *fill*         0x0000000000018fec        0x4 60000000
 .text.rsxtiny_ViewportTranslate
                0x0000000000018ff0      0x134 c:/PSDK3v2/ps3dev/portlibs/ppu/lib\libtiny3d.a(commands.o)
                0x0000000000018ff0                .rsxtiny_ViewportTranslate
 *fill*         0x0000000000019124        0x4 60000000
 .text.rsxtiny_ViewportScale
                0x0000000000019128      0x134 c:/PSDK3v2/ps3dev/portlibs/ppu/lib\libtiny3d.a(commands.o)
                0x0000000000019128                .rsxtiny_ViewportScale
 *fill*         0x000000000001925c        0x4 60000000
 .text.rsxtiny_CullFace
                0x0000000000019260      0x10c c:/PSDK3v2/ps3dev/portlibs/ppu/lib\libtiny3d.a(commands.o)
                0x0000000000019260                .rsxtiny_CullFace
 *fill*         0x000000000001936c        0x4 60000000
 .text.rsxtiny_FrontFace
                0x0000000000019370      0x10c c:/PSDK3v2/ps3dev/portlibs/ppu/lib\libtiny3d.a(commands.o)
                0x0000000000019370                .rsxtiny_FrontFace
 *fill*         0x000000000001947c        0x4 60000000
 .text.rsxtiny_CullEnable
                0x0000000000019480      0x10c c:/PSDK3v2/ps3dev/portlibs/ppu/lib\libtiny3d.a(commands.o)
                0x0000000000019480                .rsxtiny_CullEnable
 *fill*         0x000000000001958c        0x4 60000000
 .text.rsxtiny_AlphaEnable
                0x0000000000019590      0x10c c:/PSDK3v2/ps3dev/portlibs/ppu/lib\libtiny3d.a(commands.o)
                0x0000000000019590                .rsxtiny_AlphaEnable
 *fill*         0x000000000001969c        0x4 60000000
 .text.rsxtiny_AlphaRef
                0x00000000000196a0      0x10c c:/PSDK3v2/ps3dev/portlibs/ppu/lib\libtiny3d.a(commands.o)
                0x00000000000196a0                .rsxtiny_AlphaRef
 *fill*         0x00000000000197ac        0x4 60000000
 .text.rsxtiny_AlphaFunc
                0x00000000000197b0      0x10c c:/PSDK3v2/ps3dev/portlibs/ppu/lib\libtiny3d.a(commands.o)
                0x00000000000197b0                .rsxtiny_AlphaFunc
 *fill*         0x00000000000198bc        0x4 60000000
 .text.rsxtiny_BlendEnable
                0x00000000000198c0      0x10c c:/PSDK3v2/ps3dev/portlibs/ppu/lib\libtiny3d.a(commands.o)
                0x00000000000198c0                .rsxtiny_BlendEnable
 *fill*         0x00000000000199cc        0x4 60000000
 .text.rsxtiny_BlendEquation
                0x00000000000199d0      0x10c c:/PSDK3v2/ps3dev/portlibs/ppu/lib\libtiny3d.a(commands.o)
                0x00000000000199d0                .rsxtiny_BlendEquation
 *fill*         0x0000000000019adc        0x4 60000000
 .text.rsxtiny_BlendFunc
                0x0000000000019ae0      0x124 c:/PSDK3v2/ps3dev/portlibs/ppu/lib\libtiny3d.a(commands.o)
                0x0000000000019ae0                .rsxtiny_BlendFunc
 *fill*         0x0000000000019c04        0x4 60000000
 .text.rsxtiny_ZControl
                0x0000000000019c08      0x13c c:/PSDK3v2/ps3dev/portlibs/ppu/lib\libtiny3d.a(commands.o)
                0x0000000000019c08                .rsxtiny_ZControl
 *fill*         0x0000000000019d44        0x4 60000000
 .text.rsxtiny_BindVertexBufferAttribute
                0x0000000000019d48      0x194 c:/PSDK3v2/ps3dev/portlibs/ppu/lib\libtiny3d.a(commands.o)
                0x0000000000019d48                .rsxtiny_BindVertexBufferAttribute
 *fill*         0x0000000000019edc        0x4 60000000
 .text.rsxtiny_VertexInvalidate
                0x0000000000019ee0      0x10c c:/PSDK3v2/ps3dev/portlibs/ppu/lib\libtiny3d.a(commands.o)
                0x0000000000019ee0                .rsxtiny_VertexInvalidate
 *fill*         0x0000000000019fec        0x4 60000000
 .text.rsxtiny_DrawVertexBuffer
                0x0000000000019ff0      0x2f0 c:/PSDK3v2/ps3dev/portlibs/ppu/lib\libtiny3d.a(commands.o)
                0x0000000000019ff0                .rsxtiny_DrawVertexBuffer
 .text.rsxtiny_DrawVertexBufferIndex
                0x000000000001a2e0      0x33c c:/PSDK3v2/ps3dev/portlibs/ppu/lib\libtiny3d.a(commands.o)
                0x000000000001a2e0                .rsxtiny_DrawVertexBufferIndex
 *fill*         0x000000000001a61c        0x4 60000000
 .text.rsxtiny_DepthTestEnable
                0x000000000001a620      0x10c c:/PSDK3v2/ps3dev/portlibs/ppu/lib\libtiny3d.a(commands.o)
                0x000000000001a620                .rsxtiny_DepthTestEnable
 *fill*         0x000000000001a72c        0x4 60000000
 .text.rsxtiny_DepthTestFunc
                0x000000000001a730      0x10c c:/PSDK3v2/ps3dev/portlibs/ppu/lib\libtiny3d.a(commands.o)
                0x000000000001a730                .rsxtiny_DepthTestFunc
 *fill*         0x000000000001a83c        0x4 60000000
 .text.rsxtiny_DepthWriteEnable
                0x000000000001a840      0x10c c:/PSDK3v2/ps3dev/portlibs/ppu/lib\libtiny3d.a(commands.o)
                0x000000000001a840                .rsxtiny_DepthWriteEnable
 .text          0x000000000001a94c        0x0 c:/PSDK3v2/ps3dev/portlibs/ppu/lib\libtiny3d.a(glue.o)
 *fill*         0x000000000001a94c        0x4 60000000
 .text.rsxtiny_FlushBuffer
                0x000000000001a950       0x78 c:/PSDK3v2/ps3dev/portlibs/ppu/lib\libtiny3d.a(glue.o)
                0x000000000001a950                .rsxtiny_FlushBuffer
 .text.rsxtiny_Init
                0x000000000001a9c8       0x58 c:/PSDK3v2/ps3dev/portlibs/ppu/lib\libtiny3d.a(glue.o)
                0x000000000001a9c8                .rsxtiny_Init
 .text.rsxtiny_AddressToOffset
                0x000000000001aa20       0x30 c:/PSDK3v2/ps3dev/portlibs/ppu/lib\libtiny3d.a(glue.o)
                0x000000000001aa20                .rsxtiny_AddressToOffset
 .text          0x000000000001aa50        0x0 c:/PSDK3v2/ps3dev/portlibs/ppu/lib\libtiny3d.a(mm.o)
 .text.rsxtiny_MemAlign
                0x000000000001aa50      0x134 c:/PSDK3v2/ps3dev/portlibs/ppu/lib\libtiny3d.a(mm.o)
                0x000000000001aa50                .rsxtiny_MemAlign
 *fill*         0x000000000001ab84        0x4 60000000
 .text.rsxtiny_Mem
                0x000000000001ab88       0x18 c:/PSDK3v2/ps3dev/portlibs/ppu/lib\libtiny3d.a(mm.o)
                0x000000000001ab88                .rsxtiny_Mem
 .text          0x000000000001aba0        0x0 c:/PSDK3v2/ps3dev/portlibs/ppu/lib\libtiny3d.a(realityVP.o)
 .text.rsxtiny_VertexProgramGetUCode
                0x000000000001aba0       0x18 c:/PSDK3v2/ps3dev/portlibs/ppu/lib\libtiny3d.a(realityVP.o)
                0x000000000001aba0                .rsxtiny_VertexProgramGetUCode
 .text.rsxtiny_VertexProgramGetInputMask
                0x000000000001abb8       0x14 c:/PSDK3v2/ps3dev/portlibs/ppu/lib\libtiny3d.a(realityVP.o)
                0x000000000001abb8                .rsxtiny_VertexProgramGetInputMask
 *fill*         0x000000000001abcc        0x4 60000000
 .text.rsxtiny_VertexProgramGetOutputMask
                0x000000000001abd0       0x14 c:/PSDK3v2/ps3dev/portlibs/ppu/lib\libtiny3d.a(realityVP.o)
                0x000000000001abd0                .rsxtiny_VertexProgramGetOutputMask
 *fill*         0x000000000001abe4        0x4 60000000
 .text.rsxtiny_VertexProgramGetAttributes
                0x000000000001abe8       0x18 c:/PSDK3v2/ps3dev/portlibs/ppu/lib\libtiny3d.a(realityVP.o)
                0x000000000001abe8                .rsxtiny_VertexProgramGetAttributes
 .text.rsxtiny_VertexProgramGetInputAttribute
                0x000000000001ac00       0xe4 c:/PSDK3v2/ps3dev/portlibs/ppu/lib\libtiny3d.a(realityVP.o)
                0x000000000001ac00                .rsxtiny_VertexProgramGetInputAttribute
 *fill*         0x000000000001ace4        0x4 60000000
 .text.rsxtiny_VertexProgramGetConstants
                0x000000000001ace8       0x18 c:/PSDK3v2/ps3dev/portlibs/ppu/lib\libtiny3d.a(realityVP.o)
                0x000000000001ace8                .rsxtiny_VertexProgramGetConstants
 .text.rsxtiny_VertexProgramGetConstant
                0x000000000001ad00       0xe4 c:/PSDK3v2/ps3dev/portlibs/ppu/lib\libtiny3d.a(realityVP.o)
                0x000000000001ad00                .rsxtiny_VertexProgramGetConstant
 .text          0x000000000001ade4        0x0 c:/PSDK3v2/ps3dev/portlibs/ppu/lib\libtiny3d.a(rsxutil.o)
 *fill*         0x000000000001ade4        0x4 60000000
 .text.waitFlip
                0x000000000001ade8       0xcc c:/PSDK3v2/ps3dev/portlibs/ppu/lib\libtiny3d.a(rsxutil.o)
                0x000000000001ade8                .waitFlip
 *fill*         0x000000000001aeb4        0x4 60000000
 .text.flip     0x000000000001aeb8       0x5c c:/PSDK3v2/ps3dev/portlibs/ppu/lib\libtiny3d.a(rsxutil.o)
                0x000000000001aeb8                .flip
 *fill*         0x000000000001af14        0x4 60000000
 .text.init_screen
                0x000000000001af18      0x364 c:/PSDK3v2/ps3dev/portlibs/ppu/lib\libtiny3d.a(rsxutil.o)
                0x000000000001af18                .init_screen
 *fill*         0x000000000001b27c        0x4 60000000
 .text.setupRenderTarget
                0x000000000001b280      0x108 c:/PSDK3v2/ps3dev/portlibs/ppu/lib\libtiny3d.a(rsxutil.o)
                0x000000000001b280                .setupRenderTarget
 .text.setupRenderTarget2
                0x000000000001b388      0x13c c:/PSDK3v2/ps3dev/portlibs/ppu/lib\libtiny3d.a(rsxutil.o)
                0x000000000001b388                .setupRenderTarget2
 .text          0x000000000001b4c4        0x0 c:/PSDK3v2/ps3dev/portlibs/ppu/lib\libtiny3d.a(buffer.o)
 *fill*         0x000000000001b4c4        0x4 60000000
 .text.tiny_rsxContextCallback
                0x000000000001b4c8       0x50 c:/PSDK3v2/ps3dev/portlibs/ppu/lib\libtiny3d.a(buffer.o)
                0x000000000001b4c8                .tiny_rsxContextCallback
 .text.commandBufferPut
                0x000000000001b518       0x20 c:/PSDK3v2/ps3dev/portlibs/ppu/lib\libtiny3d.a(buffer.o)
                0x000000000001b518                .commandBufferPut
 .text          0x000000000001b538        0x0 c:/PSDK3v2/psl1ght/ppu/lib\libgcm_sys.a(sprx.o)
 .text          0x000000000001b538        0x0 c:/PSDK3v2/psl1ght/ppu/lib\libio.a(sprx.o)
 .text          0x000000000001b538        0x0 c:/PSDK3v2/psl1ght/ppu/lib\libsysutil.a(sprx.o)
 .text          0x000000000001b538        0x0 c:/PSDK3v2/psl1ght/ppu/lib\libsysutil.a(sysutil_wrapper.o)
 .text.sysUtilRegisterCallback
                0x000000000001b538       0x34 c:/PSDK3v2/psl1ght/ppu/lib\libsysutil.a(sysutil_wrapper.o)
                0x000000000001b538                .sysUtilRegisterCallback
 *fill*         0x000000000001b56c        0x4 60000000
 .text.msgDialogOpen
                0x000000000001b570       0x34 c:/PSDK3v2/psl1ght/ppu/lib\libsysutil.a(sysutil_wrapper.o)
                0x000000000001b570                .msgDialogOpen
 *fill*         0x000000000001b5a4        0x4 60000000
 .text.msgDialogOpen2
                0x000000000001b5a8       0x34 c:/PSDK3v2/psl1ght/ppu/lib\libsysutil.a(sysutil_wrapper.o)
                0x000000000001b5a8                .msgDialogOpen2
 *fill*         0x000000000001b5dc        0x4 60000000
 .text.msgDialogOpenErrorCode
                0x000000000001b5e0       0x34 c:/PSDK3v2/psl1ght/ppu/lib\libsysutil.a(sysutil_wrapper.o)
                0x000000000001b5e0                .msgDialogOpenErrorCode
 *fill*         0x000000000001b614        0x4 60000000
 .text.sysSaveListLoad2
                0x000000000001b618       0x3c c:/PSDK3v2/psl1ght/ppu/lib\libsysutil.a(sysutil_wrapper.o)
                0x000000000001b618                .sysSaveListLoad2
 *fill*         0x000000000001b654        0x4 60000000
 .text.sysSaveListSave2
                0x000000000001b658       0x3c c:/PSDK3v2/psl1ght/ppu/lib\libsysutil.a(sysutil_wrapper.o)
                0x000000000001b658                .sysSaveListSave2
 *fill*         0x000000000001b694        0x4 60000000
 .text.sysSaveListAutoLoad
                0x000000000001b698       0x44 c:/PSDK3v2/psl1ght/ppu/lib\libsysutil.a(sysutil_wrapper.o)
                0x000000000001b698                .sysSaveListAutoLoad
 *fill*         0x000000000001b6dc        0x4 60000000
 .text.sysSaveListAutoSave
                0x000000000001b6e0       0x44 c:/PSDK3v2/psl1ght/ppu/lib\libsysutil.a(sysutil_wrapper.o)
                0x000000000001b6e0                .sysSaveListAutoSave
 *fill*         0x000000000001b724        0x4 60000000
 .text.sysSaveFixedLoad2
                0x000000000001b728       0x3c c:/PSDK3v2/psl1ght/ppu/lib\libsysutil.a(sysutil_wrapper.o)
                0x000000000001b728                .sysSaveFixedLoad2
 *fill*         0x000000000001b764        0x4 60000000
 .text.sysSaveFixedSave2
                0x000000000001b768       0x3c c:/PSDK3v2/psl1ght/ppu/lib\libsysutil.a(sysutil_wrapper.o)
                0x000000000001b768                .sysSaveFixedSave2
 *fill*         0x000000000001b7a4        0x4 60000000
 .text.sysSaveAutoLoad2
                0x000000000001b7a8       0x38 c:/PSDK3v2/psl1ght/ppu/lib\libsysutil.a(sysutil_wrapper.o)
                0x000000000001b7a8                .sysSaveAutoLoad2
 .text.sysSaveAutoSave2
                0x000000000001b7e0       0x38 c:/PSDK3v2/psl1ght/ppu/lib\libsysutil.a(sysutil_wrapper.o)
                0x000000000001b7e0                .sysSaveAutoSave2
 .text.sysGameThemeInstallFromBuffer
                0x000000000001b818       0x34 c:/PSDK3v2/psl1ght/ppu/lib\libsysutil.a(sysutil_wrapper.o)
                0x000000000001b818                .sysGameThemeInstallFromBuffer
 *fill*         0x000000000001b84c        0x4 60000000
 .text.sysGameDiscRegisterDiscChangeCallback
                0x000000000001b850       0x38 c:/PSDK3v2/psl1ght/ppu/lib\libsysutil.a(sysutil_wrapper.o)
                0x000000000001b850                .sysGameDiscRegisterDiscChangeCallback
 .text.sysDiscRegisterDiscChangeCallback
                0x000000000001b888       0x38 c:/PSDK3v2/psl1ght/ppu/lib\libsysutil.a(sysutil_wrapper.o)
                0x000000000001b888                .sysDiscRegisterDiscChangeCallback
 .text          0x000000000001b8c0        0x0 c:/PSDK3v2/psl1ght/ppu/lib\librt.a(sbrk.o)
 .text.sbrk_init
                0x000000000001b8c0       0xc4 c:/PSDK3v2/psl1ght/ppu/lib\librt.a(sbrk.o)
 *fill*         0x000000000001b984        0x4 60000000
 .text.sbrk_deinit
                0x000000000001b988       0xbc c:/PSDK3v2/psl1ght/ppu/lib\librt.a(sbrk.o)
 *fill*         0x000000000001ba44        0x4 60000000
 .text.__librt_sbrk_r
                0x000000000001ba48      0x324 c:/PSDK3v2/psl1ght/ppu/lib\librt.a(sbrk.o)
                0x000000000001ba48                .__librt_sbrk_r
 .text          0x000000000001bd6c        0x0 c:/PSDK3v2/psl1ght/ppu/lib\librt.a(exit.o)
 *fill*         0x000000000001bd6c        0x4 60000000
 .text.__librt_exit
                0x000000000001bd70       0x30 c:/PSDK3v2/psl1ght/ppu/lib\librt.a(exit.o)
                0x000000000001bd70                .__librt_exit
 .text          0x000000000001bda0        0x0 c:/PSDK3v2/psl1ght/ppu/lib\librt.a(close.o)
 .text.__librt_close_r
                0x000000000001bda0       0x8c c:/PSDK3v2/psl1ght/ppu/lib\librt.a(close.o)
                0x000000000001bda0                .__librt_close_r
 .text          0x000000000001be2c        0x0 c:/PSDK3v2/psl1ght/ppu/lib\librt.a(lseek.o)
 *fill*         0x000000000001be2c        0x4 60000000
 .text.__librt_lseek_r
                0x000000000001be30       0x8c c:/PSDK3v2/psl1ght/ppu/lib\librt.a(lseek.o)
                0x000000000001be30                .__librt_lseek_r
 *fill*         0x000000000001bebc        0x4 60000000
 .text.__librt_lseek64_r
                0x000000000001bec0       0x8c c:/PSDK3v2/psl1ght/ppu/lib\librt.a(lseek.o)
                0x000000000001bec0                .__librt_lseek64_r
 .text          0x000000000001bf4c        0x0 c:/PSDK3v2/psl1ght/ppu/lib\librt.a(read.o)
 *fill*         0x000000000001bf4c        0x4 60000000
 .text.__librt_read_r
                0x000000000001bf50      0x11c c:/PSDK3v2/psl1ght/ppu/lib\librt.a(read.o)
                0x000000000001bf50                .__librt_read_r
 .text          0x000000000001c06c        0x0 c:/PSDK3v2/psl1ght/ppu/lib\librt.a(open.o)
 *fill*         0x000000000001c06c        0x4 60000000
 .text.__librt_open_r
                0x000000000001c070      0x180 c:/PSDK3v2/psl1ght/ppu/lib\librt.a(open.o)
                0x000000000001c070                .__librt_open_r
 .text          0x000000000001c1f0        0x0 c:/PSDK3v2/psl1ght/ppu/lib\librt.a(sleep.o)
 .text.__librt_usleep_r
                0x000000000001c1f0       0x50 c:/PSDK3v2/psl1ght/ppu/lib\librt.a(sleep.o)
                0x000000000001c1f0                .__librt_usleep_r
 .text.__librt_sleep_r
                0x000000000001c240       0x8c c:/PSDK3v2/psl1ght/ppu/lib\librt.a(sleep.o)
                0x000000000001c240                .__librt_sleep_r
 .text          0x000000000001c2cc        0x0 c:/PSDK3v2/psl1ght/ppu/lib\librt.a(write.o)
 *fill*         0x000000000001c2cc        0x4 60000000
 .text.__librt_write_r
                0x000000000001c2d0      0x11c c:/PSDK3v2/psl1ght/ppu/lib\librt.a(write.o)
                0x000000000001c2d0                .__librt_write_r
 .text          0x000000000001c3ec        0x0 c:/PSDK3v2/psl1ght/ppu/lib\librt.a(fstat.o)
 *fill*         0x000000000001c3ec        0x4 60000000
 .text.__librt_fstat_r
                0x000000000001c3f0       0xd0 c:/PSDK3v2/psl1ght/ppu/lib\librt.a(fstat.o)
                0x000000000001c3f0                .__librt_fstat_r
 .text.__librt_fstat64_r
                0x000000000001c4c0       0xd0 c:/PSDK3v2/psl1ght/ppu/lib\librt.a(fstat.o)
                0x000000000001c4c0                .__librt_fstat64_r
 .text.__librt_stat_r
                0x000000000001c590       0xd0 c:/PSDK3v2/psl1ght/ppu/lib\librt.a(fstat.o)
                0x000000000001c590                .__librt_stat_r
 .text.__librt_stat64_r
                0x000000000001c660       0xd0 c:/PSDK3v2/psl1ght/ppu/lib\librt.a(fstat.o)
                0x000000000001c660                .__librt_stat64_r
 .text          0x000000000001c730        0x0 c:/PSDK3v2/psl1ght/ppu/lib\librt.a(socket.o)
 .text.accept   0x000000000001c730       0xa0 c:/PSDK3v2/psl1ght/ppu/lib\librt.a(socket.o)
                0x000000000001c730                .accept
 .text.bind     0x000000000001c7d0       0x48 c:/PSDK3v2/psl1ght/ppu/lib\librt.a(socket.o)
                0x000000000001c7d0                .bind
 .text.connect  0x000000000001c818       0x48 c:/PSDK3v2/psl1ght/ppu/lib\librt.a(socket.o)
                0x000000000001c818                .connect
 .text.listen   0x000000000001c860       0x48 c:/PSDK3v2/psl1ght/ppu/lib\librt.a(socket.o)
                0x000000000001c860                .listen
 .text.socket   0x000000000001c8a8       0x54 c:/PSDK3v2/psl1ght/ppu/lib\librt.a(socket.o)
                0x000000000001c8a8                .socket
 *fill*         0x000000000001c8fc        0x4 60000000
 .text.send     0x000000000001c900       0x50 c:/PSDK3v2/psl1ght/ppu/lib\librt.a(socket.o)
                0x000000000001c900                .send
 .text.sendto   0x000000000001c950       0x48 c:/PSDK3v2/psl1ght/ppu/lib\librt.a(socket.o)
                0x000000000001c950                .sendto
 .text.recv     0x000000000001c998       0x50 c:/PSDK3v2/psl1ght/ppu/lib\librt.a(socket.o)
                0x000000000001c998                .recv
 .text.recvfrom
                0x000000000001c9e8       0x98 c:/PSDK3v2/psl1ght/ppu/lib\librt.a(socket.o)
                0x000000000001c9e8                .recvfrom
 .text.shutdown
                0x000000000001ca80       0x48 c:/PSDK3v2/psl1ght/ppu/lib\librt.a(socket.o)
                0x000000000001ca80                .shutdown
 .text.inet_aton
                0x000000000001cac8       0xb8 c:/PSDK3v2/psl1ght/ppu/lib\librt.a(socket.o)
                0x000000000001cac8                .inet_aton
 .text.inet_pton
                0x000000000001cb80       0x54 c:/PSDK3v2/psl1ght/ppu/lib\librt.a(socket.o)
                0x000000000001cb80                .inet_pton
 *fill*         0x000000000001cbd4        0x4 60000000
 .text.select   0x000000000001cbd8       0x3c c:/PSDK3v2/psl1ght/ppu/lib\librt.a(socket.o)
                0x000000000001cbd8                .select
 *fill*         0x000000000001cc14        0x4 60000000
 .text.closesocket
                0x000000000001cc18       0x48 c:/PSDK3v2/psl1ght/ppu/lib\librt.a(socket.o)
                0x000000000001cc18                .closesocket
 .text          0x000000000001cc60        0x0 c:/PSDK3v2/psl1ght/ppu/lib\librt.a(lock.o)
 .text.__librt_sys_lwmutex_create_r
                0x000000000001cc60       0x38 c:/PSDK3v2/psl1ght/ppu/lib\librt.a(lock.o)
                0x000000000001cc60                .__librt_sys_lwmutex_create_r
 .text.__librt_sys_lwmutex_destroy_r
                0x000000000001cc98       0x34 c:/PSDK3v2/psl1ght/ppu/lib\librt.a(lock.o)
                0x000000000001cc98                .__librt_sys_lwmutex_destroy_r
 *fill*         0x000000000001cccc        0x4 60000000
 .text.__librt_sys_lwmutex_lock_r
                0x000000000001ccd0       0x38 c:/PSDK3v2/psl1ght/ppu/lib\librt.a(lock.o)
                0x000000000001ccd0                .__librt_sys_lwmutex_lock_r
 .text.__librt_sys_lwmutex_trylock_r
                0x000000000001cd08       0x34 c:/PSDK3v2/psl1ght/ppu/lib\librt.a(lock.o)
                0x000000000001cd08                .__librt_sys_lwmutex_trylock_r
 *fill*         0x000000000001cd3c        0x4 60000000
 .text.__librt_sys_lwmutex_unlock_r
                0x000000000001cd40       0x34 c:/PSDK3v2/psl1ght/ppu/lib\librt.a(lock.o)
                0x000000000001cd40                .__librt_sys_lwmutex_unlock_r
 .text          0x000000000001cd74        0x0 c:/PSDK3v2/psl1ght/ppu/lib\librt.a(dirent.o)
 *fill*         0x000000000001cd74        0x4 60000000
 .text.readdir_i
                0x000000000001cd78      0x10c c:/PSDK3v2/psl1ght/ppu/lib\librt.a(dirent.o)
 *fill*         0x000000000001ce84        0x4 60000000
 .text.__librt_opendir_r
                0x000000000001ce88      0x144 c:/PSDK3v2/psl1ght/ppu/lib\librt.a(dirent.o)
                0x000000000001ce88                .__librt_opendir_r
 *fill*         0x000000000001cfcc        0x4 60000000
 .text.__librt_readdir_r
                0x000000000001cfd0       0x80 c:/PSDK3v2/psl1ght/ppu/lib\librt.a(dirent.o)
                0x000000000001cfd0                .__librt_readdir_r
 .text.__librt_readdir_r_r
                0x000000000001d050       0x54 c:/PSDK3v2/psl1ght/ppu/lib\librt.a(dirent.o)
                0x000000000001d050                .__librt_readdir_r_r
 *fill*         0x000000000001d0a4        0x4 60000000
 .text.__librt_closedir_r
                0x000000000001d0a8       0x84 c:/PSDK3v2/psl1ght/ppu/lib\librt.a(dirent.o)
                0x000000000001d0a8                .__librt_closedir_r
 *fill*         0x000000000001d12c        0x4 60000000
 .text.__librt_telldir_r
                0x000000000001d130       0x24 c:/PSDK3v2/psl1ght/ppu/lib\librt.a(dirent.o)
                0x000000000001d130                .__librt_telldir_r
 *fill*         0x000000000001d154        0x4 60000000
 .text.__librt_rewinddir_r
                0x000000000001d158       0x18 c:/PSDK3v2/psl1ght/ppu/lib\librt.a(dirent.o)
                0x000000000001d158                .__librt_rewinddir_r
 .text.__librt_seekdir_r
                0x000000000001d170       0x18 c:/PSDK3v2/psl1ght/ppu/lib\librt.a(dirent.o)
                0x000000000001d170                .__librt_seekdir_r
 .text          0x000000000001d188        0x0 c:/PSDK3v2/psl1ght/ppu/lib\librt.a(mkdir.o)
 .text.__librt_mkdir_r
                0x000000000001d188       0x60 c:/PSDK3v2/psl1ght/ppu/lib\librt.a(mkdir.o)
                0x000000000001d188                .__librt_mkdir_r
 .text          0x000000000001d1e8        0x0 c:/PSDK3v2/psl1ght/ppu/lib\librt.a(times.o)
 .text.__librt_times_r
                0x000000000001d1e8       0x1c c:/PSDK3v2/psl1ght/ppu/lib\librt.a(times.o)
                0x000000000001d1e8                .__librt_times_r
 .text          0x000000000001d204        0x0 c:/PSDK3v2/psl1ght/ppu/lib\librt.a(umask.o)
 *fill*         0x000000000001d204        0x4 60000000
 .text.__librt_umask_r
                0x000000000001d208       0x20 c:/PSDK3v2/psl1ght/ppu/lib\librt.a(umask.o)
                0x000000000001d208                .__librt_umask_r
 .text          0x000000000001d228        0x0 c:/PSDK3v2/psl1ght/ppu/lib\librt.a(lv2errno.o)
 .text.lv2error
                0x000000000001d228      0x3dc c:/PSDK3v2/psl1ght/ppu/lib\librt.a(lv2errno.o)
                0x000000000001d228                .lv2error
 *fill*         0x000000000001d604        0x4 60000000
 .text.lv2errno
                0x000000000001d608       0x68 c:/PSDK3v2/psl1ght/ppu/lib\librt.a(lv2errno.o)
                0x000000000001d608                .lv2errno
 .text.lv2errno_r
                0x000000000001d670       0x58 c:/PSDK3v2/psl1ght/ppu/lib\librt.a(lv2errno.o)
                0x000000000001d670                .lv2errno_r
 .text          0x000000000001d6c8        0x0 c:/PSDK3v2/psl1ght/ppu/lib\librt.a(heap.o)
 .text.heapInit
                0x000000000001d6c8       0xe8 c:/PSDK3v2/psl1ght/ppu/lib\librt.a(heap.o)
                0x000000000001d6c8                .heapInit
 .text.heapAllocate
                0x000000000001d7b0      0x174 c:/PSDK3v2/psl1ght/ppu/lib\librt.a(heap.o)
                0x000000000001d7b0                .heapAllocate
 *fill*         0x000000000001d924        0x4 60000000
 .text.heapAllocateAligned
                0x000000000001d928      0x224 c:/PSDK3v2/psl1ght/ppu/lib\librt.a(heap.o)
                0x000000000001d928                .heapAllocateAligned
 *fill*         0x000000000001db4c        0x4 60000000
 .text.heapFree
                0x000000000001db50      0x224 c:/PSDK3v2/psl1ght/ppu/lib\librt.a(heap.o)
                0x000000000001db50                .heapFree
 .text          0x000000000001dd74        0x0 c:/PSDK3v2/psl1ght/ppu/lib\librt.a(chmod.o)
 *fill*         0x000000000001dd74        0x4 60000000
 .text.__librt_chmod_r
                0x000000000001dd78       0x54 c:/PSDK3v2/psl1ght/ppu/lib\librt.a(chmod.o)
                0x000000000001dd78                .__librt_chmod_r
 .text          0x000000000001ddcc        0x0 c:/PSDK3v2/psl1ght/ppu/lib\librt.a(rmdir.o)
 *fill*         0x000000000001ddcc        0x4 60000000
 .text.__librt_rmdir_r
                0x000000000001ddd0       0x50 c:/PSDK3v2/psl1ght/ppu/lib\librt.a(rmdir.o)
                0x000000000001ddd0                .__librt_rmdir_r
 .text          0x000000000001de20        0x0 c:/PSDK3v2/psl1ght/ppu/lib\librt.a(isatty.o)
 .text.__librt_isatty_r
                0x000000000001de20       0x2c c:/PSDK3v2/psl1ght/ppu/lib\librt.a(isatty.o)
                0x000000000001de20                .__librt_isatty_r
 .text          0x000000000001de4c        0x0 c:/PSDK3v2/psl1ght/ppu/lib\librt.a(gettod.o)
 *fill*         0x000000000001de4c        0x4 60000000
 .text.__librt_gettod_r
                0x000000000001de50       0xb8 c:/PSDK3v2/psl1ght/ppu/lib\librt.a(gettod.o)
                0x000000000001de50                .__librt_gettod_r
 .text          0x000000000001df08        0x0 c:/PSDK3v2/psl1ght/ppu/lib\librt.a(settod.o)
 .text.__librt_settod_r
                0x000000000001df08       0x58 c:/PSDK3v2/psl1ght/ppu/lib\librt.a(settod.o)
                0x000000000001df08                .__librt_settod_r
 .text          0x000000000001df60        0x0 c:/PSDK3v2/psl1ght/ppu/lib\liblv2.a(sprx.o)
 .text          0x000000000001df60        0x0 c:/PSDK3v2/psl1ght/ppu/lib\libpngdec.a(pngdec.o)
 .text.png_malloc
                0x000000000001df60       0x30 c:/PSDK3v2/psl1ght/ppu/lib\libpngdec.a(pngdec.o)
 .text.png_free
                0x000000000001df90       0x30 c:/PSDK3v2/psl1ght/ppu/lib\libpngdec.a(pngdec.o)
 .text.decodePNG
                0x000000000001dfc0      0x298 c:/PSDK3v2/psl1ght/ppu/lib\libpngdec.a(pngdec.o)
 .text.pngLoadFromFile
                0x000000000001e258       0x60 c:/PSDK3v2/psl1ght/ppu/lib\libpngdec.a(pngdec.o)
                0x000000000001e258                .pngLoadFromFile
 .text.pngLoadFromBuffer
                0x000000000001e2b8       0x70 c:/PSDK3v2/psl1ght/ppu/lib\libpngdec.a(pngdec.o)
                0x000000000001e2b8                .pngLoadFromBuffer
 .text          0x000000000001e328        0x0 c:/PSDK3v2/psl1ght/ppu/lib\libpngdec.a(sprx.o)
 .text          0x000000000001e328        0x0 c:/PSDK3v2/psl1ght/ppu/lib\libsysmodule.a(sprx.o)
 .text          0x000000000001e328        0x0 c:/psdk3v2/ps3dev/ppu/bin/../lib/gcc/powerpc64-ps3-elf/4.5.2/../../../../powerpc64-ps3-elf/lib\libm.a(lib_a-s_sqrt.o)
 .text.sqrt     0x000000000001e328      0x1b0 c:/psdk3v2/ps3dev/ppu/bin/../lib/gcc/powerpc64-ps3-elf/4.5.2/../../../../powerpc64-ps3-elf/lib\libm.a(lib_a-s_sqrt.o)
                0x000000000001e328                .sqrt
 .text          0x000000000001e4d8        0x0 c:/psdk3v2/ps3dev/ppu/bin/../lib/gcc/powerpc64-ps3-elf/4.5.2/../../../../powerpc64-ps3-elf/lib\libm.a(lib_a-sf_cos.o)
 .text.cosf     0x000000000001e4d8       0x34 c:/psdk3v2/ps3dev/ppu/bin/../lib/gcc/powerpc64-ps3-elf/4.5.2/../../../../powerpc64-ps3-elf/lib\libm.a(lib_a-sf_cos.o)
                0x000000000001e4d8                .cosf
 .text          0x000000000001e50c        0x0 c:/psdk3v2/ps3dev/ppu/bin/../lib/gcc/powerpc64-ps3-elf/4.5.2/../../../../powerpc64-ps3-elf/lib\libm.a(lib_a-sf_sin.o)
 *fill*         0x000000000001e50c        0x4 60000000
 .text.sinf     0x000000000001e510       0x34 c:/psdk3v2/ps3dev/ppu/bin/../lib/gcc/powerpc64-ps3-elf/4.5.2/../../../../powerpc64-ps3-elf/lib\libm.a(lib_a-sf_sin.o)
                0x000000000001e510                .sinf
 .text          0x000000000001e544        0x0 c:/psdk3v2/ps3dev/ppu/bin/../lib/gcc/powerpc64-ps3-elf/4.5.2/../../../../powerpc64-ps3-elf/lib\libm.a(lib_a-sf_sine.o)
 *fill*         0x000000000001e544        0x4 60000000
 .text.sinef    0x000000000001e548      0x2d0 c:/psdk3v2/ps3dev/ppu/bin/../lib/gcc/powerpc64-ps3-elf/4.5.2/../../../../powerpc64-ps3-elf/lib\libm.a(lib_a-sf_sine.o)
                0x000000000001e548                .sinef
 .text          0x000000000001e818        0x0 c:/psdk3v2/ps3dev/ppu/bin/../lib/gcc/powerpc64-ps3-elf/4.5.2/../../../../powerpc64-ps3-elf/lib\libm.a(lib_a-sf_sqrt.o)
 .text.sqrtf    0x000000000001e818      0x1c8 c:/psdk3v2/ps3dev/ppu/bin/../lib/gcc/powerpc64-ps3-elf/4.5.2/../../../../powerpc64-ps3-elf/lib\libm.a(lib_a-sf_sqrt.o)
                0x000000000001e818                .sqrtf
 .text          0x000000000001e9e0        0x0 c:/psdk3v2/ps3dev/ppu/bin/../lib/gcc/powerpc64-ps3-elf/4.5.2/../../../../powerpc64-ps3-elf/lib\libm.a(lib_a-sf_tan.o)
 .text.tanf     0x000000000001e9e0      0x23c c:/psdk3v2/ps3dev/ppu/bin/../lib/gcc/powerpc64-ps3-elf/4.5.2/../../../../powerpc64-ps3-elf/lib\libm.a(lib_a-sf_tan.o)
                0x000000000001e9e0                .tanf
 .text          0x000000000001ec1c        0x0 c:/psdk3v2/ps3dev/ppu/bin/../lib/gcc/powerpc64-ps3-elf/4.5.2/../../../../powerpc64-ps3-elf/lib\libm.a(lib_a-s_frexp.o)
 *fill*         0x000000000001ec1c        0x4 60000000
 .text.frexp    0x000000000001ec20       0xd0 c:/psdk3v2/ps3dev/ppu/bin/../lib/gcc/powerpc64-ps3-elf/4.5.2/../../../../powerpc64-ps3-elf/lib\libm.a(lib_a-s_frexp.o)
                0x000000000001ec20                .frexp
 .text          0x000000000001ecf0        0x0 c:/psdk3v2/ps3dev/ppu/bin/../lib/gcc/powerpc64-ps3-elf/4.5.2/../../../../powerpc64-ps3-elf/lib\libm.a(lib_a-s_ispos.o)
 .text.ispos    0x000000000001ecf0       0x28 c:/psdk3v2/ps3dev/ppu/bin/../lib/gcc/powerpc64-ps3-elf/4.5.2/../../../../powerpc64-ps3-elf/lib\libm.a(lib_a-s_ispos.o)
                0x000000000001ecf0                .ispos
 .text          0x000000000001ed18        0x0 c:/psdk3v2/ps3dev/ppu/bin/../lib/gcc/powerpc64-ps3-elf/4.5.2/../../../../powerpc64-ps3-elf/lib\libm.a(lib_a-s_ldexp.o)
 .text.ldexp    0x000000000001ed18      0x17c c:/psdk3v2/ps3dev/ppu/bin/../lib/gcc/powerpc64-ps3-elf/4.5.2/../../../../powerpc64-ps3-elf/lib\libm.a(lib_a-s_ldexp.o)
                0x000000000001ed18                .ldexp
 .text          0x000000000001ee94        0x0 c:/psdk3v2/ps3dev/ppu/bin/../lib/gcc/powerpc64-ps3-elf/4.5.2/../../../../powerpc64-ps3-elf/lib\libm.a(lib_a-s_mathcnst.o)
 .text          0x000000000001ee94        0x0 c:/psdk3v2/ps3dev/ppu/bin/../lib/gcc/powerpc64-ps3-elf/4.5.2/../../../../powerpc64-ps3-elf/lib\libm.a(lib_a-s_numtest.o)
 *fill*         0x000000000001ee94        0x4 60000000
 .text.numtest  0x000000000001ee98       0x5c c:/psdk3v2/ps3dev/ppu/bin/../lib/gcc/powerpc64-ps3-elf/4.5.2/../../../../powerpc64-ps3-elf/lib\libm.a(lib_a-s_numtest.o)
                0x000000000001ee98                .numtest
 .text          0x000000000001eef4        0x0 c:/psdk3v2/ps3dev/ppu/bin/../lib/gcc/powerpc64-ps3-elf/4.5.2/../../../../powerpc64-ps3-elf/lib\libm.a(lib_a-sf_fabs.o)
 *fill*         0x000000000001eef4        0x4 60000000
 .text.fabsf    0x000000000001eef8       0xe4 c:/psdk3v2/ps3dev/ppu/bin/../lib/gcc/powerpc64-ps3-elf/4.5.2/../../../../powerpc64-ps3-elf/lib\libm.a(lib_a-sf_fabs.o)
                0x000000000001eef8                .fabsf
 .text          0x000000000001efdc        0x0 c:/psdk3v2/ps3dev/ppu/bin/../lib/gcc/powerpc64-ps3-elf/4.5.2/../../../../powerpc64-ps3-elf/lib\libm.a(lib_a-sf_frexp.o)
 *fill*         0x000000000001efdc        0x4 60000000
 .text.frexpf   0x000000000001efe0       0xac c:/psdk3v2/ps3dev/ppu/bin/../lib/gcc/powerpc64-ps3-elf/4.5.2/../../../../powerpc64-ps3-elf/lib\libm.a(lib_a-sf_frexp.o)
                0x000000000001efe0                .frexpf
 .text          0x000000000001f08c        0x0 c:/psdk3v2/ps3dev/ppu/bin/../lib/gcc/powerpc64-ps3-elf/4.5.2/../../../../powerpc64-ps3-elf/lib\libm.a(lib_a-sf_ispos.o)
 *fill*         0x000000000001f08c        0x4 60000000
 .text.isposf   0x000000000001f090       0x24 c:/psdk3v2/ps3dev/ppu/bin/../lib/gcc/powerpc64-ps3-elf/4.5.2/../../../../powerpc64-ps3-elf/lib\libm.a(lib_a-sf_ispos.o)
                0x000000000001f090                .isposf
 .text          0x000000000001f0b4        0x0 c:/psdk3v2/ps3dev/ppu/bin/../lib/gcc/powerpc64-ps3-elf/4.5.2/../../../../powerpc64-ps3-elf/lib\libm.a(lib_a-sf_ldexp.o)
 *fill*         0x000000000001f0b4        0x4 60000000
 .text.ldexpf   0x000000000001f0b8      0x190 c:/psdk3v2/ps3dev/ppu/bin/../lib/gcc/powerpc64-ps3-elf/4.5.2/../../../../powerpc64-ps3-elf/lib\libm.a(lib_a-sf_ldexp.o)
                0x000000000001f0b8                .ldexpf
 .text          0x000000000001f248        0x0 c:/psdk3v2/ps3dev/ppu/bin/../lib/gcc/powerpc64-ps3-elf/4.5.2/../../../../powerpc64-ps3-elf/lib\libm.a(lib_a-sf_numtest.o)
 .text.numtestf
                0x000000000001f248       0x30 c:/psdk3v2/ps3dev/ppu/bin/../lib/gcc/powerpc64-ps3-elf/4.5.2/../../../../powerpc64-ps3-elf/lib\libm.a(lib_a-sf_numtest.o)
                0x000000000001f248                .numtestf
 .text          0x000000000001f278        0x0 c:/psdk3v2/ps3dev/ppu/bin/../lib/gcc/powerpc64-ps3-elf/4.5.2/../../../../powerpc64-ps3-elf/lib\libsysbase.a(syscalls.o)
 .text          0x000000000001f278        0x0 c:/psdk3v2/ps3dev/ppu/bin/../lib/gcc/powerpc64-ps3-elf/4.5.2/../../../../powerpc64-ps3-elf/lib\libsysbase.a(sleep.o)
 .text.usleep   0x000000000001f278       0x84 c:/psdk3v2/ps3dev/ppu/bin/../lib/gcc/powerpc64-ps3-elf/4.5.2/../../../../powerpc64-ps3-elf/lib\libsysbase.a(sleep.o)
                0x000000000001f278                .usleep
 *fill*         0x000000000001f2fc        0x4 60000000
 .text.sleep    0x000000000001f300       0x98 c:/psdk3v2/ps3dev/ppu/bin/../lib/gcc/powerpc64-ps3-elf/4.5.2/../../../../powerpc64-ps3-elf/lib\libsysbase.a(sleep.o)
                0x000000000001f300                .sleep
 .text          0x000000000001f398        0x0 c:/psdk3v2/ps3dev/ppu/bin/../lib/gcc/powerpc64-ps3-elf/4.5.2/../../../../powerpc64-ps3-elf/lib\libc.a(lib_a-atexit.o)
 .text.atexit   0x000000000001f398       0x40 c:/psdk3v2/ps3dev/ppu/bin/../lib/gcc/powerpc64-ps3-elf/4.5.2/../../../../powerpc64-ps3-elf/lib\libc.a(lib_a-atexit.o)
                0x000000000001f398                .atexit
 .text          0x000000000001f3d8        0x0 c:/psdk3v2/ps3dev/ppu/bin/../lib/gcc/powerpc64-ps3-elf/4.5.2/../../../../powerpc64-ps3-elf/lib\libc.a(lib_a-errno.o)
 .text.__errno  0x000000000001f3d8       0x30 c:/psdk3v2/ps3dev/ppu/bin/../lib/gcc/powerpc64-ps3-elf/4.5.2/../../../../powerpc64-ps3-elf/lib\libc.a(lib_a-errno.o)
                0x000000000001f3d8                .__errno
 .text          0x000000000001f408        0x0 c:/psdk3v2/ps3dev/ppu/bin/../lib/gcc/powerpc64-ps3-elf/4.5.2/../../../../powerpc64-ps3-elf/lib\libc.a(lib_a-exit.o)
 .text.exit     0x000000000001f408       0x68 c:/psdk3v2/ps3dev/ppu/bin/../lib/gcc/powerpc64-ps3-elf/4.5.2/../../../../powerpc64-ps3-elf/lib\libc.a(lib_a-exit.o)
                0x000000000001f408                .exit
 .text          0x000000000001f470        0x0 c:/psdk3v2/ps3dev/ppu/bin/../lib/gcc/powerpc64-ps3-elf/4.5.2/../../../../powerpc64-ps3-elf/lib\libc.a(lib_a-getreent.o)
 .text.__getreent
                0x000000000001f470      0x1f0 c:/psdk3v2/ps3dev/ppu/bin/../lib/gcc/powerpc64-ps3-elf/4.5.2/../../../../powerpc64-ps3-elf/lib\libc.a(lib_a-getreent.o)
                0x000000000001f470                .__getreent
 .text          0x000000000001f660        0x0 c:/psdk3v2/ps3dev/ppu/bin/../lib/gcc/powerpc64-ps3-elf/4.5.2/../../../../powerpc64-ps3-elf/lib\libc.a(lib_a-impure.o)
 .text          0x000000000001f660        0x0 c:/psdk3v2/ps3dev/ppu/bin/../lib/gcc/powerpc64-ps3-elf/4.5.2/../../../../powerpc64-ps3-elf/lib\libc.a(lib_a-malign.o)
 .text.memalign
                0x000000000001f660       0x58 c:/psdk3v2/ps3dev/ppu/bin/../lib/gcc/powerpc64-ps3-elf/4.5.2/../../../../powerpc64-ps3-elf/lib\libc.a(lib_a-malign.o)
                0x000000000001f660                .memalign
 .text          0x000000000001f6b8        0x0 c:/psdk3v2/ps3dev/ppu/bin/../lib/gcc/powerpc64-ps3-elf/4.5.2/../../../../powerpc64-ps3-elf/lib\libc.a(lib_a-malignr.o)
 .text._memalign_r
                0x000000000001f6b8      0x214 c:/psdk3v2/ps3dev/ppu/bin/../lib/gcc/powerpc64-ps3-elf/4.5.2/../../../../powerpc64-ps3-elf/lib\libc.a(lib_a-malignr.o)
                0x000000000001f6b8                ._memalign_r
 .text          0x000000000001f8cc        0x0 c:/psdk3v2/ps3dev/ppu/bin/../lib/gcc/powerpc64-ps3-elf/4.5.2/../../../../powerpc64-ps3-elf/lib\libc.a(lib_a-malloc.o)
 *fill*         0x000000000001f8cc        0x4 60000000
 .text.malloc   0x000000000001f8d0       0x48 c:/psdk3v2/ps3dev/ppu/bin/../lib/gcc/powerpc64-ps3-elf/4.5.2/../../../../powerpc64-ps3-elf/lib\libc.a(lib_a-malloc.o)
                0x000000000001f8d0                .malloc
 .text.free     0x000000000001f918       0x48 c:/psdk3v2/ps3dev/ppu/bin/../lib/gcc/powerpc64-ps3-elf/4.5.2/../../../../powerpc64-ps3-elf/lib\libc.a(lib_a-malloc.o)
                0x000000000001f918                .free
 .text          0x000000000001f960        0x0 c:/psdk3v2/ps3dev/ppu/bin/../lib/gcc/powerpc64-ps3-elf/4.5.2/../../../../powerpc64-ps3-elf/lib\libc.a(lib_a-mallocr.o)
 .text._malloc_r
                0x000000000001f960      0x944 c:/psdk3v2/ps3dev/ppu/bin/../lib/gcc/powerpc64-ps3-elf/4.5.2/../../../../powerpc64-ps3-elf/lib\libc.a(lib_a-mallocr.o)
                0x000000000001f960                ._malloc_r
 .text          0x00000000000202a4        0x0 c:/psdk3v2/ps3dev/ppu/bin/../lib/gcc/powerpc64-ps3-elf/4.5.2/../../../../powerpc64-ps3-elf/lib\libc.a(lib_a-memcpy.o)
 *fill*         0x00000000000202a4        0x4 60000000
 .text.memcpy   0x00000000000202a8       0xf8 c:/psdk3v2/ps3dev/ppu/bin/../lib/gcc/powerpc64-ps3-elf/4.5.2/../../../../powerpc64-ps3-elf/lib\libc.a(lib_a-memcpy.o)
                0x00000000000202a8                .memcpy
 .text          0x00000000000203a0        0x0 c:/psdk3v2/ps3dev/ppu/bin/../lib/gcc/powerpc64-ps3-elf/4.5.2/../../../../powerpc64-ps3-elf/lib\libc.a(lib_a-memset.o)
 .text.memset   0x00000000000203a0      0x130 c:/psdk3v2/ps3dev/ppu/bin/../lib/gcc/powerpc64-ps3-elf/4.5.2/../../../../powerpc64-ps3-elf/lib\libc.a(lib_a-memset.o)
                0x00000000000203a0                .memset
 .text          0x00000000000204d0        0x0 c:/psdk3v2/ps3dev/ppu/bin/../lib/gcc/powerpc64-ps3-elf/4.5.2/../../../../powerpc64-ps3-elf/lib\libc.a(lib_a-mlock.o)
 .text.__malloc_lock
                0x00000000000204d0       0x34 c:/psdk3v2/ps3dev/ppu/bin/../lib/gcc/powerpc64-ps3-elf/4.5.2/../../../../powerpc64-ps3-elf/lib\libc.a(lib_a-mlock.o)
                0x00000000000204d0                .__malloc_lock
 *fill*         0x0000000000020504        0x4 60000000
 .text.__malloc_unlock
                0x0000000000020508       0x34 c:/psdk3v2/ps3dev/ppu/bin/../lib/gcc/powerpc64-ps3-elf/4.5.2/../../../../powerpc64-ps3-elf/lib\libc.a(lib_a-mlock.o)
                0x0000000000020508                .__malloc_unlock
 .text          0x000000000002053c        0x0 c:/psdk3v2/ps3dev/ppu/bin/../lib/gcc/powerpc64-ps3-elf/4.5.2/../../../../powerpc64-ps3-elf/lib\libc.a(lib_a-rand.o)
 *fill*         0x000000000002053c        0x4 60000000
 .text.srand    0x0000000000020540       0x40 c:/psdk3v2/ps3dev/ppu/bin/../lib/gcc/powerpc64-ps3-elf/4.5.2/../../../../powerpc64-ps3-elf/lib\libc.a(lib_a-rand.o)
                0x0000000000020540                .srand
 .text.rand     0x0000000000020580       0x78 c:/psdk3v2/ps3dev/ppu/bin/../lib/gcc/powerpc64-ps3-elf/4.5.2/../../../../powerpc64-ps3-elf/lib\libc.a(lib_a-rand.o)
                0x0000000000020580                .rand
 .text          0x00000000000205f8        0x0 c:/psdk3v2/ps3dev/ppu/bin/../lib/gcc/powerpc64-ps3-elf/4.5.2/../../../../powerpc64-ps3-elf/lib\libc.a(lib_a-sscanf.o)
 .text.sscanf   0x00000000000205f8       0xa8 c:/psdk3v2/ps3dev/ppu/bin/../lib/gcc/powerpc64-ps3-elf/4.5.2/../../../../powerpc64-ps3-elf/lib\libc.a(lib_a-sscanf.o)
                0x00000000000205f8                .sscanf
 .text._sscanf_r
                0x00000000000206a0       0xa8 c:/psdk3v2/ps3dev/ppu/bin/../lib/gcc/powerpc64-ps3-elf/4.5.2/../../../../powerpc64-ps3-elf/lib\libc.a(lib_a-sscanf.o)
                0x00000000000206a0                ._sscanf_r
 .text          0x0000000000020748        0x0 c:/psdk3v2/ps3dev/ppu/bin/../lib/gcc/powerpc64-ps3-elf/4.5.2/../../../../powerpc64-ps3-elf/lib\libc.a(lib_a-stdio.o)
 .text.__sread  0x0000000000020748       0x80 c:/psdk3v2/ps3dev/ppu/bin/../lib/gcc/powerpc64-ps3-elf/4.5.2/../../../../powerpc64-ps3-elf/lib\libc.a(lib_a-stdio.o)
                0x0000000000020748                .__sread
 .text.__seofread
                0x00000000000207c8       0x14 c:/psdk3v2/ps3dev/ppu/bin/../lib/gcc/powerpc64-ps3-elf/4.5.2/../../../../powerpc64-ps3-elf/lib\libc.a(lib_a-stdio.o)
                0x00000000000207c8                .__seofread
 *fill*         0x00000000000207dc        0x4 60000000
 .text.__swrite
                0x00000000000207e0       0xbc c:/psdk3v2/ps3dev/ppu/bin/../lib/gcc/powerpc64-ps3-elf/4.5.2/../../../../powerpc64-ps3-elf/lib\libc.a(lib_a-stdio.o)
                0x00000000000207e0                .__swrite
 *fill*         0x000000000002089c        0x4 60000000
 .text.__sseek  0x00000000000208a0       0x88 c:/psdk3v2/ps3dev/ppu/bin/../lib/gcc/powerpc64-ps3-elf/4.5.2/../../../../powerpc64-ps3-elf/lib\libc.a(lib_a-stdio.o)
                0x00000000000208a0                .__sseek
 .text.__sclose
                0x0000000000020928       0x3c c:/psdk3v2/ps3dev/ppu/bin/../lib/gcc/powerpc64-ps3-elf/4.5.2/../../../../powerpc64-ps3-elf/lib\libc.a(lib_a-stdio.o)
                0x0000000000020928                .__sclose
 .text          0x0000000000020964        0x0 c:/psdk3v2/ps3dev/ppu/bin/../lib/gcc/powerpc64-ps3-elf/4.5.2/../../../../powerpc64-ps3-elf/lib\libc.a(lib_a-strcasecmp.o)
 *fill*         0x0000000000020964        0x4 60000000
 .text.strcasecmp
                0x0000000000020968       0xb8 c:/psdk3v2/ps3dev/ppu/bin/../lib/gcc/powerpc64-ps3-elf/4.5.2/../../../../powerpc64-ps3-elf/lib\libc.a(lib_a-strcasecmp.o)
                0x0000000000020968                .strcasecmp
 .text          0x0000000000020a20        0x0 c:/psdk3v2/ps3dev/ppu/bin/../lib/gcc/powerpc64-ps3-elf/4.5.2/../../../../powerpc64-ps3-elf/lib\libc.a(lib_a-strlen.o)
 .text.strlen   0x0000000000020a20       0xe4 c:/psdk3v2/ps3dev/ppu/bin/../lib/gcc/powerpc64-ps3-elf/4.5.2/../../../../powerpc64-ps3-elf/lib\libc.a(lib_a-strlen.o)
                0x0000000000020a20                .strlen
 .text          0x0000000000020b04        0x0 c:/psdk3v2/ps3dev/ppu/bin/../lib/gcc/powerpc64-ps3-elf/4.5.2/../../../../powerpc64-ps3-elf/lib\libc.a(lib_a-strncpy.o)
 *fill*         0x0000000000020b04        0x4 60000000
 .text.strncpy  0x0000000000020b08      0x100 c:/psdk3v2/ps3dev/ppu/bin/../lib/gcc/powerpc64-ps3-elf/4.5.2/../../../../powerpc64-ps3-elf/lib\libc.a(lib_a-strncpy.o)
                0x0000000000020b08                .strncpy
 .text          0x0000000000020c08        0x0 c:/psdk3v2/ps3dev/ppu/bin/../lib/gcc/powerpc64-ps3-elf/4.5.2/../../../../powerpc64-ps3-elf/lib\libc.a(lib_a-svfscanf.o)
 .text.__ssvfscanf_r
                0x0000000000020c08     0x18d8 c:/psdk3v2/ps3dev/ppu/bin/../lib/gcc/powerpc64-ps3-elf/4.5.2/../../../../powerpc64-ps3-elf/lib\libc.a(lib_a-svfscanf.o)
                0x0000000000020c08                .__ssvfscanf_r
 .text          0x00000000000224e0        0x0 c:/psdk3v2/ps3dev/ppu/bin/../lib/gcc/powerpc64-ps3-elf/4.5.2/../../../../powerpc64-ps3-elf/lib\libc.a(lib_a-__atexit.o)
 .text.__register_exitproc
                0x00000000000224e0      0x188 c:/psdk3v2/ps3dev/ppu/bin/../lib/gcc/powerpc64-ps3-elf/4.5.2/../../../../powerpc64-ps3-elf/lib\libc.a(lib_a-__atexit.o)
                0x00000000000224e0                .__register_exitproc
 .text          0x0000000000022668        0x0 c:/psdk3v2/ps3dev/ppu/bin/../lib/gcc/powerpc64-ps3-elf/4.5.2/../../../../powerpc64-ps3-elf/lib\libc.a(lib_a-__call_atexit.o)
 .text.__call_exitprocs
                0x0000000000022668      0x250 c:/psdk3v2/ps3dev/ppu/bin/../lib/gcc/powerpc64-ps3-elf/4.5.2/../../../../powerpc64-ps3-elf/lib\libc.a(lib_a-__call_atexit.o)
                0x0000000000022668                .__call_exitprocs
 .text          0x00000000000228b8        0x0 c:/psdk3v2/ps3dev/ppu/bin/../lib/gcc/powerpc64-ps3-elf/4.5.2/../../../../powerpc64-ps3-elf/lib\libc.a(lib_a-ctype_.o)
 .text          0x00000000000228b8        0x0 c:/psdk3v2/ps3dev/ppu/bin/../lib/gcc/powerpc64-ps3-elf/4.5.2/../../../../powerpc64-ps3-elf/lib\libc.a(lib_a-findfp.o)
 .text._cleanup_r
                0x00000000000228b8       0x34 c:/psdk3v2/ps3dev/ppu/bin/../lib/gcc/powerpc64-ps3-elf/4.5.2/../../../../powerpc64-ps3-elf/lib\libc.a(lib_a-findfp.o)
                0x00000000000228b8                ._cleanup_r
 *fill*         0x00000000000228ec        0x4 60000000
 .text.__fp_unlock
                0x00000000000228f0       0x48 c:/psdk3v2/ps3dev/ppu/bin/../lib/gcc/powerpc64-ps3-elf/4.5.2/../../../../powerpc64-ps3-elf/lib\libc.a(lib_a-findfp.o)
 .text.__fp_lock
                0x0000000000022938       0x48 c:/psdk3v2/ps3dev/ppu/bin/../lib/gcc/powerpc64-ps3-elf/4.5.2/../../../../powerpc64-ps3-elf/lib\libc.a(lib_a-findfp.o)
 .text.__sfmoreglue
                0x0000000000022980       0x94 c:/psdk3v2/ps3dev/ppu/bin/../lib/gcc/powerpc64-ps3-elf/4.5.2/../../../../powerpc64-ps3-elf/lib\libc.a(lib_a-findfp.o)
                0x0000000000022980                .__sfmoreglue
 *fill*         0x0000000000022a14        0x4 60000000
 .text._cleanup
                0x0000000000022a18       0x18 c:/psdk3v2/ps3dev/ppu/bin/../lib/gcc/powerpc64-ps3-elf/4.5.2/../../../../powerpc64-ps3-elf/lib\libc.a(lib_a-findfp.o)
                0x0000000000022a18                ._cleanup
 .text.__sfp_lock_acquire
                0x0000000000022a30       0x34 c:/psdk3v2/ps3dev/ppu/bin/../lib/gcc/powerpc64-ps3-elf/4.5.2/../../../../powerpc64-ps3-elf/lib\libc.a(lib_a-findfp.o)
                0x0000000000022a30                .__sfp_lock_acquire
 *fill*         0x0000000000022a64        0x4 60000000
 .text.__sfp_lock_release
                0x0000000000022a68       0x34 c:/psdk3v2/ps3dev/ppu/bin/../lib/gcc/powerpc64-ps3-elf/4.5.2/../../../../powerpc64-ps3-elf/lib\libc.a(lib_a-findfp.o)
                0x0000000000022a68                .__sfp_lock_release
 *fill*         0x0000000000022a9c        0x4 60000000
 .text.__sinit_lock_acquire
                0x0000000000022aa0       0x34 c:/psdk3v2/ps3dev/ppu/bin/../lib/gcc/powerpc64-ps3-elf/4.5.2/../../../../powerpc64-ps3-elf/lib\libc.a(lib_a-findfp.o)
                0x0000000000022aa0                .__sinit_lock_acquire
 *fill*         0x0000000000022ad4        0x4 60000000
 .text.__sinit_lock_release
                0x0000000000022ad8       0x34 c:/psdk3v2/ps3dev/ppu/bin/../lib/gcc/powerpc64-ps3-elf/4.5.2/../../../../powerpc64-ps3-elf/lib\libc.a(lib_a-findfp.o)
                0x0000000000022ad8                .__sinit_lock_release
 *fill*         0x0000000000022b0c        0x4 60000000
 .text.__sinit  0x0000000000022b10      0x1d8 c:/psdk3v2/ps3dev/ppu/bin/../lib/gcc/powerpc64-ps3-elf/4.5.2/../../../../powerpc64-ps3-elf/lib\libc.a(lib_a-findfp.o)
                0x0000000000022b10                .__sinit
 .text.__sfp    0x0000000000022ce8      0x190 c:/psdk3v2/ps3dev/ppu/bin/../lib/gcc/powerpc64-ps3-elf/4.5.2/../../../../powerpc64-ps3-elf/lib\libc.a(lib_a-findfp.o)
                0x0000000000022ce8                .__sfp
 .text.__fp_lock_all
                0x0000000000022e78       0x40 c:/psdk3v2/ps3dev/ppu/bin/../lib/gcc/powerpc64-ps3-elf/4.5.2/../../../../powerpc64-ps3-elf/lib\libc.a(lib_a-findfp.o)
                0x0000000000022e78                .__fp_lock_all
 .text.__fp_unlock_all
                0x0000000000022eb8       0x3c c:/psdk3v2/ps3dev/ppu/bin/../lib/gcc/powerpc64-ps3-elf/4.5.2/../../../../powerpc64-ps3-elf/lib\libc.a(lib_a-findfp.o)
                0x0000000000022eb8                .__fp_unlock_all
 .text          0x0000000000022ef4        0x0 c:/psdk3v2/ps3dev/ppu/bin/../lib/gcc/powerpc64-ps3-elf/4.5.2/../../../../powerpc64-ps3-elf/lib\libc.a(lib_a-freer.o)
 *fill*         0x0000000000022ef4        0x4 60000000
 .text._malloc_trim_r
                0x0000000000022ef8      0x15c c:/psdk3v2/ps3dev/ppu/bin/../lib/gcc/powerpc64-ps3-elf/4.5.2/../../../../powerpc64-ps3-elf/lib\libc.a(lib_a-freer.o)
                0x0000000000022ef8                ._malloc_trim_r
 *fill*         0x0000000000023054        0x4 60000000
 .text._free_r  0x0000000000023058      0x310 c:/psdk3v2/ps3dev/ppu/bin/../lib/gcc/powerpc64-ps3-elf/4.5.2/../../../../powerpc64-ps3-elf/lib\libc.a(lib_a-freer.o)
                0x0000000000023058                ._free_r
 .text          0x0000000000023368        0x0 c:/psdk3v2/ps3dev/ppu/bin/../lib/gcc/powerpc64-ps3-elf/4.5.2/../../../../powerpc64-ps3-elf/lib\libc.a(lib_a-fwalk.o)
 .text._fwalk   0x0000000000023368       0xfc c:/psdk3v2/ps3dev/ppu/bin/../lib/gcc/powerpc64-ps3-elf/4.5.2/../../../../powerpc64-ps3-elf/lib\libc.a(lib_a-fwalk.o)
                0x0000000000023368                ._fwalk
 *fill*         0x0000000000023464        0x4 60000000
 .text._fwalk_reent
                0x0000000000023468      0x108 c:/psdk3v2/ps3dev/ppu/bin/../lib/gcc/powerpc64-ps3-elf/4.5.2/../../../../powerpc64-ps3-elf/lib\libc.a(lib_a-fwalk.o)
                0x0000000000023468                ._fwalk_reent
 .text          0x0000000000023570        0x0 c:/psdk3v2/ps3dev/ppu/bin/../lib/gcc/powerpc64-ps3-elf/4.5.2/../../../../powerpc64-ps3-elf/lib\libc.a(lib_a-iswspace.o)
 .text.iswspace
                0x0000000000023570       0x3c c:/psdk3v2/ps3dev/ppu/bin/../lib/gcc/powerpc64-ps3-elf/4.5.2/../../../../powerpc64-ps3-elf/lib\libc.a(lib_a-iswspace.o)
                0x0000000000023570                .iswspace
 .text          0x00000000000235ac        0x0 c:/psdk3v2/ps3dev/ppu/bin/../lib/gcc/powerpc64-ps3-elf/4.5.2/../../../../powerpc64-ps3-elf/lib\libc.a(lib_a-locale.o)
 *fill*         0x00000000000235ac        0x4 60000000
 .text._setlocale_r
                0x00000000000235b0       0xa8 c:/psdk3v2/ps3dev/ppu/bin/../lib/gcc/powerpc64-ps3-elf/4.5.2/../../../../powerpc64-ps3-elf/lib\libc.a(lib_a-locale.o)
                0x00000000000235b0                ._setlocale_r
 .text.__locale_charset
                0x0000000000023658       0x14 c:/psdk3v2/ps3dev/ppu/bin/../lib/gcc/powerpc64-ps3-elf/4.5.2/../../../../powerpc64-ps3-elf/lib\libc.a(lib_a-locale.o)
                0x0000000000023658                .__locale_charset
 *fill*         0x000000000002366c        0x4 60000000
 .text.__locale_mb_cur_max
                0x0000000000023670       0x1c c:/psdk3v2/ps3dev/ppu/bin/../lib/gcc/powerpc64-ps3-elf/4.5.2/../../../../powerpc64-ps3-elf/lib\libc.a(lib_a-locale.o)
                0x0000000000023670                .__locale_mb_cur_max
 *fill*         0x000000000002368c        0x4 60000000
 .text.__locale_msgcharset
                0x0000000000023690       0x14 c:/psdk3v2/ps3dev/ppu/bin/../lib/gcc/powerpc64-ps3-elf/4.5.2/../../../../powerpc64-ps3-elf/lib\libc.a(lib_a-locale.o)
                0x0000000000023690                .__locale_msgcharset
 *fill*         0x00000000000236a4        0x4 60000000
 .text.__locale_cjk_lang
                0x00000000000236a8       0x14 c:/psdk3v2/ps3dev/ppu/bin/../lib/gcc/powerpc64-ps3-elf/4.5.2/../../../../powerpc64-ps3-elf/lib\libc.a(lib_a-locale.o)
                0x00000000000236a8                .__locale_cjk_lang
 *fill*         0x00000000000236bc        0x4 60000000
 .text._localeconv_r
                0x00000000000236c0       0x14 c:/psdk3v2/ps3dev/ppu/bin/../lib/gcc/powerpc64-ps3-elf/4.5.2/../../../../powerpc64-ps3-elf/lib\libc.a(lib_a-locale.o)
                0x00000000000236c0                ._localeconv_r
 *fill*         0x00000000000236d4        0x4 60000000
 .text.setlocale
                0x00000000000236d8       0x50 c:/psdk3v2/ps3dev/ppu/bin/../lib/gcc/powerpc64-ps3-elf/4.5.2/../../../../powerpc64-ps3-elf/lib\libc.a(lib_a-locale.o)
                0x00000000000236d8                .setlocale
 .text.localeconv
                0x0000000000023728       0x34 c:/psdk3v2/ps3dev/ppu/bin/../lib/gcc/powerpc64-ps3-elf/4.5.2/../../../../powerpc64-ps3-elf/lib\libc.a(lib_a-locale.o)
                0x0000000000023728                .localeconv
 .text          0x000000000002375c        0x0 c:/psdk3v2/ps3dev/ppu/bin/../lib/gcc/powerpc64-ps3-elf/4.5.2/../../../../powerpc64-ps3-elf/lib\libc.a(lib_a-lock_recursive.o)
 *fill*         0x000000000002375c        0x4 60000000
 .text.__libc_lock_init_recursive
                0x0000000000023760       0x34 c:/psdk3v2/ps3dev/ppu/bin/../lib/gcc/powerpc64-ps3-elf/4.5.2/../../../../powerpc64-ps3-elf/lib\libc.a(lib_a-lock_recursive.o)
                0x0000000000023760                .__libc_lock_init_recursive
 *fill*         0x0000000000023794        0x4 60000000
 .text.__libc_lock_close_recursive
                0x0000000000023798       0x30 c:/psdk3v2/ps3dev/ppu/bin/../lib/gcc/powerpc64-ps3-elf/4.5.2/../../../../powerpc64-ps3-elf/lib\libc.a(lib_a-lock_recursive.o)
                0x0000000000023798                .__libc_lock_close_recursive
 .text.__libc_lock_acquire_recursive
                0x00000000000237c8       0x58 c:/psdk3v2/ps3dev/ppu/bin/../lib/gcc/powerpc64-ps3-elf/4.5.2/../../../../powerpc64-ps3-elf/lib\libc.a(lib_a-lock_recursive.o)
                0x00000000000237c8                .__libc_lock_acquire_recursive
 .text.__libc_lock_try_acquire_recursive
                0x0000000000023820       0x54 c:/psdk3v2/ps3dev/ppu/bin/../lib/gcc/powerpc64-ps3-elf/4.5.2/../../../../powerpc64-ps3-elf/lib\libc.a(lib_a-lock_recursive.o)
                0x0000000000023820                .__libc_lock_try_acquire_recursive
 *fill*         0x0000000000023874        0x4 60000000
 .text.__libc_lock_release_recursive
                0x0000000000023878       0x54 c:/psdk3v2/ps3dev/ppu/bin/../lib/gcc/powerpc64-ps3-elf/4.5.2/../../../../powerpc64-ps3-elf/lib\libc.a(lib_a-lock_recursive.o)
                0x0000000000023878                .__libc_lock_release_recursive
 .text          0x00000000000238cc        0x0 c:/psdk3v2/ps3dev/ppu/bin/../lib/gcc/powerpc64-ps3-elf/4.5.2/../../../../powerpc64-ps3-elf/lib\libc.a(lib_a-mbrtowc.o)
 *fill*         0x00000000000238cc        0x4 60000000
 .text._mbrtowc_r
                0x00000000000238d0      0x10c c:/psdk3v2/ps3dev/ppu/bin/../lib/gcc/powerpc64-ps3-elf/4.5.2/../../../../powerpc64-ps3-elf/lib\libc.a(lib_a-mbrtowc.o)
                0x00000000000238d0                ._mbrtowc_r
 *fill*         0x00000000000239dc        0x4 60000000
 .text.mbrtowc  0x00000000000239e0      0x170 c:/psdk3v2/ps3dev/ppu/bin/../lib/gcc/powerpc64-ps3-elf/4.5.2/../../../../powerpc64-ps3-elf/lib\libc.a(lib_a-mbrtowc.o)
                0x00000000000239e0                .mbrtowc
 .text          0x0000000000023b50        0x0 c:/psdk3v2/ps3dev/ppu/bin/../lib/gcc/powerpc64-ps3-elf/4.5.2/../../../../powerpc64-ps3-elf/lib\libc.a(lib_a-mbtowc_r.o)
 .text.__ascii_mbtowc
                0x0000000000023b50       0x58 c:/psdk3v2/ps3dev/ppu/bin/../lib/gcc/powerpc64-ps3-elf/4.5.2/../../../../powerpc64-ps3-elf/lib\libc.a(lib_a-mbtowc_r.o)
                0x0000000000023b50                .__ascii_mbtowc
 .text._mbtowc_r
                0x0000000000023ba8       0x98 c:/psdk3v2/ps3dev/ppu/bin/../lib/gcc/powerpc64-ps3-elf/4.5.2/../../../../powerpc64-ps3-elf/lib\libc.a(lib_a-mbtowc_r.o)
                0x0000000000023ba8                ._mbtowc_r
 .text          0x0000000000023c40        0x0 c:/psdk3v2/ps3dev/ppu/bin/../lib/gcc/powerpc64-ps3-elf/4.5.2/../../../../powerpc64-ps3-elf/lib\libc.a(lib_a-s_fpclassify.o)
 .text.__fpclassifyd
                0x0000000000023c40       0xc4 c:/psdk3v2/ps3dev/ppu/bin/../lib/gcc/powerpc64-ps3-elf/4.5.2/../../../../powerpc64-ps3-elf/lib\libc.a(lib_a-s_fpclassify.o)
                0x0000000000023c40                .__fpclassifyd
 .text          0x0000000000023d04        0x0 c:/psdk3v2/ps3dev/ppu/bin/../lib/gcc/powerpc64-ps3-elf/4.5.2/../../../../powerpc64-ps3-elf/lib\libc.a(lib_a-sccl.o)
 *fill*         0x0000000000023d04        0x4 60000000
 .text.__sccl   0x0000000000023d08      0x120 c:/psdk3v2/ps3dev/ppu/bin/../lib/gcc/powerpc64-ps3-elf/4.5.2/../../../../powerpc64-ps3-elf/lib\libc.a(lib_a-sccl.o)
                0x0000000000023d08                .__sccl
 .text          0x0000000000023e28        0x0 c:/psdk3v2/ps3dev/ppu/bin/../lib/gcc/powerpc64-ps3-elf/4.5.2/../../../../powerpc64-ps3-elf/lib\libc.a(lib_a-sf_nan.o)
 .text.nanf     0x0000000000023e28       0x18 c:/psdk3v2/ps3dev/ppu/bin/../lib/gcc/powerpc64-ps3-elf/4.5.2/../../../../powerpc64-ps3-elf/lib\libc.a(lib_a-sf_nan.o)
                0x0000000000023e28                .nanf
 .text          0x0000000000023e40        0x0 c:/psdk3v2/ps3dev/ppu/bin/../lib/gcc/powerpc64-ps3-elf/4.5.2/../../../../powerpc64-ps3-elf/lib\libc.a(lib_a-sprintf.o)
 .text._sprintf_r
                0x0000000000023e40       0x84 c:/psdk3v2/ps3dev/ppu/bin/../lib/gcc/powerpc64-ps3-elf/4.5.2/../../../../powerpc64-ps3-elf/lib\libc.a(lib_a-sprintf.o)
                0x0000000000023e40                ._sprintf_r
 *fill*         0x0000000000023ec4        0x4 60000000
 .text.sprintf  0x0000000000023ec8       0x9c c:/psdk3v2/ps3dev/ppu/bin/../lib/gcc/powerpc64-ps3-elf/4.5.2/../../../../powerpc64-ps3-elf/lib\libc.a(lib_a-sprintf.o)
                0x0000000000023ec8                .sprintf
 .text          0x0000000000023f64        0x0 c:/psdk3v2/ps3dev/ppu/bin/../lib/gcc/powerpc64-ps3-elf/4.5.2/../../../../powerpc64-ps3-elf/lib\libc.a(lib_a-strcmp.o)
 *fill*         0x0000000000023f64        0x4 60000000
 .text.strcmp   0x0000000000023f68       0xfc c:/psdk3v2/ps3dev/ppu/bin/../lib/gcc/powerpc64-ps3-elf/4.5.2/../../../../powerpc64-ps3-elf/lib\libc.a(lib_a-strcmp.o)
                0x0000000000023f68                .strcmp
 .text          0x0000000000024064        0x0 c:/psdk3v2/ps3dev/ppu/bin/../lib/gcc/powerpc64-ps3-elf/4.5.2/../../../../powerpc64-ps3-elf/lib\libc.a(lib_a-strtod.o)
 *fill*         0x0000000000024064        0x4 60000000
 .text.match    0x0000000000024068       0x6c c:/psdk3v2/ps3dev/ppu/bin/../lib/gcc/powerpc64-ps3-elf/4.5.2/../../../../powerpc64-ps3-elf/lib\libc.a(lib_a-strtod.o)
 *fill*         0x00000000000240d4        0x4 60000000
 .text._strtod_r
                0x00000000000240d8     0x1578 c:/psdk3v2/ps3dev/ppu/bin/../lib/gcc/powerpc64-ps3-elf/4.5.2/../../../../powerpc64-ps3-elf/lib\libc.a(lib_a-strtod.o)
                0x00000000000240d8                ._strtod_r
 .text.strtod   0x0000000000025650       0x50 c:/psdk3v2/ps3dev/ppu/bin/../lib/gcc/powerpc64-ps3-elf/4.5.2/../../../../powerpc64-ps3-elf/lib\libc.a(lib_a-strtod.o)
                0x0000000000025650                .strtod
 .text.strtof   0x00000000000256a0       0x98 c:/psdk3v2/ps3dev/ppu/bin/../lib/gcc/powerpc64-ps3-elf/4.5.2/../../../../powerpc64-ps3-elf/lib\libc.a(lib_a-strtod.o)
                0x00000000000256a0                .strtof
 .text          0x0000000000025738        0x0 c:/psdk3v2/ps3dev/ppu/bin/../lib/gcc/powerpc64-ps3-elf/4.5.2/../../../../powerpc64-ps3-elf/lib\libc.a(lib_a-strtol.o)
 .text._strtol_r
                0x0000000000025738      0x24c c:/psdk3v2/ps3dev/ppu/bin/../lib/gcc/powerpc64-ps3-elf/4.5.2/../../../../powerpc64-ps3-elf/lib\libc.a(lib_a-strtol.o)
                0x0000000000025738                ._strtol_r
 *fill*         0x0000000000025984        0x4 60000000
 .text.strtol   0x0000000000025988       0x60 c:/psdk3v2/ps3dev/ppu/bin/../lib/gcc/powerpc64-ps3-elf/4.5.2/../../../../powerpc64-ps3-elf/lib\libc.a(lib_a-strtol.o)
                0x0000000000025988                .strtol
 .text          0x00000000000259e8        0x0 c:/psdk3v2/ps3dev/ppu/bin/../lib/gcc/powerpc64-ps3-elf/4.5.2/../../../../powerpc64-ps3-elf/lib\libc.a(lib_a-strtoll_r.o)
 .text._strtoll_r
                0x00000000000259e8      0x24c c:/psdk3v2/ps3dev/ppu/bin/../lib/gcc/powerpc64-ps3-elf/4.5.2/../../../../powerpc64-ps3-elf/lib\libc.a(lib_a-strtoll_r.o)
                0x00000000000259e8                ._strtoll_r
 .text          0x0000000000025c34        0x0 c:/psdk3v2/ps3dev/ppu/bin/../lib/gcc/powerpc64-ps3-elf/4.5.2/../../../../powerpc64-ps3-elf/lib\libc.a(lib_a-strtoul.o)
 *fill*         0x0000000000025c34        0x4 60000000
 .text._strtoul_r
                0x0000000000025c38      0x230 c:/psdk3v2/ps3dev/ppu/bin/../lib/gcc/powerpc64-ps3-elf/4.5.2/../../../../powerpc64-ps3-elf/lib\libc.a(lib_a-strtoul.o)
                0x0000000000025c38                ._strtoul_r
 .text.strtoul  0x0000000000025e68       0x60 c:/psdk3v2/ps3dev/ppu/bin/../lib/gcc/powerpc64-ps3-elf/4.5.2/../../../../powerpc64-ps3-elf/lib\libc.a(lib_a-strtoul.o)
                0x0000000000025e68                .strtoul
 .text          0x0000000000025ec8        0x0 c:/psdk3v2/ps3dev/ppu/bin/../lib/gcc/powerpc64-ps3-elf/4.5.2/../../../../powerpc64-ps3-elf/lib\libc.a(lib_a-strtoull_r.o)
 .text._strtoull_r
                0x0000000000025ec8      0x230 c:/psdk3v2/ps3dev/ppu/bin/../lib/gcc/powerpc64-ps3-elf/4.5.2/../../../../powerpc64-ps3-elf/lib\libc.a(lib_a-strtoull_r.o)
                0x0000000000025ec8                ._strtoull_r
 .text          0x00000000000260f8        0x0 c:/psdk3v2/ps3dev/ppu/bin/../lib/gcc/powerpc64-ps3-elf/4.5.2/../../../../powerpc64-ps3-elf/lib\libc.a(lib_a-svfiscanf.o)
 .text._sungetc_r
                0x00000000000260f8      0x158 c:/psdk3v2/ps3dev/ppu/bin/../lib/gcc/powerpc64-ps3-elf/4.5.2/../../../../powerpc64-ps3-elf/lib\libc.a(lib_a-svfiscanf.o)
                0x00000000000260f8                ._sungetc_r
 .text.__ssrefill_r
                0x0000000000026250       0xa0 c:/psdk3v2/ps3dev/ppu/bin/../lib/gcc/powerpc64-ps3-elf/4.5.2/../../../../powerpc64-ps3-elf/lib\libc.a(lib_a-svfiscanf.o)
                0x0000000000026250                .__ssrefill_r
 .text._sfread_r
                0x00000000000262f0      0x194 c:/psdk3v2/ps3dev/ppu/bin/../lib/gcc/powerpc64-ps3-elf/4.5.2/../../../../powerpc64-ps3-elf/lib\libc.a(lib_a-svfiscanf.o)
                0x00000000000262f0                ._sfread_r
 *fill*         0x0000000000026484        0x4 60000000
 .text.__ssvfiscanf_r
                0x0000000000026488     0x1208 c:/psdk3v2/ps3dev/ppu/bin/../lib/gcc/powerpc64-ps3-elf/4.5.2/../../../../powerpc64-ps3-elf/lib\libc.a(lib_a-svfiscanf.o)
                0x0000000000026488                .__ssvfiscanf_r
 .text          0x0000000000027690        0x0 c:/psdk3v2/ps3dev/ppu/bin/../lib/gcc/powerpc64-ps3-elf/4.5.2/../../../../powerpc64-ps3-elf/lib\libc.a(lib_a-svfprintf.o)
 .text._svfprintf_r
                0x0000000000027690     0x2120 c:/psdk3v2/ps3dev/ppu/bin/../lib/gcc/powerpc64-ps3-elf/4.5.2/../../../../powerpc64-ps3-elf/lib\libc.a(lib_a-svfprintf.o)
                0x0000000000027690                ._svfprintf_r